Archive member included to satisfy reference by file (symbol)

C:/ST/STM32CubeIDE_1.8.0/STM32CubeIDE/plugins/com.st.stm32cube.ide.mcu.externaltools.gnu-tools-for-stm32.11.3.rel1.win32_1.1.100.202309141235/tools/bin/../lib/gcc/arm-none-eabi/11.3.1/../../../../arm-none-eabi/lib/thumb/v7e-m+fp/hard\libc_nano.a(libc_a-atoi.o)
                              ./Middlewares/Third_Party/LwIP/src/core/netif.o (atoi)
C:/ST/STM32CubeIDE_1.8.0/STM32CubeIDE/plugins/com.st.stm32cube.ide.mcu.externaltools.gnu-tools-for-stm32.11.3.rel1.win32_1.1.100.202309141235/tools/bin/../lib/gcc/arm-none-eabi/11.3.1/../../../../arm-none-eabi/lib/thumb/v7e-m+fp/hard\libc_nano.a(libc_a-exit.o)
                              C:/ST/STM32CubeIDE_1.8.0/STM32CubeIDE/plugins/com.st.stm32cube.ide.mcu.externaltools.gnu-tools-for-stm32.11.3.rel1.win32_1.1.100.202309141235/tools/bin/../lib/gcc/arm-none-eabi/11.3.1/../../../../arm-none-eabi/lib/thumb/v7e-m+fp/hard/crt0.o (exit)
C:/ST/STM32CubeIDE_1.8.0/STM32CubeIDE/plugins/com.st.stm32cube.ide.mcu.externaltools.gnu-tools-for-stm32.11.3.rel1.win32_1.1.100.202309141235/tools/bin/../lib/gcc/arm-none-eabi/11.3.1/../../../../arm-none-eabi/lib/thumb/v7e-m+fp/hard\libc_nano.a(libc_a-rand.o)
                              ./Middlewares/Third_Party/LwIP/src/core/tcp.o (rand)
C:/ST/STM32CubeIDE_1.8.0/STM32CubeIDE/plugins/com.st.stm32cube.ide.mcu.externaltools.gnu-tools-for-stm32.11.3.rel1.win32_1.1.100.202309141235/tools/bin/../lib/gcc/arm-none-eabi/11.3.1/../../../../arm-none-eabi/lib/thumb/v7e-m+fp/hard\libc_nano.a(libc_a-strtol.o)
                              C:/ST/STM32CubeIDE_1.8.0/STM32CubeIDE/plugins/com.st.stm32cube.ide.mcu.externaltools.gnu-tools-for-stm32.11.3.rel1.win32_1.1.100.202309141235/tools/bin/../lib/gcc/arm-none-eabi/11.3.1/../../../../arm-none-eabi/lib/thumb/v7e-m+fp/hard\libc_nano.a(libc_a-atoi.o) (_strtol_r)
C:/ST/STM32CubeIDE_1.8.0/STM32CubeIDE/plugins/com.st.stm32cube.ide.mcu.externaltools.gnu-tools-for-stm32.11.3.rel1.win32_1.1.100.202309141235/tools/bin/../lib/gcc/arm-none-eabi/11.3.1/../../../../arm-none-eabi/lib/thumb/v7e-m+fp/hard\libc_nano.a(libc_a-ctype_.o)
                              ./Middlewares/Third_Party/LwIP/src/core/ipv4/ip4_addr.o (_ctype_)
C:/ST/STM32CubeIDE_1.8.0/STM32CubeIDE/plugins/com.st.stm32cube.ide.mcu.externaltools.gnu-tools-for-stm32.11.3.rel1.win32_1.1.100.202309141235/tools/bin/../lib/gcc/arm-none-eabi/11.3.1/../../../../arm-none-eabi/lib/thumb/v7e-m+fp/hard\libc_nano.a(libc_a-findfp.o)
                              ./Middlewares/Third_Party/FreeRTOS/Source/tasks.o (__sf)
C:/ST/STM32CubeIDE_1.8.0/STM32CubeIDE/plugins/com.st.stm32cube.ide.mcu.externaltools.gnu-tools-for-stm32.11.3.rel1.win32_1.1.100.202309141235/tools/bin/../lib/gcc/arm-none-eabi/11.3.1/../../../../arm-none-eabi/lib/thumb/v7e-m+fp/hard\libc_nano.a(libc_a-fwalk.o)
                              C:/ST/STM32CubeIDE_1.8.0/STM32CubeIDE/plugins/com.st.stm32cube.ide.mcu.externaltools.gnu-tools-for-stm32.11.3.rel1.win32_1.1.100.202309141235/tools/bin/../lib/gcc/arm-none-eabi/11.3.1/../../../../arm-none-eabi/lib/thumb/v7e-m+fp/hard\libc_nano.a(libc_a-findfp.o) (_fwalk_sglue)
C:/ST/STM32CubeIDE_1.8.0/STM32CubeIDE/plugins/com.st.stm32cube.ide.mcu.externaltools.gnu-tools-for-stm32.11.3.rel1.win32_1.1.100.202309141235/tools/bin/../lib/gcc/arm-none-eabi/11.3.1/../../../../arm-none-eabi/lib/thumb/v7e-m+fp/hard\libc_nano.a(libc_a-printf.o)
                              ./LWIP/Target/ethernetif.o (printf)
C:/ST/STM32CubeIDE_1.8.0/STM32CubeIDE/plugins/com.st.stm32cube.ide.mcu.externaltools.gnu-tools-for-stm32.11.3.rel1.win32_1.1.100.202309141235/tools/bin/../lib/gcc/arm-none-eabi/11.3.1/../../../../arm-none-eabi/lib/thumb/v7e-m+fp/hard\libc_nano.a(libc_a-stdio.o)
                              C:/ST/STM32CubeIDE_1.8.0/STM32CubeIDE/plugins/com.st.stm32cube.ide.mcu.externaltools.gnu-tools-for-stm32.11.3.rel1.win32_1.1.100.202309141235/tools/bin/../lib/gcc/arm-none-eabi/11.3.1/../../../../arm-none-eabi/lib/thumb/v7e-m+fp/hard\libc_nano.a(libc_a-findfp.o) (__sread)
C:/ST/STM32CubeIDE_1.8.0/STM32CubeIDE/plugins/com.st.stm32cube.ide.mcu.externaltools.gnu-tools-for-stm32.11.3.rel1.win32_1.1.100.202309141235/tools/bin/../lib/gcc/arm-none-eabi/11.3.1/../../../../arm-none-eabi/lib/thumb/v7e-m+fp/hard\libc_nano.a(libc_a-memcmp.o)
                              ./Middlewares/Third_Party/LwIP/src/netif/bridgeif_fdb.o (memcmp)
C:/ST/STM32CubeIDE_1.8.0/STM32CubeIDE/plugins/com.st.stm32cube.ide.mcu.externaltools.gnu-tools-for-stm32.11.3.rel1.win32_1.1.100.202309141235/tools/bin/../lib/gcc/arm-none-eabi/11.3.1/../../../../arm-none-eabi/lib/thumb/v7e-m+fp/hard\libc_nano.a(libc_a-memmove.o)
                              ./Middlewares/Third_Party/LwIP/src/core/def.o (memmove)
[...]
Memory Configuration

Name             Origin             Length             Attributes
RAM              0x0000000020000000 0x0000000000050000 xrw
FLASH            0x0000000008000000 0x0000000000100000 xr
*default*        0x0000000000000000 0xffffffffffffffff

Linker script and memory map

LOAD C:/ST/STM32CubeIDE_1.8.0/STM32CubeIDE/plugins/com.st.stm32cube.ide.mcu.externaltools.gnu-tools-for-stm32.11.3.rel1.win32_1.1.100.202309141235/tools/bin/../lib/gcc/arm-none-eabi/11.3.1/thumb/v7e-m+fp/hard/crti.o
LOAD C:/ST/STM32CubeIDE_1.8.0/STM32CubeIDE/plugins/com.st.stm32cube.ide.mcu.externaltools.gnu-tools-for-stm32.11.3.rel1.win32_1.1.100.202309141235/tools/bin/../lib/gcc/arm-none-eabi/11.3.1/thumb/v7e-m+fp/hard/crtbegin.o
LOAD C:/ST/STM32CubeIDE_1.8.0/STM32CubeIDE/plugins/com.st.stm32cube.ide.mcu.externaltools.gnu-tools-for-stm32.11.3.rel1.win32_1.1.100.202309141235/tools/bin/../lib/gcc/arm-none-eabi/11.3.1/../../../../arm-none-eabi/lib/thumb/v7e-m+fp/hard/crt0.o
LOAD ./Core/Src/adc.o
LOAD ./Core/Src/can.o
LOAD ./Core/Src/dac.o
LOAD ./Core/Src/dma.o
LOAD ./Core/Src/freertos.o
LOAD ./Core/Src/gpio.o
LOAD ./Core/Src/i2c.o
LOAD ./Core/Src/main.o
LOAD ./Core/Src/spi.o
LOAD ./Core/Src/stm32f7xx_hal_msp.o
LOAD ./Core/Src/stm32f7xx_hal_timebase_tim.o
LOAD ./Core/Src/stm32f7xx_it.o
LOAD ./Core/Src/syscalls.o
LOAD ./Core/Src/sysmem.o
LOAD ./Core/Src/system_stm32f7xx.o
LOAD ./Core/Src/usart.o
LOAD ./Core/Startup/startup_stm32f746zgtx.o
LOAD ./Drivers/BSP/Components/lan8742/lan8742.o
LOAD ./Drivers/STM32F7xx_HAL_Driver/Src/stm32f7xx_hal.o
LOAD ./Drivers/STM32F7xx_HAL_Driver/Src/stm32f7xx_hal_adc.o
LOAD ./Drivers/STM32F7xx_HAL_Driver/Src/stm32f7xx_hal_adc_ex.o
LOAD ./Drivers/STM32F7xx_HAL_Driver/Src/stm32f7xx_hal_can.o
LOAD ./Drivers/STM32F7xx_HAL_Driver/Src/stm32f7xx_hal_cortex.o
LOAD ./Drivers/STM32F7xx_HAL_Driver/Src/stm32f7xx_hal_dac.o
LOAD ./Drivers/STM32F7xx_HAL_Driver/Src/stm32f7xx_hal_dac_ex.o
LOAD ./Drivers/STM32F7xx_HAL_Driver/Src/stm32f7xx_hal_dma.o
LOAD ./Drivers/STM32F7xx_HAL_Driver/Src/stm32f7xx_hal_dma_ex.o
LOAD ./Drivers/STM32F7xx_HAL_Driver/Src/stm32f7xx_hal_eth.o
LOAD ./Drivers/STM32F7xx_HAL_Driver/Src/stm32f7xx_hal_exti.o
LOAD ./Drivers/STM32F7xx_HAL_Driver/Src/stm32f7xx_hal_flash.o
LOAD ./Drivers/STM32F7xx_HAL_Driver/Src/stm32f7xx_hal_flash_ex.o
LOAD ./Drivers/STM32F7xx_HAL_Driver/Src/stm32f7xx_hal_gpio.o
LOAD ./Drivers/STM32F7xx_HAL_Driver/Src/stm32f7xx_hal_i2c.o
LOAD ./Drivers/STM32F7xx_HAL_Driver/Src/stm32f7xx_hal_i2c_ex.o
LOAD ./Drivers/STM32F7xx_HAL_Driver/Src/stm32f7xx_hal_pwr.o
LOAD ./Drivers/STM32F7xx_HAL_Driver/Src/stm32f7xx_hal_pwr_ex.o
LOAD ./Drivers/STM32F7xx_HAL_Driver/Src/stm32f7xx_hal_rcc.o
LOAD ./Drivers/STM32F7xx_HAL_Driver/Src/stm32f7xx_hal_rcc_ex.o
LOAD ./Drivers/STM32F7xx_HAL_Driver/Src/stm32f7xx_hal_spi.o
LOAD ./Drivers/STM32F7xx_HAL_Driver/Src/stm32f7xx_hal_spi_ex.o
LOAD ./Drivers/STM32F7xx_HAL_Driver/Src/stm32f7xx_hal_tim.o
LOAD ./Drivers/STM32F7xx_HAL_Driver/Src/stm32f7xx_hal_tim_ex.o
LOAD ./Drivers/STM32F7xx_HAL_Driver/Src/stm32f7xx_hal_uart.o
LOAD ./Drivers/STM32F7xx_HAL_Driver/Src/stm32f7xx_hal_uart_ex.o
LOAD ./LWIP/App/lwip.o
LOAD ./LWIP/Target/ethernetif.o
LOAD ./Middlewares/Third_Party/FreeRTOS/Source/CMSIS_RTOS/cmsis_os.o
LOAD ./Middlewares/Third_Party/FreeRTOS/Source/croutine.o
LOAD ./Middlewares/Third_Party/FreeRTOS/Source/event_groups.o
LOAD ./Middlewares/Third_Party/FreeRTOS/Source/list.o
LOAD ./Middlewares/Third_Party/FreeRTOS/Source/queue.o
LOAD ./Middlewares/Third_Party/FreeRTOS/Source/stream_buffer.o
LOAD ./Middlewares/Third_Party/FreeRTOS/Source/tasks.o
LOAD ./Middlewares/Third_Party/FreeRTOS/Source/timers.o
LOAD ./Middlewares/Third_Party/FreeRTOS/Source/portable/GCC/ARM_CM7/r0p1/port.o
LOAD ./Middlewares/Third_Party/FreeRTOS/Source/portable/MemMang/heap_4.o
LOAD ./Middlewares/Third_Party/LwIP/src/api/api_lib.o
LOAD ./Middlewares/Third_Party/LwIP/src/api/api_msg.o
LOAD ./Middlewares/Third_Party/LwIP/src/api/err.o
LOAD ./Middlewares/Third_Party/LwIP/src/api/if_api.o
LOAD ./Middlewares/Third_Party/LwIP/src/api/netbuf.o
LOAD ./Middlewares/Third_Party/LwIP/src/api/netdb.o
LOAD ./Middlewares/Third_Party/LwIP/src/api/netifapi.o
LOAD ./Middlewares/Third_Party/LwIP/src/api/sockets.o
LOAD ./Middlewares/Third_Party/LwIP/src/api/tcpip.o
LOAD ./Middlewares/Third_Party/LwIP/src/apps/mqtt/mqtt.o
LOAD ./Middlewares/Third_Party/LwIP/src/core/altcp.o
LOAD ./Middlewares/Third_Party/LwIP/src/core/altcp_alloc.o
LOAD ./Middlewares/Third_Party/LwIP/src/core/altcp_tcp.o
LOAD ./Middlewares/Third_Party/LwIP/src/core/def.o
LOAD ./Middlewares/Third_Party/LwIP/src/core/dns.o
LOAD ./Middlewares/Third_Party/LwIP/src/core/inet_chksum.o
LOAD ./Middlewares/Third_Party/LwIP/src/core/init.o
LOAD ./Middlewares/Third_Party/LwIP/src/core/ip.o
LOAD ./Middlewares/Third_Party/LwIP/src/core/mem.o
LOAD ./Middlewares/Third_Party/LwIP/src/core/memp.o
LOAD ./Middlewares/Third_Party/LwIP/src/core/netif.o
LOAD ./Middlewares/Third_Party/LwIP/src/core/pbuf.o
LOAD ./Middlewares/Third_Party/LwIP/src/core/raw.o
LOAD ./Middlewares/Third_Party/LwIP/src/core/stats.o
LOAD ./Middlewares/Third_Party/LwIP/src/core/sys.o
LOAD ./Middlewares/Third_Party/LwIP/src/core/tcp.o
LOAD ./Middlewares/Third_Party/LwIP/src/core/tcp_in.o
LOAD ./Middlewares/Third_Party/LwIP/src/core/tcp_out.o
LOAD ./Middlewares/Third_Party/LwIP/src/core/timeouts.o
LOAD ./Middlewares/Third_Party/LwIP/src/core/udp.o
LOAD ./Middlewares/Third_Party/LwIP/src/core/ipv4/autoip.o
LOAD ./Middlewares/Third_Party/LwIP/src/core/ipv4/dhcp.o
LOAD ./Middlewares/Third_Party/LwIP/src/core/ipv4/etharp.o
LOAD ./Middlewares/Third_Party/LwIP/src/core/ipv4/icmp.o
LOAD ./Middlewares/Third_Party/LwIP/src/core/ipv4/igmp.o
LOAD ./Middlewares/Third_Party/LwIP/src/core/ipv4/ip4.o
LOAD ./Middlewares/Third_Party/LwIP/src/core/ipv4/ip4_addr.o
LOAD ./Middlewares/Third_Party/LwIP/src/core/ipv4/ip4_frag.o
LOAD ./Middlewares/Third_Party/LwIP/src/core/ipv6/dhcp6.o
LOAD ./Middlewares/Third_Party/LwIP/src/core/ipv6/ethip6.o
LOAD ./Middlewares/Third_Party/LwIP/src/core/ipv6/icmp6.o
LOAD ./Middlewares/Third_Party/LwIP/src/core/ipv6/inet6.o
LOAD ./Middlewares/Third_Party/LwIP/src/core/ipv6/ip6.o
LOAD ./Middlewares/Third_Party/LwIP/src/core/ipv6/ip6_addr.o
LOAD ./Middlewares/Third_Party/LwIP/src/core/ipv6/ip6_frag.o
LOAD ./Middlewares/Third_Party/LwIP/src/core/ipv6/mld6.o
LOAD ./Middlewares/Third_Party/LwIP/src/core/ipv6/nd6.o
LOAD ./Middlewares/Third_Party/LwIP/src/netif/bridgeif.o
LOAD ./Middlewares/Third_Party/LwIP/src/netif/bridgeif_fdb.o
LOAD ./Middlewares/Third_Party/LwIP/src/netif/ethernet.o
LOAD ./Middlewares/Third_Party/LwIP/src/netif/lowpan6.o
LOAD ./Middlewares/Third_Party/LwIP/src/netif/lowpan6_ble.o
LOAD ./Middlewares/Third_Party/LwIP/src/netif/lowpan6_common.o
LOAD ./Middlewares/Third_Party/LwIP/src/netif/slipif.o
LOAD ./Middlewares/Third_Party/LwIP/src/netif/zepif.o
LOAD ./Middlewares/Third_Party/LwIP/src/netif/ppp/auth.o
LOAD ./Middlewares/Third_Party/LwIP/src/netif/ppp/ccp.o
LOAD ./Middlewares/Third_Party/LwIP/src/netif/ppp/chap-md5.o
LOAD ./Middlewares/Third_Party/LwIP/src/netif/ppp/chap-new.o
LOAD ./Middlewares/Third_Party/LwIP/src/netif/ppp/chap_ms.o
LOAD ./Middlewares/Third_Party/LwIP/src/netif/ppp/demand.o
LOAD ./Middlewares/Third_Party/LwIP/src/netif/ppp/eap.o
LOAD ./Middlewares/Third_Party/LwIP/src/netif/ppp/ecp.o
LOAD ./Middlewares/Third_Party/LwIP/src/netif/ppp/eui64.o
LOAD ./Middlewares/Third_Party/LwIP/src/netif/ppp/fsm.o
LOAD ./Middlewares/Third_Party/LwIP/src/netif/ppp/ipcp.o
LOAD ./Middlewares/Third_Party/LwIP/src/netif/ppp/ipv6cp.o
LOAD ./Middlewares/Third_Party/LwIP/src/netif/ppp/lcp.o
LOAD ./Middlewares/Third_Party/LwIP/src/netif/ppp/magic.o
LOAD ./Middlewares/Third_Party/LwIP/src/netif/ppp/mppe.o
LOAD ./Middlewares/Third_Party/LwIP/src/netif/ppp/multilink.o
LOAD ./Middlewares/Third_Party/LwIP/src/netif/ppp/ppp.o
LOAD ./Middlewares/Third_Party/LwIP/src/netif/ppp/pppapi.o
LOAD ./Middlewares/Third_Party/LwIP/src/netif/ppp/pppcrypt.o
LOAD ./Middlewares/Third_Party/LwIP/src/netif/ppp/pppoe.o
LOAD ./Middlewares/Third_Party/LwIP/src/netif/ppp/pppol2tp.o
LOAD ./Middlewares/Third_Party/LwIP/src/netif/ppp/pppos.o
LOAD ./Middlewares/Third_Party/LwIP/src/netif/ppp/upap.o
LOAD ./Middlewares/Third_Party/LwIP/src/netif/ppp/utils.o
LOAD ./Middlewares/Third_Party/LwIP/src/netif/ppp/vj.o
LOAD ./Middlewares/Third_Party/LwIP/system/OS/sys_arch.o
LOAD ./UR_code/developer_code/test_funck.o
LOAD ./UR_code/developer_code/tests src/dac_adc_test.o
LOAD ./UR_code/developer_code/tests src/flash_test.o
LOAD ./UR_code/developer_code/tests src/i2c_test.o
LOAD ./UR_code/developer_code/tests src/spi_test.o
LOAD ./UR_code/developer_code/tests src/uart_test.o
LOAD ./UR_code/src/main_ur.o
LOAD ./UR_code/src/server.o
LOAD ./UR_code/src/ur_task.o
START GROUP
LOAD C:/ST/STM32CubeIDE_1.8.0/STM32CubeIDE/plugins/com.st.stm32cube.ide.mcu.externaltools.gnu-tools-for-stm32.11.3.rel1.win32_1.1.100.202309141235/tools/bin/../lib/gcc/arm-none-eabi/11.3.1/../../../../arm-none-eabi/lib/thumb/v7e-m+fp/hard\libc_nano.a
LOAD C:/ST/STM32CubeIDE_1.8.0/STM32CubeIDE/plugins/com.st.stm32cube.ide.mcu.externaltools.gnu-tools-for-stm32.11.3.rel1.win32_1.1.100.202309141235/tools/bin/../lib/gcc/arm-none-eabi/11.3.1/../../../../arm-none-eabi/lib/thumb/v7e-m+fp/hard\libm.a
END GROUP
START GROUP
LOAD C:/ST/STM32CubeIDE_1.8.0/STM32CubeIDE/plugins/com.st.stm32cube.ide.mcu.externaltools.gnu-tools-for-stm32.11.3.rel1.win32_1.1.100.202309141235/tools/bin/../lib/gcc/arm-none-eabi/11.3.1/thumb/v7e-m+fp/hard\libgcc.a
LOAD C:/ST/STM32CubeIDE_1.8.0/STM32CubeIDE/plugins/com.st.stm32cube.ide.mcu.externaltools.gnu-tools-for-stm32.11.3.rel1.win32_1.1.100.202309141235/tools/bin/../lib/gcc/arm-none-eabi/11.3.1/../../../../arm-none-eabi/lib/thumb/v7e-m+fp/hard\libc_nano.a
END GROUP
START GROUP
LOAD C:/ST/STM32CubeIDE_1.8.0/STM32CubeIDE/plugins/com.st.stm32cube.ide.mcu.externaltools.gnu-tools-for-stm32.11.3.rel1.win32_1.1.100.202309141235/tools/bin/../lib/gcc/arm-none-eabi/11.3.1/thumb/v7e-m+fp/hard\libgcc.a
LOAD C:/ST/STM32CubeIDE_1.8.0/STM32CubeIDE/plugins/com.st.stm32cube.ide.mcu.externaltools.gnu-tools-for-stm32.11.3.rel1.win32_1.1.100.202309141235/tools/bin/../lib/gcc/arm-none-eabi/11.3.1/../../../../arm-none-eabi/lib/thumb/v7e-m+fp/hard\libc_nano.a
LOAD C:/ST/STM32CubeIDE_1.8.0/STM32CubeIDE/plugins/com.st.stm32cube.ide.mcu.externaltools.gnu-tools-for-stm32.11.3.rel1.win32_1.1.100.202309141235/tools/bin/../lib/gcc/arm-none-eabi/11.3.1/../../../../arm-none-eabi/lib/thumb/v7e-m+fp/hard\libnosys.a
END GROUP
START GROUP
LOAD C:/ST/STM32CubeIDE_1.8.0/STM32CubeIDE/plugins/com.st.stm32cube.ide.mcu.externaltools.gnu-tools-for-stm32.11.3.rel1.win32_1.1.100.202309141235/tools/bin/../lib/gcc/arm-none-eabi/11.3.1/thumb/v7e-m+fp/hard\libgcc.a
LOAD C:/ST/STM32CubeIDE_1.8.0/STM32CubeIDE/plugins/com.st.stm32cube.ide.mcu.externaltools.gnu-tools-for-stm32.11.3.rel1.win32_1.1.100.202309141235/tools/bin/../lib/gcc/arm-none-eabi/11.3.1/../../../../arm-none-eabi/lib/thumb/v7e-m+fp/hard\libc_nano.a
LOAD C:/ST/STM32CubeIDE_1.8.0/STM32CubeIDE/plugins/com.st.stm32cube.ide.mcu.externaltools.gnu-tools-for-stm32.11.3.rel1.win32_1.1.100.202309141235/tools/bin/../lib/gcc/arm-none-eabi/11.3.1/../../../../arm-none-eabi/lib/thumb/v7e-m+fp/hard\libnosys.a
END GROUP
LOAD C:/ST/STM32CubeIDE_1.8.0/STM32CubeIDE/plugins/com.st.stm32cube.ide.mcu.externaltools.gnu-tools-for-stm32.11.3.rel1.win32_1.1.100.202309141235/tools/bin/../lib/gcc/arm-none-eabi/11.3.1/thumb/v7e-m+fp/hard/crtend.o
LOAD C:/ST/STM32CubeIDE_1.8.0/STM32CubeIDE/plugins/com.st.stm32cube.ide.mcu.externaltools.gnu-tools-for-stm32.11.3.rel1.win32_1.1.100.202309141235/tools/bin/../lib/gcc/arm-none-eabi/11.3.1/thumb/v7e-m+fp/hard/crtn.o
                0x0000000020050000                _estack = (ORIGIN (RAM) + LENGTH (RAM))
                0x0000000000000200                _Min_Heap_Size = 0x200
                0x0000000000000400                _Min_Stack_Size = 0x400

.isr_vector     0x0000000008000000      0x1c8
                0x0000000008000000                . = ALIGN (0x4)
 *(.isr_vector)
 .isr_vector    0x0000000008000000      0x1c8 ./Core/Startup/startup_stm32f746zgtx.o
                0x0000000008000000                g_pfnVectors
                0x00000000080001c8                . = ALIGN (0x4)

.text           0x00000000080001d0    0x1ea58
                0x00000000080001d0                . = ALIGN (0x4)
 *(.text)
 .text          0x00000000080001d0       0x40 C:/ST/STM32CubeIDE_1.8.0/STM32CubeIDE/plugins/com.st.stm32cube.ide.mcu.externaltools.gnu-tools-for-stm32.11.3.rel1.win32_1.1.100.202309141235/tools/bin/../lib/gcc/arm-none-eabi/11.3.1/thumb/v7e-m+fp/hard/crtbegin.o
 .text          0x0000000008000210       0xa0 C:/ST/STM32CubeIDE_1.8.0/STM32CubeIDE/plugins/com.st.stm32cube.ide.mcu.externaltools.gnu-tools-for-stm32.11.3.rel1.win32_1.1.100.202309141235/tools/bin/../lib/gcc/arm-none-eabi/11.3.1/../../../../arm-none-eabi/lib/thumb/v7e-m+fp/hard\libc_nano.a(libc_a-memchr.o)
                0x0000000008000210                memchr
 .text          0x00000000080002b0       0x30 C:/ST/STM32CubeIDE_1.8.0/STM32CubeIDE/plugins/com.st.stm32cube.ide.mcu.externaltools.gnu-tools-for-stm32.11.3.rel1.win32_1.1.100.202309141235/tools/bin/../lib/gcc/arm-none-eabi/11.3.1/thumb/v7e-m+fp/hard\libgcc.a(_aeabi_uldivmod.o)
                0x00000000080002b0                __aeabi_uldivmod
 .text          0x00000000080002e0      0x2c8 C:/ST/STM32CubeIDE_1.8.0/STM32CubeIDE/plugins/com.st.stm32cube.ide.mcu.externaltools.gnu-tools-for-stm32.11.3.rel1.win32_1.1.100.202309141235/tools/bin/../lib/gcc/arm-none-eabi/11.3.1/thumb/v7e-m+fp/hard\libgcc.a(_udivmoddi4.o)
                0x00000000080002e0                __udivmoddi4
 .text          0x00000000080005a8        0x4 C:/ST/STM32CubeIDE_1.8.0/STM32CubeIDE/plugins/com.st.stm32cube.ide.mcu.externaltools.gnu-tools-for-stm32.11.3.rel1.win32_1.1.100.202309141235/tools/bin/../lib/gcc/arm-none-eabi/11.3.1/thumb/v7e-m+fp/hard\libgcc.a(_dvmd_tls.o)
                0x00000000080005a8                __aeabi_idiv0
                0x00000000080005a8                __aeabi_ldiv0
 *(.text*)
 .text.MX_ADC1_Init
                0x00000000080005ac       0xa4 ./Core/Src/adc.o
                0x00000000080005ac                MX_ADC1_Init
 .text.MX_ADC2_Init
                0x0000000008000650       0xa4 ./Core/Src/adc.o
                0x0000000008000650                MX_ADC2_Init
 .text.MX_ADC3_Init
                0x00000000080006f4       0xa4 ./Core/Src/adc.o
                0x00000000080006f4                MX_ADC3_Init
 .text.HAL_ADC_MspInit
                0x0000000008000798      0x134 ./Core/Src/adc.o
                0x0000000008000798                HAL_ADC_MspInit
 .text.MX_CAN1_Init
                0x00000000080008cc       0x6c ./Core/Src/can.o
                0x00000000080008cc                MX_CAN1_Init
 .text.MX_CAN2_Init
                0x0000000008000938       0x6c ./Core/Src/can.o
                0x0000000008000938                MX_CAN2_Init
 .text.HAL_CAN_MspInit
                0x00000000080009a4      0x170 ./Core/Src/can.o
                0x00000000080009a4                HAL_CAN_MspInit
 .text.MX_DAC_Init
                0x0000000008000b14       0x54 ./Core/Src/dac.o
                0x0000000008000b14                MX_DAC_Init
 .text.HAL_DAC_MspInit
                0x0000000008000b68       0x80 ./Core/Src/dac.o
                0x0000000008000b68                HAL_DAC_MspInit
 .text.MX_DMA_Init
                0x0000000008000be8      0x144 ./Core/Src/dma.o
                0x0000000008000be8                MX_DMA_Init
 .text.vApplicationGetIdleTaskMemory
                0x0000000008000d2c       0x34 ./Core/Src/freertos.o
                0x0000000008000d2c                vApplicationGetIdleTaskMemory
 .text.MX_FREERTOS_Init
                0x0000000008000d60       0x38 ./Core/Src/freertos.o
                0x0000000008000d60                MX_FREERTOS_Init
 .text.StartDefaultTask
                0x0000000008000d98       0x14 ./Core/Src/freertos.o
                0x0000000008000d98                StartDefaultTask
 .text.MX_GPIO_Init
                0x0000000008000dac      0x154 ./Core/Src/gpio.o
                0x0000000008000dac                MX_GPIO_Init
 .text.MX_I2C1_Init
                0x0000000008000f00       0x80 ./Core/Src/i2c.o
                0x0000000008000f00                MX_I2C1_Init
 .text.MX_I2C2_Init
                0x0000000008000f80       0x80 ./Core/Src/i2c.o
                0x0000000008000f80                MX_I2C2_Init
 .text.MX_I2C3_Init
                0x0000000008001000       0x80 ./Core/Src/i2c.o
                0x0000000008001000                MX_I2C3_Init
 .text.MX_I2C4_Init
                0x0000000008001080       0x80 ./Core/Src/i2c.o
                0x0000000008001080                MX_I2C4_Init
 .text.HAL_I2C_MspInit
                0x0000000008001100      0x404 ./Core/Src/i2c.o
                0x0000000008001100                HAL_I2C_MspInit
 .text.main     0x0000000008001504       0x7e ./Core/Src/main.o
                0x0000000008001504                main
 *fill*         0x0000000008001582        0x2 
 .text.SystemClock_Config
                0x0000000008001584       0xdc ./Core/Src/main.o
                0x0000000008001584                SystemClock_Config
 .text.HAL_TIM_PeriodElapsedCallback
                0x0000000008001660       0x24 ./Core/Src/main.o
                0x0000000008001660                HAL_TIM_PeriodElapsedCallback
 .text.Error_Handler
                0x0000000008001684        0xa ./Core/Src/main.o
                0x0000000008001684                Error_Handler
 *fill*         0x000000000800168e        0x2 
 .text.MX_SPI1_Init
                0x0000000008001690       0x70 ./Core/Src/spi.o
                0x0000000008001690                MX_SPI1_Init
 .text.MX_SPI2_Init
                0x0000000008001700       0x7c ./Core/Src/spi.o
                0x0000000008001700                MX_SPI2_Init
 .text.MX_SPI3_Init
                0x000000000800177c       0x7c ./Core/Src/spi.o
                0x000000000800177c                MX_SPI3_Init
 .text.MX_SPI4_Init
                0x00000000080017f8       0x74 ./Core/Src/spi.o
                0x00000000080017f8                MX_SPI4_Init
 .text.MX_SPI5_Init
                0x000000000800186c       0x7c ./Core/Src/spi.o
                0x000000000800186c                MX_SPI5_Init
 .text.HAL_SPI_MspInit
                0x00000000080018e8      0x54c ./Core/Src/spi.o
                0x00000000080018e8                HAL_SPI_MspInit
 .text.HAL_MspInit
                0x0000000008001e34       0x60 ./Core/Src/stm32f7xx_hal_msp.o
                0x0000000008001e34                HAL_MspInit
 .text.HAL_InitTick
                0x0000000008001e94       0xe4 ./Core/Src/stm32f7xx_hal_timebase_tim.o
                0x0000000008001e94                HAL_InitTick
 .text.NMI_Handler
                0x0000000008001f78        0x6 ./Core/Src/stm32f7xx_it.o
                0x0000000008001f78                NMI_Handler
 .text.HardFault_Handler
                0x0000000008001f7e        0x6 ./Core/Src/stm32f7xx_it.o
                0x0000000008001f7e                HardFault_Handler
 .text.MemManage_Handler
                0x0000000008001f84        0x6 ./Core/Src/stm32f7xx_it.o
                0x0000000008001f84                MemManage_Handler
 .text.BusFault_Handler
                0x0000000008001f8a        0x6 ./Core/Src/stm32f7xx_it.o
                0x0000000008001f8a                BusFault_Handler
 .text.UsageFault_Handler
                0x0000000008001f90        0x6 ./Core/Src/stm32f7xx_it.o
                0x0000000008001f90                UsageFault_Handler
 .text.DebugMon_Handler
                0x0000000008001f96        0xe ./Core/Src/stm32f7xx_it.o
                0x0000000008001f96                DebugMon_Handler
 .text.FLASH_IRQHandler
                0x0000000008001fa4        0xc ./Core/Src/stm32f7xx_it.o
                0x0000000008001fa4                FLASH_IRQHandler
 .text.DMA1_Stream0_IRQHandler
                0x0000000008001fb0       0x14 ./Core/Src/stm32f7xx_it.o
                0x0000000008001fb0                DMA1_Stream0_IRQHandler
 .text.DMA1_Stream1_IRQHandler
                0x0000000008001fc4       0x14 ./Core/Src/stm32f7xx_it.o
                0x0000000008001fc4                DMA1_Stream1_IRQHandler
 .text.DMA1_Stream2_IRQHandler
                0x0000000008001fd8       0x14 ./Core/Src/stm32f7xx_it.o
                0x0000000008001fd8                DMA1_Stream2_IRQHandler
 .text.DMA1_Stream3_IRQHandler
                0x0000000008001fec       0x14 ./Core/Src/stm32f7xx_it.o
                0x0000000008001fec                DMA1_Stream3_IRQHandler
 .text.DMA1_Stream4_IRQHandler
                0x0000000008002000       0x14 ./Core/Src/stm32f7xx_it.o
                0x0000000008002000                DMA1_Stream4_IRQHandler
 .text.DMA1_Stream5_IRQHandler
                0x0000000008002014       0x14 ./Core/Src/stm32f7xx_it.o
                0x0000000008002014                DMA1_Stream5_IRQHandler
 .text.DMA1_Stream6_IRQHandler
                0x0000000008002028       0x14 ./Core/Src/stm32f7xx_it.o
                0x0000000008002028                DMA1_Stream6_IRQHandler
 .text.CAN1_TX_IRQHandler
                0x000000000800203c       0x14 ./Core/Src/stm32f7xx_it.o
                0x000000000800203c                CAN1_TX_IRQHandler
 .text.CAN1_RX0_IRQHandler
                0x0000000008002050       0x14 ./Core/Src/stm32f7xx_it.o
                0x0000000008002050                CAN1_RX0_IRQHandler
 .text.CAN1_RX1_IRQHandler
                0x0000000008002064       0x14 ./Core/Src/stm32f7xx_it.o
                0x0000000008002064                CAN1_RX1_IRQHandler
 .text.CAN1_SCE_IRQHandler
                0x0000000008002078       0x14 ./Core/Src/stm32f7xx_it.o
                0x0000000008002078                CAN1_SCE_IRQHandler
 .text.TIM1_UP_TIM10_IRQHandler
                0x000000000800208c       0x14 ./Core/Src/stm32f7xx_it.o
                0x000000000800208c                TIM1_UP_TIM10_IRQHandler
 .text.I2C1_EV_IRQHandler
                0x00000000080020a0       0x14 ./Core/Src/stm32f7xx_it.o
                0x00000000080020a0                I2C1_EV_IRQHandler
 .text.I2C1_ER_IRQHandler
                0x00000000080020b4       0x14 ./Core/Src/stm32f7xx_it.o
                0x00000000080020b4                I2C1_ER_IRQHandler
 .text.I2C2_EV_IRQHandler
                0x00000000080020c8       0x14 ./Core/Src/stm32f7xx_it.o
                0x00000000080020c8                I2C2_EV_IRQHandler
 .text.I2C2_ER_IRQHandler
                0x00000000080020dc       0x14 ./Core/Src/stm32f7xx_it.o
                0x00000000080020dc                I2C2_ER_IRQHandler
 .text.SPI1_IRQHandler
                0x00000000080020f0       0x14 ./Core/Src/stm32f7xx_it.o
                0x00000000080020f0                SPI1_IRQHandler
 .text.SPI2_IRQHandler
                0x0000000008002104       0x14 ./Core/Src/stm32f7xx_it.o
                0x0000000008002104                SPI2_IRQHandler
 .text.USART1_IRQHandler
                0x0000000008002118       0x14 ./Core/Src/stm32f7xx_it.o
                0x0000000008002118                USART1_IRQHandler
 .text.USART2_IRQHandler
                0x000000000800212c       0x14 ./Core/Src/stm32f7xx_it.o
                0x000000000800212c                USART2_IRQHandler
 .text.USART3_IRQHandler
                0x0000000008002140       0x14 ./Core/Src/stm32f7xx_it.o
                0x0000000008002140                USART3_IRQHandler
 .text.DMA1_Stream7_IRQHandler
                0x0000000008002154       0x14 ./Core/Src/stm32f7xx_it.o
                0x0000000008002154                DMA1_Stream7_IRQHandler
 .text.SPI3_IRQHandler
                0x0000000008002168       0x14 ./Core/Src/stm32f7xx_it.o
                0x0000000008002168                SPI3_IRQHandler
 .text.UART4_IRQHandler
                0x000000000800217c       0x14 ./Core/Src/stm32f7xx_it.o
                0x000000000800217c                UART4_IRQHandler
 .text.UART5_IRQHandler
                0x0000000008002190       0x14 ./Core/Src/stm32f7xx_it.o
                0x0000000008002190                UART5_IRQHandler
 .text.DMA2_Stream0_IRQHandler
                0x00000000080021a4       0x14 ./Core/Src/stm32f7xx_it.o
                0x00000000080021a4                DMA2_Stream0_IRQHandler
 .text.DMA2_Stream1_IRQHandler
                0x00000000080021b8       0x14 ./Core/Src/stm32f7xx_it.o
                0x00000000080021b8                DMA2_Stream1_IRQHandler
 .text.DMA2_Stream2_IRQHandler
                0x00000000080021cc       0x14 ./Core/Src/stm32f7xx_it.o
                0x00000000080021cc                DMA2_Stream2_IRQHandler
 .text.DMA2_Stream3_IRQHandler
                0x00000000080021e0       0x14 ./Core/Src/stm32f7xx_it.o
                0x00000000080021e0                DMA2_Stream3_IRQHandler
 .text.DMA2_Stream4_IRQHandler
                0x00000000080021f4       0x14 ./Core/Src/stm32f7xx_it.o
                0x00000000080021f4                DMA2_Stream4_IRQHandler
 .text.ETH_IRQHandler
                0x0000000008002208       0x14 ./Core/Src/stm32f7xx_it.o
                0x0000000008002208                ETH_IRQHandler
 .text.ETH_WKUP_IRQHandler
                0x000000000800221c       0x14 ./Core/Src/stm32f7xx_it.o
                0x000000000800221c                ETH_WKUP_IRQHandler
 .text.DMA2_Stream5_IRQHandler
                0x0000000008002230       0x14 ./Core/Src/stm32f7xx_it.o
                0x0000000008002230                DMA2_Stream5_IRQHandler
 .text.DMA2_Stream6_IRQHandler
                0x0000000008002244       0x14 ./Core/Src/stm32f7xx_it.o
                0x0000000008002244                DMA2_Stream6_IRQHandler
 .text.DMA2_Stream7_IRQHandler
                0x0000000008002258       0x14 ./Core/Src/stm32f7xx_it.o
                0x0000000008002258                DMA2_Stream7_IRQHandler
 .text.USART6_IRQHandler
                0x000000000800226c       0x14 ./Core/Src/stm32f7xx_it.o
                0x000000000800226c                USART6_IRQHandler
 .text.I2C3_EV_IRQHandler
                0x0000000008002280       0x14 ./Core/Src/stm32f7xx_it.o
                0x0000000008002280                I2C3_EV_IRQHandler
 .text.I2C3_ER_IRQHandler
                0x0000000008002294       0x14 ./Core/Src/stm32f7xx_it.o
                0x0000000008002294                I2C3_ER_IRQHandler
 .text.UART7_IRQHandler
                0x00000000080022a8       0x14 ./Core/Src/stm32f7xx_it.o
                0x00000000080022a8                UART7_IRQHandler
 .text.UART8_IRQHandler
                0x00000000080022bc       0x14 ./Core/Src/stm32f7xx_it.o
                0x00000000080022bc                UART8_IRQHandler
 .text.SPI4_IRQHandler
                0x00000000080022d0       0x14 ./Core/Src/stm32f7xx_it.o
                0x00000000080022d0                SPI4_IRQHandler
 .text.I2C4_EV_IRQHandler
                0x00000000080022e4       0x14 ./Core/Src/stm32f7xx_it.o
                0x00000000080022e4                I2C4_EV_IRQHandler
 .text.I2C4_ER_IRQHandler
                0x00000000080022f8       0x14 ./Core/Src/stm32f7xx_it.o
                0x00000000080022f8                I2C4_ER_IRQHandler
 .text._getpid  0x000000000800230c       0x10 ./Core/Src/syscalls.o
                0x000000000800230c                _getpid
 .text._kill    0x000000000800231c       0x24 ./Core/Src/syscalls.o
                0x000000000800231c                _kill
 .text._exit    0x0000000008002340       0x14 ./Core/Src/syscalls.o
                0x0000000008002340                _exit
 .text._read    0x0000000008002354       0x3a ./Core/Src/syscalls.o
                0x0000000008002354                _read
 .text._write   0x000000000800238e       0x38 ./Core/Src/syscalls.o
                0x000000000800238e                _write
 .text._close   0x00000000080023c6       0x18 ./Core/Src/syscalls.o
                0x00000000080023c6                _close
 .text._fstat   0x00000000080023de       0x20 ./Core/Src/syscalls.o
                0x00000000080023de                _fstat
 .text._isatty  0x00000000080023fe       0x16 ./Core/Src/syscalls.o
                0x00000000080023fe                _isatty
 .text._lseek   0x0000000008002414       0x1a ./Core/Src/syscalls.o
                0x0000000008002414                _lseek
 *fill*         0x000000000800242e        0x2 
 .text._sbrk    0x0000000008002430       0x70 ./Core/Src/sysmem.o
                0x0000000008002430                _sbrk
 .text.SystemInit
                0x00000000080024a0       0x24 ./Core/Src/system_stm32f7xx.o
                0x00000000080024a0                SystemInit
 .text.MX_UART4_Init
                0x00000000080024c4       0x60 ./Core/Src/usart.o
                0x00000000080024c4                MX_UART4_Init
 .text.MX_UART5_Init
                0x0000000008002524       0x60 ./Core/Src/usart.o
                0x0000000008002524                MX_UART5_Init
 .text.MX_UART7_Init
                0x0000000008002584       0x60 ./Core/Src/usart.o
                0x0000000008002584                MX_UART7_Init
 .text.MX_UART8_Init
                0x00000000080025e4       0x60 ./Core/Src/usart.o
                0x00000000080025e4                MX_UART8_Init
 .text.MX_USART1_UART_Init
                0x0000000008002644       0x60 ./Core/Src/usart.o
                0x0000000008002644                MX_USART1_UART_Init
 .text.MX_USART2_UART_Init
                0x00000000080026a4       0x60 ./Core/Src/usart.o
                0x00000000080026a4                MX_USART2_UART_Init
 .text.MX_USART3_UART_Init
                0x0000000008002704       0x60 ./Core/Src/usart.o
                0x0000000008002704                MX_USART3_UART_Init
 .text.MX_USART6_UART_Init
                0x0000000008002764       0x60 ./Core/Src/usart.o
                0x0000000008002764                MX_USART6_UART_Init
 .text.HAL_UART_MspInit
                0x00000000080027c4      0x9d8 ./Core/Src/usart.o
                0x00000000080027c4                HAL_UART_MspInit
 .text.Reset_Handler
                0x000000000800319c       0x50 ./Core/Startup/startup_stm32f746zgtx.o
                0x000000000800319c                Reset_Handler
 .text.Default_Handler
                0x00000000080031ec        0x2 ./Core/Startup/startup_stm32f746zgtx.o
                0x00000000080031ec                RTC_Alarm_IRQHandler
                0x00000000080031ec                EXTI2_IRQHandler
                0x00000000080031ec                TIM8_CC_IRQHandler
                0x00000000080031ec                TIM1_CC_IRQHandler
                0x00000000080031ec                PVD_IRQHandler
                0x00000000080031ec                TAMP_STAMP_IRQHandler
                0x00000000080031ec                CAN2_RX1_IRQHandler
                0x00000000080031ec                EXTI3_IRQHandler
                0x00000000080031ec                TIM8_TRG_COM_TIM14_IRQHandler
                0x00000000080031ec                TIM8_UP_TIM13_IRQHandler
                0x00000000080031ec                EXTI0_IRQHandler
                0x00000000080031ec                FPU_IRQHandler
                0x00000000080031ec                OTG_HS_WKUP_IRQHandler
                0x00000000080031ec                LTDC_ER_IRQHandler
                0x00000000080031ec                CAN2_SCE_IRQHandler
                0x00000000080031ec                TIM6_DAC_IRQHandler
                0x00000000080031ec                TIM1_BRK_TIM9_IRQHandler
                0x00000000080031ec                DCMI_IRQHandler
                0x00000000080031ec                CAN2_RX0_IRQHandler
                0x00000000080031ec                SAI2_IRQHandler
                0x00000000080031ec                TIM4_IRQHandler
                0x00000000080031ec                QUADSPI_IRQHandler
                0x00000000080031ec                TIM3_IRQHandler
                0x00000000080031ec                RCC_IRQHandler
                0x00000000080031ec                TIM8_BRK_TIM12_IRQHandler
                0x00000000080031ec                Default_Handler
                0x00000000080031ec                CEC_IRQHandler
                0x00000000080031ec                EXTI15_10_IRQHandler
                0x00000000080031ec                ADC_IRQHandler
                0x00000000080031ec                SPI5_IRQHandler
                0x00000000080031ec                TIM7_IRQHandler
                0x00000000080031ec                SDMMC1_IRQHandler
                0x00000000080031ec                CAN2_TX_IRQHandler
                0x00000000080031ec                TIM5_IRQHandler
                0x00000000080031ec                EXTI9_5_IRQHandler
                0x00000000080031ec                RTC_WKUP_IRQHandler
                0x00000000080031ec                LTDC_IRQHandler
                0x00000000080031ec                SPDIF_RX_IRQHandler
                0x00000000080031ec                OTG_HS_EP1_IN_IRQHandler
                0x00000000080031ec                EXTI4_IRQHandler
                0x00000000080031ec                RNG_IRQHandler
                0x00000000080031ec                OTG_HS_EP1_OUT_IRQHandler
                0x00000000080031ec                WWDG_IRQHandler
                0x00000000080031ec                SPI6_IRQHandler
                0x00000000080031ec                TIM2_IRQHandler
                0x00000000080031ec                OTG_FS_WKUP_IRQHandler
                0x00000000080031ec                TIM1_TRG_COM_TIM11_IRQHandler
                0x00000000080031ec                OTG_HS_IRQHandler
                0x00000000080031ec                DMA2D_IRQHandler
                0x00000000080031ec                EXTI1_IRQHandler
                0x00000000080031ec                OTG_FS_IRQHandler
                0x00000000080031ec                FMC_IRQHandler
                0x00000000080031ec                LPTIM1_IRQHandler
                0x00000000080031ec                SAI1_IRQHandler
 .text.LAN8742_RegisterBusIO
                0x00000000080031ee       0x64 ./Drivers/BSP/Components/lan8742/lan8742.o
                0x00000000080031ee                LAN8742_RegisterBusIO
 .text.LAN8742_Init
                0x0000000008003252       0x9a ./Drivers/BSP/Components/lan8742/lan8742.o
                0x0000000008003252                LAN8742_Init
 .text.LAN8742_GetLinkState
                0x00000000080032ec      0x10e ./Drivers/BSP/Components/lan8742/lan8742.o
                0x00000000080032ec                LAN8742_GetLinkState
 .text.HAL_Init
                0x00000000080033fa       0x1a ./Drivers/STM32F7xx_HAL_Driver/Src/stm32f7xx_hal.o
                0x00000000080033fa                HAL_Init
 .text.HAL_IncTick
                0x0000000008003414       0x28 ./Drivers/STM32F7xx_HAL_Driver/Src/stm32f7xx_hal.o
                0x0000000008003414                HAL_IncTick
 .text.HAL_GetTick
                0x000000000800343c       0x18 ./Drivers/STM32F7xx_HAL_Driver/Src/stm32f7xx_hal.o
                0x000000000800343c                HAL_GetTick
 .text.HAL_Delay
                0x0000000008003454       0x48 ./Drivers/STM32F7xx_HAL_Driver/Src/stm32f7xx_hal.o
                0x0000000008003454                HAL_Delay
 .text.HAL_GetREVID
                0x000000000800349c       0x18 ./Drivers/STM32F7xx_HAL_Driver/Src/stm32f7xx_hal.o
                0x000000000800349c                HAL_GetREVID
 .text.HAL_GetUIDw0
                0x00000000080034b4       0x18 ./Drivers/STM32F7xx_HAL_Driver/Src/stm32f7xx_hal.o
                0x00000000080034b4                HAL_GetUIDw0
 .text.HAL_GetUIDw1
                0x00000000080034cc       0x18 ./Drivers/STM32F7xx_HAL_Driver/Src/stm32f7xx_hal.o
                0x00000000080034cc                HAL_GetUIDw1
 .text.HAL_GetUIDw2
                0x00000000080034e4       0x18 ./Drivers/STM32F7xx_HAL_Driver/Src/stm32f7xx_hal.o
                0x00000000080034e4                HAL_GetUIDw2
 .text.HAL_ADC_Init
                0x00000000080034fc       0x88 ./Drivers/STM32F7xx_HAL_Driver/Src/stm32f7xx_hal_adc.o
                0x00000000080034fc                HAL_ADC_Init
 .text.HAL_ADC_Start
                0x0000000008003584      0x19c ./Drivers/STM32F7xx_HAL_Driver/Src/stm32f7xx_hal_adc.o
                0x0000000008003584                HAL_ADC_Start
 .text.HAL_ADC_GetValue
                0x0000000008003720       0x1a ./Drivers/STM32F7xx_HAL_Driver/Src/stm32f7xx_hal_adc.o
                0x0000000008003720                HAL_ADC_GetValue
 *fill*         0x000000000800373a        0x2 
 .text.HAL_ADC_ConfigChannel
                0x000000000800373c      0x2ac ./Drivers/STM32F7xx_HAL_Driver/Src/stm32f7xx_hal_adc.o
                0x000000000800373c                HAL_ADC_ConfigChannel
 .text.ADC_Init
                0x00000000080039e8      0x1f4 ./Drivers/STM32F7xx_HAL_Driver/Src/stm32f7xx_hal_adc.o
 .text.HAL_CAN_Init
                0x0000000008003bdc      0x1f6 ./Drivers/STM32F7xx_HAL_Driver/Src/stm32f7xx_hal_can.o
                0x0000000008003bdc                HAL_CAN_Init
 .text.HAL_CAN_IRQHandler
                0x0000000008003dd2      0x36e ./Drivers/STM32F7xx_HAL_Driver/Src/stm32f7xx_hal_can.o
                0x0000000008003dd2                HAL_CAN_IRQHandler
 .text.HAL_CAN_TxMailbox0CompleteCallback
                0x0000000008004140       0x14 ./Drivers/STM32F7xx_HAL_Driver/Src/stm32f7xx_hal_can.o
                0x0000000008004140                HAL_CAN_TxMailbox0CompleteCallback
 .text.HAL_CAN_TxMailbox1CompleteCallback
                0x0000000008004154       0x14 ./Drivers/STM32F7xx_HAL_Driver/Src/stm32f7xx_hal_can.o
                0x0000000008004154                HAL_CAN_TxMailbox1CompleteCallback
 .text.HAL_CAN_TxMailbox2CompleteCallback
                0x0000000008004168       0x14 ./Drivers/STM32F7xx_HAL_Driver/Src/stm32f7xx_hal_can.o
                0x0000000008004168                HAL_CAN_TxMailbox2CompleteCallback
 .text.HAL_CAN_TxMailbox0AbortCallback
                0x000000000800417c       0x14 ./Drivers/STM32F7xx_HAL_Driver/Src/stm32f7xx_hal_can.o
                0x000000000800417c                HAL_CAN_TxMailbox0AbortCallback
 .text.HAL_CAN_TxMailbox1AbortCallback
                0x0000000008004190       0x14 ./Drivers/STM32F7xx_HAL_Driver/Src/stm32f7xx_hal_can.o
                0x0000000008004190                HAL_CAN_TxMailbox1AbortCallback
 .text.HAL_CAN_TxMailbox2AbortCallback
                0x00000000080041a4       0x14 ./Drivers/STM32F7xx_HAL_Driver/Src/stm32f7xx_hal_can.o
                0x00000000080041a4                HAL_CAN_TxMailbox2AbortCallback
 .text.HAL_CAN_RxFifo0MsgPendingCallback
                0x00000000080041b8       0x14 ./Drivers/STM32F7xx_HAL_Driver/Src/stm32f7xx_hal_can.o
                0x00000000080041b8                HAL_CAN_RxFifo0MsgPendingCallback
 .text.HAL_CAN_RxFifo0FullCallback
                0x00000000080041cc       0x14 ./Drivers/STM32F7xx_HAL_Driver/Src/stm32f7xx_hal_can.o
                0x00000000080041cc                HAL_CAN_RxFifo0FullCallback
 .text.HAL_CAN_RxFifo1MsgPendingCallback
                0x00000000080041e0       0x14 ./Drivers/STM32F7xx_HAL_Driver/Src/stm32f7xx_hal_can.o
                0x00000000080041e0                HAL_CAN_RxFifo1MsgPendingCallback
 .text.HAL_CAN_RxFifo1FullCallback
                0x00000000080041f4       0x14 ./Drivers/STM32F7xx_HAL_Driver/Src/stm32f7xx_hal_can.o
                0x00000000080041f4                HAL_CAN_RxFifo1FullCallback
 .text.HAL_CAN_SleepCallback
                0x0000000008004208       0x14 ./Drivers/STM32F7xx_HAL_Driver/Src/stm32f7xx_hal_can.o
                0x0000000008004208                HAL_CAN_SleepCallback
 .text.HAL_CAN_WakeUpFromRxMsgCallback
                0x000000000800421c       0x14 ./Drivers/STM32F7xx_HAL_Driver/Src/stm32f7xx_hal_can.o
                0x000000000800421c                HAL_CAN_WakeUpFromRxMsgCallback
 .text.HAL_CAN_ErrorCallback
                0x0000000008004230       0x14 ./Drivers/STM32F7xx_HAL_Driver/Src/stm32f7xx_hal_can.o
                0x0000000008004230                HAL_CAN_ErrorCallback
 .text.__NVIC_SetPriorityGrouping
                0x0000000008004244       0x48 ./Drivers/STM32F7xx_HAL_Driver/Src/stm32f7xx_hal_cortex.o
 .text.__NVIC_GetPriorityGrouping
                0x000000000800428c       0x1c ./Drivers/STM32F7xx_HAL_Driver/Src/stm32f7xx_hal_cortex.o
 .text.__NVIC_EnableIRQ
                0x00000000080042a8       0x3c ./Drivers/STM32F7xx_HAL_Driver/Src/stm32f7xx_hal_cortex.o
 .text.__NVIC_SetPriority
                0x00000000080042e4       0x54 ./Drivers/STM32F7xx_HAL_Driver/Src/stm32f7xx_hal_cortex.o
 .text.NVIC_EncodePriority
                0x0000000008004338       0x66 ./Drivers/STM32F7xx_HAL_Driver/Src/stm32f7xx_hal_cortex.o
 .text.HAL_NVIC_SetPriorityGrouping
                0x000000000800439e       0x16 ./Drivers/STM32F7xx_HAL_Driver/Src/stm32f7xx_hal_cortex.o
                0x000000000800439e                HAL_NVIC_SetPriorityGrouping
 .text.HAL_NVIC_SetPriority
                0x00000000080043b4       0x38 ./Drivers/STM32F7xx_HAL_Driver/Src/stm32f7xx_hal_cortex.o
                0x00000000080043b4                HAL_NVIC_SetPriority
 .text.HAL_NVIC_EnableIRQ
                0x00000000080043ec       0x1c ./Drivers/STM32F7xx_HAL_Driver/Src/stm32f7xx_hal_cortex.o
                0x00000000080043ec                HAL_NVIC_EnableIRQ
 .text.HAL_DAC_Init
                0x0000000008004408       0x44 ./Drivers/STM32F7xx_HAL_Driver/Src/stm32f7xx_hal_dac.o
                0x0000000008004408                HAL_DAC_Init
 .text.HAL_DAC_Start
                0x000000000800444c       0xae ./Drivers/STM32F7xx_HAL_Driver/Src/stm32f7xx_hal_dac.o
                0x000000000800444c                HAL_DAC_Start
 .text.HAL_DAC_SetValue
                0x00000000080044fa       0x54 ./Drivers/STM32F7xx_HAL_Driver/Src/stm32f7xx_hal_dac.o
                0x00000000080044fa                HAL_DAC_SetValue
 .text.HAL_DAC_ConfigChannel
                0x000000000800454e       0xb2 ./Drivers/STM32F7xx_HAL_Driver/Src/stm32f7xx_hal_dac.o
                0x000000000800454e                HAL_DAC_ConfigChannel
 .text.HAL_DMA_Init
                0x0000000008004600      0x15c ./Drivers/STM32F7xx_HAL_Driver/Src/stm32f7xx_hal_dma.o
                0x0000000008004600                HAL_DMA_Init
 .text.HAL_DMA_Start_IT
                0x000000000800475c       0xc0 ./Drivers/STM32F7xx_HAL_Driver/Src/stm32f7xx_hal_dma.o
                0x000000000800475c                HAL_DMA_Start_IT
 .text.HAL_DMA_Abort
                0x000000000800481c       0xe0 ./Drivers/STM32F7xx_HAL_Driver/Src/stm32f7xx_hal_dma.o
                0x000000000800481c                HAL_DMA_Abort
 .text.HAL_DMA_Abort_IT
                0x00000000080048fc       0x44 ./Drivers/STM32F7xx_HAL_Driver/Src/stm32f7xx_hal_dma.o
                0x00000000080048fc                HAL_DMA_Abort_IT
 .text.HAL_DMA_IRQHandler
                0x0000000008004940      0x314 ./Drivers/STM32F7xx_HAL_Driver/Src/stm32f7xx_hal_dma.o
                0x0000000008004940                HAL_DMA_IRQHandler
 .text.HAL_DMA_GetState
                0x0000000008004c54       0x1c ./Drivers/STM32F7xx_HAL_Driver/Src/stm32f7xx_hal_dma.o
                0x0000000008004c54                HAL_DMA_GetState
 .text.HAL_DMA_GetError
                0x0000000008004c70       0x18 ./Drivers/STM32F7xx_HAL_Driver/Src/stm32f7xx_hal_dma.o
                0x0000000008004c70                HAL_DMA_GetError
 .text.DMA_SetConfig
                0x0000000008004c88       0x5c ./Drivers/STM32F7xx_HAL_Driver/Src/stm32f7xx_hal_dma.o
 .text.DMA_CalcBaseAndBitshift
                0x0000000008004ce4       0x6c ./Drivers/STM32F7xx_HAL_Driver/Src/stm32f7xx_hal_dma.o
 .text.DMA_CheckFifoParam
                0x0000000008004d50       0xf8 ./Drivers/STM32F7xx_HAL_Driver/Src/stm32f7xx_hal_dma.o
 .text.HAL_ETH_Init
                0x0000000008004e48      0x134 ./Drivers/STM32F7xx_HAL_Driver/Src/stm32f7xx_hal_eth.o
                0x0000000008004e48                HAL_ETH_Init
 .text.HAL_ETH_Start_IT
                0x0000000008004f7c       0xe0 ./Drivers/STM32F7xx_HAL_Driver/Src/stm32f7xx_hal_eth.o
                0x0000000008004f7c                HAL_ETH_Start_IT
 .text.HAL_ETH_Stop_IT
                0x000000000800505c      0x100 ./Drivers/STM32F7xx_HAL_Driver/Src/stm32f7xx_hal_eth.o
                0x000000000800505c                HAL_ETH_Stop_IT
 .text.HAL_ETH_Transmit_IT
                0x000000000800515c       0xb8 ./Drivers/STM32F7xx_HAL_Driver/Src/stm32f7xx_hal_eth.o
                0x000000000800515c                HAL_ETH_Transmit_IT
 .text.HAL_ETH_ReadData
                0x0000000008005214      0x17e ./Drivers/STM32F7xx_HAL_Driver/Src/stm32f7xx_hal_eth.o
                0x0000000008005214                HAL_ETH_ReadData
 *fill*         0x0000000008005392        0x2 
 .text.ETH_UpdateDescriptor
                0x0000000008005394      0x108 ./Drivers/STM32F7xx_HAL_Driver/Src/stm32f7xx_hal_eth.o
 .text.HAL_ETH_ReleaseTxPacket
                0x000000000800549c       0xc6 ./Drivers/STM32F7xx_HAL_Driver/Src/stm32f7xx_hal_eth.o
                0x000000000800549c                HAL_ETH_ReleaseTxPacket
 *fill*         0x0000000008005562        0x2 
 .text.HAL_ETH_IRQHandler
                0x0000000008005564      0x164 ./Drivers/STM32F7xx_HAL_Driver/Src/stm32f7xx_hal_eth.o
                0x0000000008005564                HAL_ETH_IRQHandler
 .text.HAL_ETH_PMTCallback
                0x00000000080056c8       0x14 ./Drivers/STM32F7xx_HAL_Driver/Src/stm32f7xx_hal_eth.o
                0x00000000080056c8                HAL_ETH_PMTCallback
 .text.HAL_ETH_WakeUpCallback
                0x00000000080056dc       0x14 ./Drivers/STM32F7xx_HAL_Driver/Src/stm32f7xx_hal_eth.o
                0x00000000080056dc                HAL_ETH_WakeUpCallback
 .text.HAL_ETH_ReadPHYRegister
                0x00000000080056f0       0x96 ./Drivers/STM32F7xx_HAL_Driver/Src/stm32f7xx_hal_eth.o
                0x00000000080056f0                HAL_ETH_ReadPHYRegister
 .text.HAL_ETH_WritePHYRegister
                0x0000000008005786       0x92 ./Drivers/STM32F7xx_HAL_Driver/Src/stm32f7xx_hal_eth.o
                0x0000000008005786                HAL_ETH_WritePHYRegister
 .text.HAL_ETH_GetMACConfig
                0x0000000008005818      0x1ee ./Drivers/STM32F7xx_HAL_Driver/Src/stm32f7xx_hal_eth.o
                0x0000000008005818                HAL_ETH_GetMACConfig
 .text.HAL_ETH_SetMACConfig
                0x0000000008005a06       0x34 ./Drivers/STM32F7xx_HAL_Driver/Src/stm32f7xx_hal_eth.o
                0x0000000008005a06                HAL_ETH_SetMACConfig
 *fill*         0x0000000008005a3a        0x2 
 .text.HAL_ETH_SetMDIOClockRange
                0x0000000008005a3c       0x84 ./Drivers/STM32F7xx_HAL_Driver/Src/stm32f7xx_hal_eth.o
                0x0000000008005a3c                HAL_ETH_SetMDIOClockRange
 .text.HAL_ETH_GetDMAError
                0x0000000008005ac0       0x1a ./Drivers/STM32F7xx_HAL_Driver/Src/stm32f7xx_hal_eth.o
                0x0000000008005ac0                HAL_ETH_GetDMAError
 .text.ETH_FlushTransmitFIFO
                0x0000000008005ada       0x4a ./Drivers/STM32F7xx_HAL_Driver/Src/stm32f7xx_hal_eth.o
 .text.ETH_SetMACConfig
                0x0000000008005b24      0x168 ./Drivers/STM32F7xx_HAL_Driver/Src/stm32f7xx_hal_eth.o
 .text.ETH_SetDMAConfig
                0x0000000008005c8c      0x114 ./Drivers/STM32F7xx_HAL_Driver/Src/stm32f7xx_hal_eth.o
 .text.ETH_MACDMAConfig
                0x0000000008005da0       0xea ./Drivers/STM32F7xx_HAL_Driver/Src/stm32f7xx_hal_eth.o
 *fill*         0x0000000008005e8a        0x2 
 .text.ETH_MACAddressConfig
                0x0000000008005e8c       0x70 ./Drivers/STM32F7xx_HAL_Driver/Src/stm32f7xx_hal_eth.o
 .text.ETH_DMATxDescListInit
                0x0000000008005efc       0xb2 ./Drivers/STM32F7xx_HAL_Driver/Src/stm32f7xx_hal_eth.o
 .text.ETH_DMARxDescListInit
                0x0000000008005fae       0xde ./Drivers/STM32F7xx_HAL_Driver/Src/stm32f7xx_hal_eth.o
 .text.ETH_Prepare_Tx_Descriptors
                0x000000000800608c      0x28c ./Drivers/STM32F7xx_HAL_Driver/Src/stm32f7xx_hal_eth.o
 .text.HAL_FLASH_Program_IT
                0x0000000008006318       0xb0 ./Drivers/STM32F7xx_HAL_Driver/Src/stm32f7xx_hal_flash.o
                0x0000000008006318                HAL_FLASH_Program_IT
 .text.HAL_FLASH_IRQHandler
                0x00000000080063c8      0x168 ./Drivers/STM32F7xx_HAL_Driver/Src/stm32f7xx_hal_flash.o
                0x00000000080063c8                HAL_FLASH_IRQHandler
 .text.HAL_FLASH_Unlock
                0x0000000008006530       0x44 ./Drivers/STM32F7xx_HAL_Driver/Src/stm32f7xx_hal_flash.o
                0x0000000008006530                HAL_FLASH_Unlock
 .text.HAL_FLASH_Lock
                0x0000000008006574       0x20 ./Drivers/STM32F7xx_HAL_Driver/Src/stm32f7xx_hal_flash.o
                0x0000000008006574                HAL_FLASH_Lock
 .text.FLASH_Program_DoubleWord
                0x0000000008006594       0x6c ./Drivers/STM32F7xx_HAL_Driver/Src/stm32f7xx_hal_flash.o
 .text.FLASH_Program_Word
                0x0000000008006600       0x4c ./Drivers/STM32F7xx_HAL_Driver/Src/stm32f7xx_hal_flash.o
 .text.FLASH_Program_HalfWord
                0x000000000800664c       0x4c ./Drivers/STM32F7xx_HAL_Driver/Src/stm32f7xx_hal_flash.o
 .text.FLASH_Program_Byte
                0x0000000008006698       0x48 ./Drivers/STM32F7xx_HAL_Driver/Src/stm32f7xx_hal_flash.o
 .text.FLASH_SetErrorCode
                0x00000000080066e0       0x94 ./Drivers/STM32F7xx_HAL_Driver/Src/stm32f7xx_hal_flash.o
 .text.HAL_FLASHEx_Erase_IT
                0x0000000008006774       0x9c ./Drivers/STM32F7xx_HAL_Driver/Src/stm32f7xx_hal_flash_ex.o
                0x0000000008006774                HAL_FLASHEx_Erase_IT
 .text.FLASH_MassErase
                0x0000000008006810       0x4c ./Drivers/STM32F7xx_HAL_Driver/Src/stm32f7xx_hal_flash_ex.o
 .text.FLASH_Erase_Sector
                0x000000000800685c       0x98 ./Drivers/STM32F7xx_HAL_Driver/Src/stm32f7xx_hal_flash_ex.o
                0x000000000800685c                FLASH_Erase_Sector
 .text.HAL_GPIO_Init
                0x00000000080068f4      0x358 ./Drivers/STM32F7xx_HAL_Driver/Src/stm32f7xx_hal_gpio.o
                0x00000000080068f4                HAL_GPIO_Init
 .text.HAL_GPIO_WritePin
                0x0000000008006c4c       0x32 ./Drivers/STM32F7xx_HAL_Driver/Src/stm32f7xx_hal_gpio.o
                0x0000000008006c4c                HAL_GPIO_WritePin
 *fill*         0x0000000008006c7e        0x2 
 .text.HAL_I2C_Init
                0x0000000008006c80      0x138 ./Drivers/STM32F7xx_HAL_Driver/Src/stm32f7xx_hal_i2c.o
                0x0000000008006c80                HAL_I2C_Init
 .text.HAL_I2C_Master_Receive_IT
                0x0000000008006db8       0xe0 ./Drivers/STM32F7xx_HAL_Driver/Src/stm32f7xx_hal_i2c.o
                0x0000000008006db8                HAL_I2C_Master_Receive_IT
 .text.HAL_I2C_Slave_Transmit_IT
                0x0000000008006e98       0xdc ./Drivers/STM32F7xx_HAL_Driver/Src/stm32f7xx_hal_i2c.o
                0x0000000008006e98                HAL_I2C_Slave_Transmit_IT
 .text.HAL_I2C_Master_Receive_DMA
                0x0000000008006f74      0x1e0 ./Drivers/STM32F7xx_HAL_Driver/Src/stm32f7xx_hal_i2c.o
                0x0000000008006f74                HAL_I2C_Master_Receive_DMA
 .text.HAL_I2C_Master_Abort_IT
                0x0000000008007154       0xa8 ./Drivers/STM32F7xx_HAL_Driver/Src/stm32f7xx_hal_i2c.o
                0x0000000008007154                HAL_I2C_Master_Abort_IT
 .text.HAL_I2C_EV_IRQHandler
                0x00000000080071fc       0x34 ./Drivers/STM32F7xx_HAL_Driver/Src/stm32f7xx_hal_i2c.o
                0x00000000080071fc                HAL_I2C_EV_IRQHandler
 .text.HAL_I2C_ER_IRQHandler
                0x0000000008007230       0xb6 ./Drivers/STM32F7xx_HAL_Driver/Src/stm32f7xx_hal_i2c.o
                0x0000000008007230                HAL_I2C_ER_IRQHandler
 .text.HAL_I2C_MasterTxCpltCallback
                0x00000000080072e6       0x14 ./Drivers/STM32F7xx_HAL_Driver/Src/stm32f7xx_hal_i2c.o
                0x00000000080072e6                HAL_I2C_MasterTxCpltCallback
 .text.HAL_I2C_SlaveTxCpltCallback
                0x00000000080072fa       0x14 ./Drivers/STM32F7xx_HAL_Driver/Src/stm32f7xx_hal_i2c.o
                0x00000000080072fa                HAL_I2C_SlaveTxCpltCallback
 .text.HAL_I2C_SlaveRxCpltCallback
                0x000000000800730e       0x14 ./Drivers/STM32F7xx_HAL_Driver/Src/stm32f7xx_hal_i2c.o
                0x000000000800730e                HAL_I2C_SlaveRxCpltCallback
 .text.HAL_I2C_AddrCallback
                0x0000000008007322       0x1c ./Drivers/STM32F7xx_HAL_Driver/Src/stm32f7xx_hal_i2c.o
                0x0000000008007322                HAL_I2C_AddrCallback
 .text.HAL_I2C_ListenCpltCallback
                0x000000000800733e       0x14 ./Drivers/STM32F7xx_HAL_Driver/Src/stm32f7xx_hal_i2c.o
                0x000000000800733e                HAL_I2C_ListenCpltCallback
 .text.HAL_I2C_MemTxCpltCallback
                0x0000000008007352       0x14 ./Drivers/STM32F7xx_HAL_Driver/Src/stm32f7xx_hal_i2c.o
                0x0000000008007352                HAL_I2C_MemTxCpltCallback
 .text.HAL_I2C_MemRxCpltCallback
                0x0000000008007366       0x14 ./Drivers/STM32F7xx_HAL_Driver/Src/stm32f7xx_hal_i2c.o
                0x0000000008007366                HAL_I2C_MemRxCpltCallback
 .text.I2C_Master_ISR_IT
                0x000000000800737a      0x26a ./Drivers/STM32F7xx_HAL_Driver/Src/stm32f7xx_hal_i2c.o
 .text.I2C_Slave_ISR_IT
                0x00000000080075e4      0x1f2 ./Drivers/STM32F7xx_HAL_Driver/Src/stm32f7xx_hal_i2c.o
 .text.I2C_Master_ISR_DMA
                0x00000000080077d6      0x1f2 ./Drivers/STM32F7xx_HAL_Driver/Src/stm32f7xx_hal_i2c.o
 .text.I2C_Mem_ISR_DMA
                0x00000000080079c8      0x288 ./Drivers/STM32F7xx_HAL_Driver/Src/stm32f7xx_hal_i2c.o
 .text.I2C_Slave_ISR_DMA
                0x0000000008007c50      0x1ae ./Drivers/STM32F7xx_HAL_Driver/Src/stm32f7xx_hal_i2c.o
 .text.I2C_ITAddrCplt
                0x0000000008007dfe      0x108 ./Drivers/STM32F7xx_HAL_Driver/Src/stm32f7xx_hal_i2c.o
 .text.I2C_ITMasterSeqCplt
                0x0000000008007f06       0x7a ./Drivers/STM32F7xx_HAL_Driver/Src/stm32f7xx_hal_i2c.o
 .text.I2C_ITSlaveSeqCplt
                0x0000000008007f80       0xb8 ./Drivers/STM32F7xx_HAL_Driver/Src/stm32f7xx_hal_i2c.o
 .text.I2C_ITMasterCplt
                0x0000000008008038      0x190 ./Drivers/STM32F7xx_HAL_Driver/Src/stm32f7xx_hal_i2c.o
 .text.I2C_ITSlaveCplt
                0x00000000080081c8      0x2c8 ./Drivers/STM32F7xx_HAL_Driver/Src/stm32f7xx_hal_i2c.o
 .text.I2C_ITListenCplt
                0x0000000008008490       0xa8 ./Drivers/STM32F7xx_HAL_Driver/Src/stm32f7xx_hal_i2c.o
 .text.I2C_ITError
                0x0000000008008538      0x1e0 ./Drivers/STM32F7xx_HAL_Driver/Src/stm32f7xx_hal_i2c.o
 .text.I2C_TreatErrorCallback
                0x0000000008008718       0x4e ./Drivers/STM32F7xx_HAL_Driver/Src/stm32f7xx_hal_i2c.o
 .text.I2C_Flush_TXDR
                0x0000000008008766       0x48 ./Drivers/STM32F7xx_HAL_Driver/Src/stm32f7xx_hal_i2c.o
 .text.I2C_DMAMasterReceiveCplt
                0x00000000080087ae       0xb2 ./Drivers/STM32F7xx_HAL_Driver/Src/stm32f7xx_hal_i2c.o
 .text.I2C_DMAError
                0x0000000008008860       0x74 ./Drivers/STM32F7xx_HAL_Driver/Src/stm32f7xx_hal_i2c.o
 .text.I2C_DMAAbort
                0x00000000080088d4       0x3c ./Drivers/STM32F7xx_HAL_Driver/Src/stm32f7xx_hal_i2c.o
 .text.I2C_TransferConfig
                0x0000000008008910       0x64 ./Drivers/STM32F7xx_HAL_Driver/Src/stm32f7xx_hal_i2c.o
 .text.I2C_Enable_IRQ
                0x0000000008008974      0x108 ./Drivers/STM32F7xx_HAL_Driver/Src/stm32f7xx_hal_i2c.o
 .text.I2C_Disable_IRQ
                0x0000000008008a7c       0xbc ./Drivers/STM32F7xx_HAL_Driver/Src/stm32f7xx_hal_i2c.o
 .text.HAL_I2CEx_ConfigAnalogFilter
                0x0000000008008b38       0x96 ./Drivers/STM32F7xx_HAL_Driver/Src/stm32f7xx_hal_i2c_ex.o
                0x0000000008008b38                HAL_I2CEx_ConfigAnalogFilter
 .text.HAL_I2CEx_ConfigDigitalFilter
                0x0000000008008bce       0x98 ./Drivers/STM32F7xx_HAL_Driver/Src/stm32f7xx_hal_i2c_ex.o
                0x0000000008008bce                HAL_I2CEx_ConfigDigitalFilter
 *fill*         0x0000000008008c66        0x2 
 .text.HAL_PWR_EnableBkUpAccess
                0x0000000008008c68       0x20 ./Drivers/STM32F7xx_HAL_Driver/Src/stm32f7xx_hal_pwr.o
                0x0000000008008c68                HAL_PWR_EnableBkUpAccess
 .text.HAL_PWREx_EnableOverDrive
                0x0000000008008c88       0xa0 ./Drivers/STM32F7xx_HAL_Driver/Src/stm32f7xx_hal_pwr_ex.o
                0x0000000008008c88                HAL_PWREx_EnableOverDrive
 .text.HAL_RCC_OscConfig
                0x0000000008008d28      0x548 ./Drivers/STM32F7xx_HAL_Driver/Src/stm32f7xx_hal_rcc.o
                0x0000000008008d28                HAL_RCC_OscConfig
 .text.HAL_RCC_ClockConfig
                0x0000000008009270      0x1d8 ./Drivers/STM32F7xx_HAL_Driver/Src/stm32f7xx_hal_rcc.o
                0x0000000008009270                HAL_RCC_ClockConfig
 .text.HAL_RCC_GetSysClockFreq
                0x0000000008009448      0x20c ./Drivers/STM32F7xx_HAL_Driver/Src/stm32f7xx_hal_rcc.o
                0x0000000008009448                HAL_RCC_GetSysClockFreq
 .text.HAL_RCC_GetHCLKFreq
                0x0000000008009654       0x18 ./Drivers/STM32F7xx_HAL_Driver/Src/stm32f7xx_hal_rcc.o
                0x0000000008009654                HAL_RCC_GetHCLKFreq
 .text.HAL_RCC_GetPCLK1Freq
                0x000000000800966c       0x28 ./Drivers/STM32F7xx_HAL_Driver/Src/stm32f7xx_hal_rcc.o
                0x000000000800966c                HAL_RCC_GetPCLK1Freq
 .text.HAL_RCC_GetPCLK2Freq
                0x0000000008009694       0x28 ./Drivers/STM32F7xx_HAL_Driver/Src/stm32f7xx_hal_rcc.o
                0x0000000008009694                HAL_RCC_GetPCLK2Freq
 .text.HAL_RCC_GetClockConfig
                0x00000000080096bc       0x64 ./Drivers/STM32F7xx_HAL_Driver/Src/stm32f7xx_hal_rcc.o
                0x00000000080096bc                HAL_RCC_GetClockConfig
 .text.HAL_RCCEx_PeriphCLKConfig
                0x0000000008009720      0x7e0 ./Drivers/STM32F7xx_HAL_Driver/Src/stm32f7xx_hal_rcc_ex.o
                0x0000000008009720                HAL_RCCEx_PeriphCLKConfig
 .text.HAL_SPI_Init
                0x0000000008009f00      0x156 ./Drivers/STM32F7xx_HAL_Driver/Src/stm32f7xx_hal_spi.o
                0x0000000008009f00                HAL_SPI_Init
 *fill*         0x000000000800a056        0x2 
 .text.HAL_SPI_Transmit_IT
                0x000000000800a058      0x118 ./Drivers/STM32F7xx_HAL_Driver/Src/stm32f7xx_hal_spi.o
                0x000000000800a058                HAL_SPI_Transmit_IT
 .text.HAL_SPI_Receive_IT
                0x000000000800a170      0x15c ./Drivers/STM32F7xx_HAL_Driver/Src/stm32f7xx_hal_spi.o
                0x000000000800a170                HAL_SPI_Receive_IT
 .text.HAL_SPI_TransmitReceive_IT
                0x000000000800a2cc      0x15c ./Drivers/STM32F7xx_HAL_Driver/Src/stm32f7xx_hal_spi.o
                0x000000000800a2cc                HAL_SPI_TransmitReceive_IT
 .text.HAL_SPI_Transmit_DMA
                0x000000000800a428      0x1e0 ./Drivers/STM32F7xx_HAL_Driver/Src/stm32f7xx_hal_spi.o
                0x000000000800a428                HAL_SPI_Transmit_DMA
 .text.HAL_SPI_Receive_DMA
                0x000000000800a608      0x240 ./Drivers/STM32F7xx_HAL_Driver/Src/stm32f7xx_hal_spi.o
                0x000000000800a608                HAL_SPI_Receive_DMA
 .text.HAL_SPI_TransmitReceive_DMA
                0x000000000800a848      0x308 ./Drivers/STM32F7xx_HAL_Driver/Src/stm32f7xx_hal_spi.o
                0x000000000800a848                HAL_SPI_TransmitReceive_DMA
 .text.HAL_SPI_Abort_IT
                0x000000000800ab50      0x1f4 ./Drivers/STM32F7xx_HAL_Driver/Src/stm32f7xx_hal_spi.o
                0x000000000800ab50                HAL_SPI_Abort_IT
 .text.HAL_SPI_IRQHandler
                0x000000000800ad44      0x1e8 ./Drivers/STM32F7xx_HAL_Driver/Src/stm32f7xx_hal_spi.o
                0x000000000800ad44                HAL_SPI_IRQHandler
 .text.HAL_SPI_TxCpltCallback
                0x000000000800af2c       0x14 ./Drivers/STM32F7xx_HAL_Driver/Src/stm32f7xx_hal_spi.o
                0x000000000800af2c                HAL_SPI_TxCpltCallback
 .text.HAL_SPI_TxHalfCpltCallback
                0x000000000800af40       0x14 ./Drivers/STM32F7xx_HAL_Driver/Src/stm32f7xx_hal_spi.o
                0x000000000800af40                HAL_SPI_TxHalfCpltCallback
 .text.HAL_SPI_RxHalfCpltCallback
                0x000000000800af54       0x14 ./Drivers/STM32F7xx_HAL_Driver/Src/stm32f7xx_hal_spi.o
                0x000000000800af54                HAL_SPI_RxHalfCpltCallback
 .text.HAL_SPI_TxRxHalfCpltCallback
                0x000000000800af68       0x14 ./Drivers/STM32F7xx_HAL_Driver/Src/stm32f7xx_hal_spi.o
                0x000000000800af68                HAL_SPI_TxRxHalfCpltCallback
 .text.SPI_DMATransmitCplt
                0x000000000800af7c       0xa8 ./Drivers/STM32F7xx_HAL_Driver/Src/stm32f7xx_hal_spi.o
 .text.SPI_DMAReceiveCplt
                0x000000000800b024       0xaa ./Drivers/STM32F7xx_HAL_Driver/Src/stm32f7xx_hal_spi.o
 .text.SPI_DMATransmitReceiveCplt
                0x000000000800b0ce       0x92 ./Drivers/STM32F7xx_HAL_Driver/Src/stm32f7xx_hal_spi.o
 .text.SPI_DMAHalfTransmitCplt
                0x000000000800b160       0x1c ./Drivers/STM32F7xx_HAL_Driver/Src/stm32f7xx_hal_spi.o
 .text.SPI_DMAHalfReceiveCplt
                0x000000000800b17c       0x1c ./Drivers/STM32F7xx_HAL_Driver/Src/stm32f7xx_hal_spi.o
 .text.SPI_DMAHalfTransmitReceiveCplt
                0x000000000800b198       0x1c ./Drivers/STM32F7xx_HAL_Driver/Src/stm32f7xx_hal_spi.o
 .text.SPI_DMAError
                0x000000000800b1b4       0x40 ./Drivers/STM32F7xx_HAL_Driver/Src/stm32f7xx_hal_spi.o
 .text.SPI_DMAAbortOnError
                0x000000000800b1f4       0x2a ./Drivers/STM32F7xx_HAL_Driver/Src/stm32f7xx_hal_spi.o
 .text.SPI_DMATxAbortCallback
                0x000000000800b21e       0xde ./Drivers/STM32F7xx_HAL_Driver/Src/stm32f7xx_hal_spi.o
 .text.SPI_DMARxAbortCallback
                0x000000000800b2fc       0xe2 ./Drivers/STM32F7xx_HAL_Driver/Src/stm32f7xx_hal_spi.o
 .text.SPI_2linesRxISR_8BIT
                0x000000000800b3de       0xbe ./Drivers/STM32F7xx_HAL_Driver/Src/stm32f7xx_hal_spi.o
 .text.SPI_2linesTxISR_8BIT
                0x000000000800b49c       0x92 ./Drivers/STM32F7xx_HAL_Driver/Src/stm32f7xx_hal_spi.o
 .text.SPI_2linesRxISR_16BIT
                0x000000000800b52e       0x66 ./Drivers/STM32F7xx_HAL_Driver/Src/stm32f7xx_hal_spi.o
 .text.SPI_2linesTxISR_16BIT
                0x000000000800b594       0x60 ./Drivers/STM32F7xx_HAL_Driver/Src/stm32f7xx_hal_spi.o
 .text.SPI_RxISR_8BIT
                0x000000000800b5f4       0x50 ./Drivers/STM32F7xx_HAL_Driver/Src/stm32f7xx_hal_spi.o
 .text.SPI_RxISR_16BIT
                0x000000000800b644       0x4c ./Drivers/STM32F7xx_HAL_Driver/Src/stm32f7xx_hal_spi.o
 .text.SPI_TxISR_8BIT
                0x000000000800b690       0x46 ./Drivers/STM32F7xx_HAL_Driver/Src/stm32f7xx_hal_spi.o
 .text.SPI_TxISR_16BIT
                0x000000000800b6d6       0x44 ./Drivers/STM32F7xx_HAL_Driver/Src/stm32f7xx_hal_spi.o
 *fill*         0x000000000800b71a        0x2 
 .text.SPI_WaitFlagStateUntilTimeout
                0x000000000800b71c      0x110 ./Drivers/STM32F7xx_HAL_Driver/Src/stm32f7xx_hal_spi.o
 .text.SPI_WaitFifoStateUntilTimeout
                0x000000000800b82c      0x12c ./Drivers/STM32F7xx_HAL_Driver/Src/stm32f7xx_hal_spi.o
 .text.SPI_EndRxTransaction
                0x000000000800b958       0xf8 ./Drivers/STM32F7xx_HAL_Driver/Src/stm32f7xx_hal_spi.o
 .text.SPI_EndRxTxTransaction
                0x000000000800ba50       0xd4 ./Drivers/STM32F7xx_HAL_Driver/Src/stm32f7xx_hal_spi.o
 .text.SPI_CloseRxTx_ISR
                0x000000000800bb24       0x84 ./Drivers/STM32F7xx_HAL_Driver/Src/stm32f7xx_hal_spi.o
 .text.SPI_CloseRx_ISR
                0x000000000800bba8       0x60 ./Drivers/STM32F7xx_HAL_Driver/Src/stm32f7xx_hal_spi.o
 .text.SPI_CloseTx_ISR
                0x000000000800bc08       0x7e ./Drivers/STM32F7xx_HAL_Driver/Src/stm32f7xx_hal_spi.o
 *fill*         0x000000000800bc86        0x2 
 .text.SPI_AbortRx_ISR
                0x000000000800bc88       0xc0 ./Drivers/STM32F7xx_HAL_Driver/Src/stm32f7xx_hal_spi.o
 .text.SPI_AbortTx_ISR
                0x000000000800bd48      0x144 ./Drivers/STM32F7xx_HAL_Driver/Src/stm32f7xx_hal_spi.o
 .text.HAL_TIM_Base_Init
                0x000000000800be8c       0xae ./Drivers/STM32F7xx_HAL_Driver/Src/stm32f7xx_hal_tim.o
                0x000000000800be8c                HAL_TIM_Base_Init
 .text.HAL_TIM_Base_MspInit
                0x000000000800bf3a       0x14 ./Drivers/STM32F7xx_HAL_Driver/Src/stm32f7xx_hal_tim.o
                0x000000000800bf3a                HAL_TIM_Base_MspInit
 *fill*         0x000000000800bf4e        0x2 
 .text.HAL_TIM_Base_Start_IT
                0x000000000800bf50       0xf0 ./Drivers/STM32F7xx_HAL_Driver/Src/stm32f7xx_hal_tim.o
                0x000000000800bf50                HAL_TIM_Base_Start_IT
 .text.HAL_TIM_IRQHandler
                0x000000000800c040      0x20e ./Drivers/STM32F7xx_HAL_Driver/Src/stm32f7xx_hal_tim.o
                0x000000000800c040                HAL_TIM_IRQHandler
 .text.HAL_TIM_OC_DelayElapsedCallback
                0x000000000800c24e       0x14 ./Drivers/STM32F7xx_HAL_Driver/Src/stm32f7xx_hal_tim.o
                0x000000000800c24e                HAL_TIM_OC_DelayElapsedCallback
 .text.HAL_TIM_IC_CaptureCallback
                0x000000000800c262       0x14 ./Drivers/STM32F7xx_HAL_Driver/Src/stm32f7xx_hal_tim.o
                0x000000000800c262                HAL_TIM_IC_CaptureCallback
 .text.HAL_TIM_PWM_PulseFinishedCallback
                0x000000000800c276       0x14 ./Drivers/STM32F7xx_HAL_Driver/Src/stm32f7xx_hal_tim.o
                0x000000000800c276                HAL_TIM_PWM_PulseFinishedCallback
 .text.HAL_TIM_TriggerCallback
                0x000000000800c28a       0x14 ./Drivers/STM32F7xx_HAL_Driver/Src/stm32f7xx_hal_tim.o
                0x000000000800c28a                HAL_TIM_TriggerCallback
 *fill*         0x000000000800c29e        0x2 
 .text.TIM_Base_SetConfig
                0x000000000800c2a0      0x158 ./Drivers/STM32F7xx_HAL_Driver/Src/stm32f7xx_hal_tim.o
                0x000000000800c2a0                TIM_Base_SetConfig
 .text.HAL_TIMEx_CommutCallback
                0x000000000800c3f8       0x14 ./Drivers/STM32F7xx_HAL_Driver/Src/stm32f7xx_hal_tim_ex.o
                0x000000000800c3f8                HAL_TIMEx_CommutCallback
 .text.HAL_TIMEx_BreakCallback
                0x000000000800c40c       0x14 ./Drivers/STM32F7xx_HAL_Driver/Src/stm32f7xx_hal_tim_ex.o
                0x000000000800c40c                HAL_TIMEx_BreakCallback
 .text.HAL_TIMEx_Break2Callback
                0x000000000800c420       0x14 ./Drivers/STM32F7xx_HAL_Driver/Src/stm32f7xx_hal_tim_ex.o
                0x000000000800c420                HAL_TIMEx_Break2Callback
 .text.HAL_UART_Init
                0x000000000800c434       0x9c ./Drivers/STM32F7xx_HAL_Driver/Src/stm32f7xx_hal_uart.o
                0x000000000800c434                HAL_UART_Init
 .text.HAL_UART_Transmit_IT
                0x000000000800c4d0       0xbc ./Drivers/STM32F7xx_HAL_Driver/Src/stm32f7xx_hal_uart.o
                0x000000000800c4d0                HAL_UART_Transmit_IT
 .text.HAL_UART_Receive_IT
                0x000000000800c58c       0x88 ./Drivers/STM32F7xx_HAL_Driver/Src/stm32f7xx_hal_uart.o
                0x000000000800c58c                HAL_UART_Receive_IT
 .text.HAL_UART_Transmit_DMA
                0x000000000800c614       0xf8 ./Drivers/STM32F7xx_HAL_Driver/Src/stm32f7xx_hal_uart.o
                0x000000000800c614                HAL_UART_Transmit_DMA
 .text.HAL_UART_Receive_DMA
                0x000000000800c70c       0x88 ./Drivers/STM32F7xx_HAL_Driver/Src/stm32f7xx_hal_uart.o
                0x000000000800c70c                HAL_UART_Receive_DMA
 .text.HAL_UART_Abort_IT
                0x000000000800c794      0x24c ./Drivers/STM32F7xx_HAL_Driver/Src/stm32f7xx_hal_uart.o
                0x000000000800c794                HAL_UART_Abort_IT
 .text.HAL_UART_IRQHandler
                0x000000000800c9e0      0x5a4 ./Drivers/STM32F7xx_HAL_Driver/Src/stm32f7xx_hal_uart.o
                0x000000000800c9e0                HAL_UART_IRQHandler
 .text.HAL_UART_TxCpltCallback
                0x000000000800cf84       0x14 ./Drivers/STM32F7xx_HAL_Driver/Src/stm32f7xx_hal_uart.o
                0x000000000800cf84                HAL_UART_TxCpltCallback
 .text.HAL_UART_TxHalfCpltCallback
                0x000000000800cf98       0x14 ./Drivers/STM32F7xx_HAL_Driver/Src/stm32f7xx_hal_uart.o
                0x000000000800cf98                HAL_UART_TxHalfCpltCallback
 .text.HAL_UART_RxHalfCpltCallback
                0x000000000800cfac       0x14 ./Drivers/STM32F7xx_HAL_Driver/Src/stm32f7xx_hal_uart.o
                0x000000000800cfac                HAL_UART_RxHalfCpltCallback
 .text.HAL_UARTEx_RxEventCallback
                0x000000000800cfc0       0x18 ./Drivers/STM32F7xx_HAL_Driver/Src/stm32f7xx_hal_uart.o
                0x000000000800cfc0                HAL_UARTEx_RxEventCallback
 .text.UART_SetConfig
                0x000000000800cfd8      0x4c8 ./Drivers/STM32F7xx_HAL_Driver/Src/stm32f7xx_hal_uart.o
                0x000000000800cfd8                UART_SetConfig
 .text.UART_AdvFeatureConfig
                0x000000000800d4a0      0x144 ./Drivers/STM32F7xx_HAL_Driver/Src/stm32f7xx_hal_uart.o
                0x000000000800d4a0                UART_AdvFeatureConfig
 .text.UART_CheckIdleState
                0x000000000800d5e4       0xae ./Drivers/STM32F7xx_HAL_Driver/Src/stm32f7xx_hal_uart.o
                0x000000000800d5e4                UART_CheckIdleState
 .text.UART_WaitOnFlagUntilTimeout
                0x000000000800d692       0xda ./Drivers/STM32F7xx_HAL_Driver/Src/stm32f7xx_hal_uart.o
                0x000000000800d692                UART_WaitOnFlagUntilTimeout
 .text.UART_Start_Receive_IT
                0x000000000800d76c      0x18c ./Drivers/STM32F7xx_HAL_Driver/Src/stm32f7xx_hal_uart.o
                0x000000000800d76c                UART_Start_Receive_IT
 .text.UART_Start_Receive_DMA
                0x000000000800d8f8      0x140 ./Drivers/STM32F7xx_HAL_Driver/Src/stm32f7xx_hal_uart.o
                0x000000000800d8f8                UART_Start_Receive_DMA
 .text.UART_EndTxTransfer
                0x000000000800da38       0x4c ./Drivers/STM32F7xx_HAL_Driver/Src/stm32f7xx_hal_uart.o
 .text.UART_EndRxTransfer
                0x000000000800da84       0xc8 ./Drivers/STM32F7xx_HAL_Driver/Src/stm32f7xx_hal_uart.o
 .text.UART_DMATransmitCplt
                0x000000000800db4c       0x96 ./Drivers/STM32F7xx_HAL_Driver/Src/stm32f7xx_hal_uart.o
 .text.UART_DMATxHalfCplt
                0x000000000800dbe2       0x1c ./Drivers/STM32F7xx_HAL_Driver/Src/stm32f7xx_hal_uart.o
 .text.UART_DMAReceiveCplt
                0x000000000800dbfe      0x128 ./Drivers/STM32F7xx_HAL_Driver/Src/stm32f7xx_hal_uart.o
 .text.UART_DMARxHalfCplt
                0x000000000800dd26       0x3e ./Drivers/STM32F7xx_HAL_Driver/Src/stm32f7xx_hal_uart.o
 .text.UART_DMAError
                0x000000000800dd64       0x7e ./Drivers/STM32F7xx_HAL_Driver/Src/stm32f7xx_hal_uart.o
 .text.UART_DMAAbortOnError
                0x000000000800dde2       0x2c ./Drivers/STM32F7xx_HAL_Driver/Src/stm32f7xx_hal_uart.o
 .text.UART_DMATxAbortCallback
                0x000000000800de0e       0x6c ./Drivers/STM32F7xx_HAL_Driver/Src/stm32f7xx_hal_uart.o
 .text.UART_DMARxAbortCallback
                0x000000000800de7a       0x7c ./Drivers/STM32F7xx_HAL_Driver/Src/stm32f7xx_hal_uart.o
 .text.UART_TxISR_8BIT
                0x000000000800def6       0xb6 ./Drivers/STM32F7xx_HAL_Driver/Src/stm32f7xx_hal_uart.o
 .text.UART_TxISR_16BIT
                0x000000000800dfac       0xc0 ./Drivers/STM32F7xx_HAL_Driver/Src/stm32f7xx_hal_uart.o
 .text.UART_EndTransmit_IT
                0x000000000800e06c       0x54 ./Drivers/STM32F7xx_HAL_Driver/Src/stm32f7xx_hal_uart.o
 .text.UART_RxISR_8BIT
                0x000000000800e0c0      0x1a8 ./Drivers/STM32F7xx_HAL_Driver/Src/stm32f7xx_hal_uart.o
 .text.UART_RxISR_16BIT
                0x000000000800e268      0x1a8 ./Drivers/STM32F7xx_HAL_Driver/Src/stm32f7xx_hal_uart.o
 .text.MX_LWIP_Init
                0x000000000800e410      0x270 ./LWIP/App/lwip.o
                0x000000000800e410                MX_LWIP_Init
 .text.ethernet_link_status_updated
                0x000000000800e680       0x14 ./LWIP/App/lwip.o
 .text.SCB_InvalidateDCache_by_Addr
                0x000000000800e694       0x58 ./LWIP/Target/ethernetif.o
 .text.HAL_ETH_RxCpltCallback
                0x000000000800e6ec       0x20 ./LWIP/Target/ethernetif.o
                0x000000000800e6ec                HAL_ETH_RxCpltCallback
 .text.HAL_ETH_TxCpltCallback
                0x000000000800e70c       0x20 ./LWIP/Target/ethernetif.o
                0x000000000800e70c                HAL_ETH_TxCpltCallback
 .text.HAL_ETH_ErrorCallback
                0x000000000800e72c       0x30 ./LWIP/Target/ethernetif.o
                0x000000000800e72c                HAL_ETH_ErrorCallback
 .text.low_level_init
                0x000000000800e75c      0x2c8 ./LWIP/Target/ethernetif.o
 .text.low_level_output
                0x000000000800ea24      0x134 ./LWIP/Target/ethernetif.o
 .text.low_level_input
                0x000000000800eb58       0x34 ./LWIP/Target/ethernetif.o
 .text.ethernetif_input
                0x000000000800eb8c       0x54 ./LWIP/Target/ethernetif.o
 .text.ethernetif_init
                0x000000000800ebe0       0x5c ./LWIP/Target/ethernetif.o
                0x000000000800ebe0                ethernetif_init
 .text.pbuf_free_custom
                0x000000000800ec3c       0x40 ./LWIP/Target/ethernetif.o
                0x000000000800ec3c                pbuf_free_custom
 .text.sys_now  0x000000000800ec7c        0xe ./LWIP/Target/ethernetif.o
                0x000000000800ec7c                sys_now
 *fill*         0x000000000800ec8a        0x2 
 .text.HAL_ETH_MspInit
                0x000000000800ec8c      0x190 ./LWIP/Target/ethernetif.o
                0x000000000800ec8c                HAL_ETH_MspInit
 .text.ETH_PHY_IO_Init
                0x000000000800ee1c       0x14 ./LWIP/Target/ethernetif.o
                0x000000000800ee1c                ETH_PHY_IO_Init
 .text.ETH_PHY_IO_DeInit
                0x000000000800ee30       0x10 ./LWIP/Target/ethernetif.o
                0x000000000800ee30                ETH_PHY_IO_DeInit
 .text.ETH_PHY_IO_ReadReg
                0x000000000800ee40       0x34 ./LWIP/Target/ethernetif.o
                0x000000000800ee40                ETH_PHY_IO_ReadReg
 .text.ETH_PHY_IO_WriteReg
                0x000000000800ee74       0x34 ./LWIP/Target/ethernetif.o
                0x000000000800ee74                ETH_PHY_IO_WriteReg
 .text.ETH_PHY_IO_GetTick
                0x000000000800eea8        0xe ./LWIP/Target/ethernetif.o
                0x000000000800eea8                ETH_PHY_IO_GetTick
 *fill*         0x000000000800eeb6        0x2 
 .text.ethernet_link_thread
                0x000000000800eeb8      0x11c ./LWIP/Target/ethernetif.o
                0x000000000800eeb8                ethernet_link_thread
 .text.HAL_ETH_RxAllocateCallback
                0x000000000800efd4       0x60 ./LWIP/Target/ethernetif.o
                0x000000000800efd4                HAL_ETH_RxAllocateCallback
 .text.HAL_ETH_RxLinkCallback
                0x000000000800f034       0x84 ./LWIP/Target/ethernetif.o
                0x000000000800f034                HAL_ETH_RxLinkCallback
 .text.HAL_ETH_TxFreeCallback
                0x000000000800f0b8       0x16 ./LWIP/Target/ethernetif.o
                0x000000000800f0b8                HAL_ETH_TxFreeCallback
 *fill*         0x000000000800f0ce        0x2 
 .text.RMII_Thread
                0x000000000800f0d0       0x68 ./LWIP/Target/ethernetif.o
 .text.makeFreeRtosPriority
                0x000000000800f138       0x30 ./Middlewares/Third_Party/FreeRTOS/Source/CMSIS_RTOS/cmsis_os.o
 .text.inHandlerMode
                0x000000000800f168       0x24 ./Middlewares/Third_Party/FreeRTOS/Source/CMSIS_RTOS/cmsis_os.o
 .text.osKernelStart
                0x000000000800f18c        0xe ./Middlewares/Third_Party/FreeRTOS/Source/CMSIS_RTOS/cmsis_os.o
                0x000000000800f18c                osKernelStart
 .text.osKernelSysTick
                0x000000000800f19a       0x20 ./Middlewares/Third_Party/FreeRTOS/Source/CMSIS_RTOS/cmsis_os.o
                0x000000000800f19a                osKernelSysTick
 .text.osThreadCreate
                0x000000000800f1ba       0x98 ./Middlewares/Third_Party/FreeRTOS/Source/CMSIS_RTOS/cmsis_os.o
                0x000000000800f1ba                osThreadCreate
 .text.osThreadTerminate
                0x000000000800f252       0x18 ./Middlewares/Third_Party/FreeRTOS/Source/CMSIS_RTOS/cmsis_os.o
                0x000000000800f252                osThreadTerminate
 .text.osDelay  0x000000000800f26a       0x28 ./Middlewares/Third_Party/FreeRTOS/Source/CMSIS_RTOS/cmsis_os.o
                0x000000000800f26a                osDelay
 .text.osMutexCreate
                0x000000000800f292       0x30 ./Middlewares/Third_Party/FreeRTOS/Source/CMSIS_RTOS/cmsis_os.o
                0x000000000800f292                osMutexCreate
 *fill*         0x000000000800f2c2        0x2 
 .text.osMutexWait
                0x000000000800f2c4       0x9c ./Middlewares/Third_Party/FreeRTOS/Source/CMSIS_RTOS/cmsis_os.o
                0x000000000800f2c4                osMutexWait
 .text.osMutexRelease
                0x000000000800f360       0x6c ./Middlewares/Third_Party/FreeRTOS/Source/CMSIS_RTOS/cmsis_os.o
                0x000000000800f360                osMutexRelease
 .text.osSemaphoreCreate
                0x000000000800f3cc       0x64 ./Middlewares/Third_Party/FreeRTOS/Source/CMSIS_RTOS/cmsis_os.o
                0x000000000800f3cc                osSemaphoreCreate
 .text.osSemaphoreWait
                0x000000000800f430       0x9c ./Middlewares/Third_Party/FreeRTOS/Source/CMSIS_RTOS/cmsis_os.o
                0x000000000800f430                osSemaphoreWait
 .text.osSemaphoreRelease
                0x000000000800f4cc       0x6c ./Middlewares/Third_Party/FreeRTOS/Source/CMSIS_RTOS/cmsis_os.o
                0x000000000800f4cc                osSemaphoreRelease
 .text.osMessageCreate
                0x000000000800f538       0x50 ./Middlewares/Third_Party/FreeRTOS/Source/CMSIS_RTOS/cmsis_os.o
                0x000000000800f538                osMessageCreate
 .text.osMessagePut
                0x000000000800f588       0x80 ./Middlewares/Third_Party/FreeRTOS/Source/CMSIS_RTOS/cmsis_os.o
                0x000000000800f588                osMessagePut
 .text.osMessageGet
                0x000000000800f608       0xe8 ./Middlewares/Third_Party/FreeRTOS/Source/CMSIS_RTOS/cmsis_os.o
                0x000000000800f608                osMessageGet
 .text.vListInitialise
                0x000000000800f6f0       0x40 ./Middlewares/Third_Party/FreeRTOS/Source/list.o
                0x000000000800f6f0                vListInitialise
 .text.vListInitialiseItem
                0x000000000800f730       0x1a ./Middlewares/Third_Party/FreeRTOS/Source/list.o
                0x000000000800f730                vListInitialiseItem
 .text.vListInsertEnd
                0x000000000800f74a       0x48 ./Middlewares/Third_Party/FreeRTOS/Source/list.o
                0x000000000800f74a                vListInsertEnd
 .text.vListInsert
                0x000000000800f792       0x72 ./Middlewares/Third_Party/FreeRTOS/Source/list.o
                0x000000000800f792                vListInsert
 .text.uxListRemove
                0x000000000800f804       0x54 ./Middlewares/Third_Party/FreeRTOS/Source/list.o
                0x000000000800f804                uxListRemove
 .text.xQueueGenericReset
                0x000000000800f858       0xd4 ./Middlewares/Third_Party/FreeRTOS/Source/queue.o
                0x000000000800f858                xQueueGenericReset
 .text.xQueueGenericCreateStatic
                0x000000000800f92c      0x104 ./Middlewares/Third_Party/FreeRTOS/Source/queue.o
                0x000000000800f92c                xQueueGenericCreateStatic
 .text.xQueueGenericCreate
                0x000000000800fa30       0x84 ./Middlewares/Third_Party/FreeRTOS/Source/queue.o
                0x000000000800fa30                xQueueGenericCreate
 .text.prvInitialiseNewQueue
                0x000000000800fab4       0x3e ./Middlewares/Third_Party/FreeRTOS/Source/queue.o
 .text.prvInitialiseMutex
                0x000000000800faf2       0x34 ./Middlewares/Third_Party/FreeRTOS/Source/queue.o
 .text.xQueueCreateMutex
                0x000000000800fb26       0x30 ./Middlewares/Third_Party/FreeRTOS/Source/queue.o
                0x000000000800fb26                xQueueCreateMutex
 .text.xQueueCreateMutexStatic
                0x000000000800fb56       0x36 ./Middlewares/Third_Party/FreeRTOS/Source/queue.o
                0x000000000800fb56                xQueueCreateMutexStatic
 .text.xQueueGenericSend
                0x000000000800fb8c      0x20c ./Middlewares/Third_Party/FreeRTOS/Source/queue.o
                0x000000000800fb8c                xQueueGenericSend
 .text.xQueueGenericSendFromISR
                0x000000000800fd98      0x140 ./Middlewares/Third_Party/FreeRTOS/Source/queue.o
                0x000000000800fd98                xQueueGenericSendFromISR
 .text.xQueueGiveFromISR
                0x000000000800fed8      0x12a ./Middlewares/Third_Party/FreeRTOS/Source/queue.o
                0x000000000800fed8                xQueueGiveFromISR
 *fill*         0x0000000008010002        0x2 
 .text.xQueueReceive
                0x0000000008010004      0x1cc ./Middlewares/Third_Party/FreeRTOS/Source/queue.o
                0x0000000008010004                xQueueReceive
 .text.xQueueSemaphoreTake
                0x00000000080101d0      0x228 ./Middlewares/Third_Party/FreeRTOS/Source/queue.o
                0x00000000080101d0                xQueueSemaphoreTake
 .text.xQueueReceiveFromISR
                0x00000000080103f8      0x10c ./Middlewares/Third_Party/FreeRTOS/Source/queue.o
                0x00000000080103f8                xQueueReceiveFromISR
 .text.prvGetDisinheritPriorityAfterTimeout
                0x0000000008010504       0x30 ./Middlewares/Third_Party/FreeRTOS/Source/queue.o
 .text.prvCopyDataToQueue
                0x0000000008010534       0xd4 ./Middlewares/Third_Party/FreeRTOS/Source/queue.o
 .text.prvCopyDataFromQueue
                0x0000000008010608       0x4c ./Middlewares/Third_Party/FreeRTOS/Source/queue.o
 .text.prvUnlockQueue
                0x0000000008010654       0xa4 ./Middlewares/Third_Party/FreeRTOS/Source/queue.o
 .text.prvIsQueueEmpty
                0x00000000080106f8       0x2c ./Middlewares/Third_Party/FreeRTOS/Source/queue.o
 .text.prvIsQueueFull
                0x0000000008010724       0x30 ./Middlewares/Third_Party/FreeRTOS/Source/queue.o
 .text.xTaskCreateStatic
                0x0000000008010754       0xc6 ./Middlewares/Third_Party/FreeRTOS/Source/tasks.o
                0x0000000008010754                xTaskCreateStatic
 .text.xTaskCreate
                0x000000000801081a       0x8a ./Middlewares/Third_Party/FreeRTOS/Source/tasks.o
                0x000000000801081a                xTaskCreate
 .text.prvInitialiseNewTask
                0x00000000080108a4      0x140 ./Middlewares/Third_Party/FreeRTOS/Source/tasks.o
 .text.prvAddNewTaskToReadyList
                0x00000000080109e4       0xd4 ./Middlewares/Third_Party/FreeRTOS/Source/tasks.o
 .text.vTaskDelete
                0x0000000008010ab8      0x124 ./Middlewares/Third_Party/FreeRTOS/Source/tasks.o
                0x0000000008010ab8                vTaskDelete
 .text.vTaskDelay
                0x0000000008010bdc       0x6c ./Middlewares/Third_Party/FreeRTOS/Source/tasks.o
                0x0000000008010bdc                vTaskDelay
 .text.vTaskStartScheduler
                0x0000000008010c48       0xdc ./Middlewares/Third_Party/FreeRTOS/Source/tasks.o
                0x0000000008010c48                vTaskStartScheduler
 .text.vTaskSuspendAll
                0x0000000008010d24       0x1c ./Middlewares/Third_Party/FreeRTOS/Source/tasks.o
                0x0000000008010d24                vTaskSuspendAll
 .text.xTaskResumeAll
                0x0000000008010d40      0x13c ./Middlewares/Third_Party/FreeRTOS/Source/tasks.o
                0x0000000008010d40                xTaskResumeAll
 .text.xTaskGetTickCount
                0x0000000008010e7c       0x20 ./Middlewares/Third_Party/FreeRTOS/Source/tasks.o
                0x0000000008010e7c                xTaskGetTickCount
 .text.xTaskGetTickCountFromISR
                0x0000000008010e9c       0x24 ./Middlewares/Third_Party/FreeRTOS/Source/tasks.o
                0x0000000008010e9c                xTaskGetTickCountFromISR
 .text.xTaskIncrementTick
                0x0000000008010ec0      0x174 ./Middlewares/Third_Party/FreeRTOS/Source/tasks.o
                0x0000000008010ec0                xTaskIncrementTick
 .text.vTaskSwitchContext
                0x0000000008011034       0xc8 ./Middlewares/Third_Party/FreeRTOS/Source/tasks.o
                0x0000000008011034                vTaskSwitchContext
 .text.vTaskPlaceOnEventList
                0x00000000080110fc       0x4c ./Middlewares/Third_Party/FreeRTOS/Source/tasks.o
                0x00000000080110fc                vTaskPlaceOnEventList
 .text.xTaskRemoveFromEventList
                0x0000000008011148       0xc8 ./Middlewares/Third_Party/FreeRTOS/Source/tasks.o
                0x0000000008011148                xTaskRemoveFromEventList
 .text.vTaskInternalSetTimeOutState
                0x0000000008011210       0x2c ./Middlewares/Third_Party/FreeRTOS/Source/tasks.o
                0x0000000008011210                vTaskInternalSetTimeOutState
 .text.xTaskCheckForTimeOut
                0x000000000801123c       0xcc ./Middlewares/Third_Party/FreeRTOS/Source/tasks.o
                0x000000000801123c                xTaskCheckForTimeOut
 .text.vTaskMissedYield
                0x0000000008011308       0x18 ./Middlewares/Third_Party/FreeRTOS/Source/tasks.o
                0x0000000008011308                vTaskMissedYield
 .text.prvIdleTask
                0x0000000008011320       0x30 ./Middlewares/Third_Party/FreeRTOS/Source/tasks.o
 .text.prvInitialiseTaskLists
                0x0000000008011350       0x80 ./Middlewares/Third_Party/FreeRTOS/Source/tasks.o
 .text.prvCheckTasksWaitingTermination
                0x00000000080113d0       0x5c ./Middlewares/Third_Party/FreeRTOS/Source/tasks.o
 .text.prvDeleteTCB
                0x000000000801142c       0x6c ./Middlewares/Third_Party/FreeRTOS/Source/tasks.o
 .text.prvResetNextTaskUnblockTime
                0x0000000008011498       0x40 ./Middlewares/Third_Party/FreeRTOS/Source/tasks.o
 .text.xTaskGetSchedulerState
                0x00000000080114d8       0x3c ./Middlewares/Third_Party/FreeRTOS/Source/tasks.o
                0x00000000080114d8                xTaskGetSchedulerState
 .text.xTaskPriorityInherit
                0x0000000008011514      0x100 ./Middlewares/Third_Party/FreeRTOS/Source/tasks.o
                0x0000000008011514                xTaskPriorityInherit
 .text.xTaskPriorityDisinherit
                0x0000000008011614      0x114 ./Middlewares/Third_Party/FreeRTOS/Source/tasks.o
                0x0000000008011614                xTaskPriorityDisinherit
 .text.vTaskPriorityDisinheritAfterTimeout
                0x0000000008011728      0x13c ./Middlewares/Third_Party/FreeRTOS/Source/tasks.o
                0x0000000008011728                vTaskPriorityDisinheritAfterTimeout
 .text.pvTaskIncrementMutexHeldCount
                0x0000000008011864       0x28 ./Middlewares/Third_Party/FreeRTOS/Source/tasks.o
                0x0000000008011864                pvTaskIncrementMutexHeldCount
 .text.prvAddCurrentTaskToDelayedList
                0x000000000801188c       0xcc ./Middlewares/Third_Party/FreeRTOS/Source/tasks.o
 .text.pxPortInitialiseStack
                0x0000000008011958       0x68 ./Middlewares/Third_Party/FreeRTOS/Source/portable/GCC/ARM_CM7/r0p1/port.o
                0x0000000008011958                pxPortInitialiseStack
 .text.prvTaskExitError
                0x00000000080119c0       0x60 ./Middlewares/Third_Party/FreeRTOS/Source/portable/GCC/ARM_CM7/r0p1/port.o
 .text.SVC_Handler
                0x0000000008011a20       0x28 ./Middlewares/Third_Party/FreeRTOS/Source/portable/GCC/ARM_CM7/r0p1/port.o
                0x0000000008011a20                SVC_Handler
 .text.prvPortStartFirstTask
                0x0000000008011a48       0x28 ./Middlewares/Third_Party/FreeRTOS/Source/portable/GCC/ARM_CM7/r0p1/port.o
 .text.xPortStartScheduler
                0x0000000008011a70       0xfc ./Middlewares/Third_Party/FreeRTOS/Source/portable/GCC/ARM_CM7/r0p1/port.o
                0x0000000008011a70                xPortStartScheduler
 .text.vPortEnterCritical
                0x0000000008011b6c       0x68 ./Middlewares/Third_Party/FreeRTOS/Source/portable/GCC/ARM_CM7/r0p1/port.o
                0x0000000008011b6c                vPortEnterCritical
 .text.vPortExitCritical
                0x0000000008011bd4       0x58 ./Middlewares/Third_Party/FreeRTOS/Source/portable/GCC/ARM_CM7/r0p1/port.o
                0x0000000008011bd4                vPortExitCritical
 *fill*         0x0000000008011c2c        0x4 
 .text.PendSV_Handler
                0x0000000008011c30       0x68 ./Middlewares/Third_Party/FreeRTOS/Source/portable/GCC/ARM_CM7/r0p1/port.o
                0x0000000008011c30                PendSV_Handler
 .text.SysTick_Handler
                0x0000000008011c98       0x48 ./Middlewares/Third_Party/FreeRTOS/Source/portable/GCC/ARM_CM7/r0p1/port.o
                0x0000000008011c98                SysTick_Handler
 .text.vPortSetupTimerInterrupt
                0x0000000008011ce0       0x48 ./Middlewares/Third_Party/FreeRTOS/Source/portable/GCC/ARM_CM7/r0p1/port.o
                0x0000000008011ce0                vPortSetupTimerInterrupt
 .text.vPortEnableVFP
                0x0000000008011d28       0x14 ./Middlewares/Third_Party/FreeRTOS/Source/portable/GCC/ARM_CM7/r0p1/port.o
 .text.vPortValidateInterruptPriority
                0x0000000008011d3c       0x88 ./Middlewares/Third_Party/FreeRTOS/Source/portable/GCC/ARM_CM7/r0p1/port.o
                0x0000000008011d3c                vPortValidateInterruptPriority
 .text.pvPortMalloc
                0x0000000008011dc4      0x194 ./Middlewares/Third_Party/FreeRTOS/Source/portable/MemMang/heap_4.o
                0x0000000008011dc4                pvPortMalloc
 .text.vPortFree
                0x0000000008011f58       0xbc ./Middlewares/Third_Party/FreeRTOS/Source/portable/MemMang/heap_4.o
                0x0000000008011f58                vPortFree
 .text.prvHeapInit
                0x0000000008012014       0xc8 ./Middlewares/Third_Party/FreeRTOS/Source/portable/MemMang/heap_4.o
 .text.prvInsertBlockIntoFreeList
                0x00000000080120dc       0xb4 ./Middlewares/Third_Party/FreeRTOS/Source/portable/MemMang/heap_4.o
 .text.tcpip_timeouts_mbox_fetch
                0x0000000008012190       0x6c ./Middlewares/Third_Party/LwIP/src/api/tcpip.o
 .text.tcpip_thread
                0x00000000080121fc       0x68 ./Middlewares/Third_Party/LwIP/src/api/tcpip.o
 .text.tcpip_thread_handle_msg
                0x0000000008012264       0x90 ./Middlewares/Third_Party/LwIP/src/api/tcpip.o
 .text.tcpip_inpkt
                0x00000000080122f4       0x88 ./Middlewares/Third_Party/LwIP/src/api/tcpip.o
                0x00000000080122f4                tcpip_inpkt
 .text.tcpip_input
                0x000000000801237c       0x44 ./Middlewares/Third_Party/LwIP/src/api/tcpip.o
                0x000000000801237c                tcpip_input
 .text.tcpip_try_callback
                0x00000000080123c0       0x80 ./Middlewares/Third_Party/LwIP/src/api/tcpip.o
                0x00000000080123c0                tcpip_try_callback
 .text.tcpip_init
                0x0000000008012440       0x94 ./Middlewares/Third_Party/LwIP/src/api/tcpip.o
                0x0000000008012440                tcpip_init
 .text.lwip_htons
                0x00000000080124d4       0x2a ./Middlewares/Third_Party/LwIP/src/core/def.o
                0x00000000080124d4                lwip_htons
 .text.lwip_htonl
                0x00000000080124fe       0x32 ./Middlewares/Third_Party/LwIP/src/core/def.o
                0x00000000080124fe                lwip_htonl
 .text.lwip_init
                0x0000000008012530       0x2e ./Middlewares/Third_Party/LwIP/src/core/init.o
                0x0000000008012530                lwip_init
 *fill*         0x000000000801255e        0x2 
 .text.ptr_to_mem
                0x0000000008012560       0x24 ./Middlewares/Third_Party/LwIP/src/core/mem.o
 .text.mem_to_ptr
                0x0000000008012584       0x24 ./Middlewares/Third_Party/LwIP/src/core/mem.o
 .text.plug_holes
                0x00000000080125a8      0x14c ./Middlewares/Third_Party/LwIP/src/core/mem.o
 .text.mem_init
                0x00000000080126f4       0xa4 ./Middlewares/Third_Party/LwIP/src/core/mem.o
                0x00000000080126f4                mem_init
 .text.mem_link_valid
                0x0000000008012798       0x7c ./Middlewares/Third_Party/LwIP/src/core/mem.o
 .text.mem_free
                0x0000000008012814      0x120 ./Middlewares/Third_Party/LwIP/src/core/mem.o
                0x0000000008012814                mem_free
 .text.mem_trim
                0x0000000008012934      0x220 ./Middlewares/Third_Party/LwIP/src/core/mem.o
                0x0000000008012934                mem_trim
 .text.mem_malloc
                0x0000000008012b54      0x214 ./Middlewares/Third_Party/LwIP/src/core/mem.o
                0x0000000008012b54                mem_malloc
 .text.memp_init_pool
                0x0000000008012d68       0x60 ./Middlewares/Third_Party/LwIP/src/core/memp.o
                0x0000000008012d68                memp_init_pool
 .text.memp_init
                0x0000000008012dc8       0x34 ./Middlewares/Third_Party/LwIP/src/core/memp.o
                0x0000000008012dc8                memp_init