Archive member included to satisfy reference by file (symbol)

C:/ST/STM32CubeIDE_1.8.0/STM32CubeIDE/plugins/com.st.stm32cube.ide.mcu.externaltools.gnu-tools-for-stm32.11.3.rel1.win32_1.1.100.202309141235/tools/bin/../lib/gcc/arm-none-eabi/11.3.1/../../../../arm-none-eabi/lib/thumb/v7e-m+fp/hard\libc_nano.a(libc_a-atoi.o)
                              ./Middlewares/Third_Party/LwIP/src/core/netif.o (atoi)
C:/ST/STM32CubeIDE_1.8.0/STM32CubeIDE/plugins/com.st.stm32cube.ide.mcu.externaltools.gnu-tools-for-stm32.11.3.rel1.win32_1.1.100.202309141235/tools/bin/../lib/gcc/arm-none-eabi/11.3.1/../../../../arm-none-eabi/lib/thumb/v7e-m+fp/hard\libc_nano.a(libc_a-exit.o)
                              C:/ST/STM32CubeIDE_1.8.0/STM32CubeIDE/plugins/com.st.stm32cube.ide.mcu.externaltools.gnu-tools-for-stm32.11.3.rel1.win32_1.1.100.202309141235/tools/bin/../lib/gcc/arm-none-eabi/11.3.1/../../../../arm-none-eabi/lib/thumb/v7e-m+fp/hard/crt0.o (exit)
C:/ST/STM32CubeIDE_1.8.0/STM32CubeIDE/plugins/com.st.stm32cube.ide.mcu.externaltools.gnu-tools-for-stm32.11.3.rel1.win32_1.1.100.202309141235/tools/bin/../lib/gcc/arm-none-eabi/11.3.1/../../../../arm-none-eabi/lib/thumb/v7e-m+fp/hard\libc_nano.a(libc_a-rand.o)
                              ./Middlewares/Third_Party/LwIP/src/core/tcp.o (rand)
C:/ST/STM32CubeIDE_1.8.0/STM32CubeIDE/plugins/com.st.stm32cube.ide.mcu.externaltools.gnu-tools-for-stm32.11.3.rel1.win32_1.1.100.202309141235/tools/bin/../lib/gcc/arm-none-eabi/11.3.1/../../../../arm-none-eabi/lib/thumb/v7e-m+fp/hard\libc_nano.a(libc_a-strtol.o)
                              C:/ST/STM32CubeIDE_1.8.0/STM32CubeIDE/plugins/com.st.stm32cube.ide.mcu.externaltools.gnu-tools-for-stm32.11.3.rel1.win32_1.1.100.202309141235/tools/bin/../lib/gcc/arm-none-eabi/11.3.1/../../../../arm-none-eabi/lib/thumb/v7e-m+fp/hard\libc_nano.a(libc_a-atoi.o) (_strtol_r)
C:/ST/STM32CubeIDE_1.8.0/STM32CubeIDE/plugins/com.st.stm32cube.ide.mcu.externaltools.gnu-tools-for-stm32.11.3.rel1.win32_1.1.100.202309141235/tools/bin/../lib/gcc/arm-none-eabi/11.3.1/../../../../arm-none-eabi/lib/thumb/v7e-m+fp/hard\libc_nano.a(libc_a-ctype_.o)
                              ./Middlewares/Third_Party/LwIP/src/core/ipv4/ip4_addr.o (_ctype_)
C:/ST/STM32CubeIDE_1.8.0/STM32CubeIDE/plugins/com.st.stm32cube.ide.mcu.externaltools.gnu-tools-for-stm32.11.3.rel1.win32_1.1.100.202309141235/tools/bin/../lib/gcc/arm-none-eabi/11.3.1/../../../../arm-none-eabi/lib/thumb/v7e-m+fp/hard\libc_nano.a(libc_a-findfp.o)
                              ./Middlewares/Third_Party/FreeRTOS/Source/tasks.o (__sf)
C:/ST/STM32CubeIDE_1.8.0/STM32CubeIDE/plugins/com.st.stm32cube.ide.mcu.externaltools.gnu-tools-for-stm32.11.3.rel1.win32_1.1.100.202309141235/tools/bin/../lib/gcc/arm-none-eabi/11.3.1/../../../../arm-none-eabi/lib/thumb/v7e-m+fp/hard\libc_nano.a(libc_a-fwalk.o)
                              C:/ST/STM32CubeIDE_1.8.0/STM32CubeIDE/plugins/com.st.stm32cube.ide.mcu.externaltools.gnu-tools-for-stm32.11.3.rel1.win32_1.1.100.202309141235/tools/bin/../lib/gcc/arm-none-eabi/11.3.1/../../../../arm-none-eabi/lib/thumb/v7e-m+fp/hard\libc_nano.a(libc_a-findfp.o) (_fwalk_sglue)
C:/ST/STM32CubeIDE_1.8.0/STM32CubeIDE/plugins/com.st.stm32cube.ide.mcu.externaltools.gnu-tools-for-stm32.11.3.rel1.win32_1.1.100.202309141235/tools/bin/../lib/gcc/arm-none-eabi/11.3.1/../../../../arm-none-eabi/lib/thumb/v7e-m+fp/hard\libc_nano.a(libc_a-printf.o)
                              ./LWIP/Target/ethernetif.o (printf)
C:/ST/STM32CubeIDE_1.8.0/STM32CubeIDE/plugins/com.st.stm32cube.ide.mcu.externaltools.gnu-tools-for-stm32.11.3.rel1.win32_1.1.100.202309141235/tools/bin/../lib/gcc/arm-none-eabi/11.3.1/../../../../arm-none-eabi/lib/thumb/v7e-m+fp/hard\libc_nano.a(libc_a-stdio.o)
                              C:/ST/STM32CubeIDE_1.8.0/STM32CubeIDE/plugins/com.st.stm32cube.ide.mcu.externaltools.gnu-tools-for-stm32.11.3.rel1.win32_1.1.100.202309141235/tools/bin/../lib/gcc/arm-none-eabi/11.3.1/../../../../arm-none-eabi/lib/thumb/v7e-m+fp/hard\libc_nano.a(libc_a-findfp.o) (__sread)
C:/ST/STM32CubeIDE_1.8.0/STM32CubeIDE/plugins/com.st.stm32cube.ide.mcu.externaltools.gnu-tools-for-stm32.11.3.rel1.win32_1.1.100.202309141235/tools/bin/../lib/gcc/arm-none-eabi/11.3.1/../../../../arm-none-eabi/lib/thumb/v7e-m+fp/hard\libc_nano.a(libc_a-memcmp.o)
                              ./Middlewares/Third_Party/LwIP/src/netif/bridgeif_fdb.o (memcmp)
C:/ST/STM32CubeIDE_1.8.0/STM32CubeIDE/plugins/com.st.stm32cube.ide.mcu.externaltools.gnu-tools-for-stm32.11.3.rel1.win32_1.1.100.202309141235/tools/bin/../lib/gcc/arm-none-eabi/11.3.1/../../../../arm-none-eabi/lib/thumb/v7e-m+fp/hard\libc_nano.a(libc_a-memmove.o)
                              ./Middlewares/Third_Party/LwIP/src/core/def.o (memmove)
[...]
Memory Configuration

Name             Origin             Length             Attributes
RAM              0x0000000020000000 0x0000000000050000 xrw
FLASH            0x0000000008000000 0x0000000000100000 xr
*default*        0x0000000000000000 0xffffffffffffffff

Linker script and memory map

LOAD C:/ST/STM32CubeIDE_1.8.0/STM32CubeIDE/plugins/com.st.stm32cube.ide.mcu.externaltools.gnu-tools-for-stm32.11.3.rel1.win32_1.1.100.202309141235/tools/bin/../lib/gcc/arm-none-eabi/11.3.1/thumb/v7e-m+fp/hard/crti.o
LOAD C:/ST/STM32CubeIDE_1.8.0/STM32CubeIDE/plugins/com.st.stm32cube.ide.mcu.externaltools.gnu-tools-for-stm32.11.3.rel1.win32_1.1.100.202309141235/tools/bin/../lib/gcc/arm-none-eabi/11.3.1/thumb/v7e-m+fp/hard/crtbegin.o
LOAD C:/ST/STM32CubeIDE_1.8.0/STM32CubeIDE/plugins/com.st.stm32cube.ide.mcu.externaltools.gnu-tools-for-stm32.11.3.rel1.win32_1.1.100.202309141235/tools/bin/../lib/gcc/arm-none-eabi/11.3.1/../../../../arm-none-eabi/lib/thumb/v7e-m+fp/hard/crt0.o
LOAD ./Core/Src/adc.o
LOAD ./Core/Src/dac.o
LOAD ./Core/Src/dma.o
LOAD ./Core/Src/freertos.o
LOAD ./Core/Src/gpio.o
LOAD ./Core/Src/i2c.o
LOAD ./Core/Src/main.o
LOAD ./Core/Src/spi.o
LOAD ./Core/Src/stm32f7xx_hal_msp.o
LOAD ./Core/Src/stm32f7xx_hal_timebase_tim.o
LOAD ./Core/Src/stm32f7xx_it.o
LOAD ./Core/Src/syscalls.o
LOAD ./Core/Src/sysmem.o
LOAD ./Core/Src/system_stm32f7xx.o
LOAD ./Core/Src/usart.o
LOAD ./Core/Startup/startup_stm32f746zgtx.o
LOAD ./Drivers/BSP/Components/lan8742/lan8742.o
LOAD ./Drivers/STM32F7xx_HAL_Driver/Src/stm32f7xx_hal.o
LOAD ./Drivers/STM32F7xx_HAL_Driver/Src/stm32f7xx_hal_adc.o
LOAD ./Drivers/STM32F7xx_HAL_Driver/Src/stm32f7xx_hal_adc_ex.o
LOAD ./Drivers/STM32F7xx_HAL_Driver/Src/stm32f7xx_hal_cortex.o
LOAD ./Drivers/STM32F7xx_HAL_Driver/Src/stm32f7xx_hal_dac.o
LOAD ./Drivers/STM32F7xx_HAL_Driver/Src/stm32f7xx_hal_dac_ex.o
LOAD ./Drivers/STM32F7xx_HAL_Driver/Src/stm32f7xx_hal_dma.o
LOAD ./Drivers/STM32F7xx_HAL_Driver/Src/stm32f7xx_hal_dma_ex.o
LOAD ./Drivers/STM32F7xx_HAL_Driver/Src/stm32f7xx_hal_eth.o
LOAD ./Drivers/STM32F7xx_HAL_Driver/Src/stm32f7xx_hal_exti.o
LOAD ./Drivers/STM32F7xx_HAL_Driver/Src/stm32f7xx_hal_flash.o
LOAD ./Drivers/STM32F7xx_HAL_Driver/Src/stm32f7xx_hal_flash_ex.o
LOAD ./Drivers/STM32F7xx_HAL_Driver/Src/stm32f7xx_hal_gpio.o
LOAD ./Drivers/STM32F7xx_HAL_Driver/Src/stm32f7xx_hal_i2c.o
LOAD ./Drivers/STM32F7xx_HAL_Driver/Src/stm32f7xx_hal_i2c_ex.o
LOAD ./Drivers/STM32F7xx_HAL_Driver/Src/stm32f7xx_hal_pwr.o
LOAD ./Drivers/STM32F7xx_HAL_Driver/Src/stm32f7xx_hal_pwr_ex.o
LOAD ./Drivers/STM32F7xx_HAL_Driver/Src/stm32f7xx_hal_rcc.o
LOAD ./Drivers/STM32F7xx_HAL_Driver/Src/stm32f7xx_hal_rcc_ex.o
LOAD ./Drivers/STM32F7xx_HAL_Driver/Src/stm32f7xx_hal_spi.o
LOAD ./Drivers/STM32F7xx_HAL_Driver/Src/stm32f7xx_hal_spi_ex.o
LOAD ./Drivers/STM32F7xx_HAL_Driver/Src/stm32f7xx_hal_tim.o
LOAD ./Drivers/STM32F7xx_HAL_Driver/Src/stm32f7xx_hal_tim_ex.o
LOAD ./Drivers/STM32F7xx_HAL_Driver/Src/stm32f7xx_hal_uart.o
LOAD ./Drivers/STM32F7xx_HAL_Driver/Src/stm32f7xx_hal_uart_ex.o
LOAD ./LWIP/App/lwip.o
LOAD ./LWIP/Target/ethernetif.o
LOAD ./Middlewares/Third_Party/FreeRTOS/Source/CMSIS_RTOS/cmsis_os.o
LOAD ./Middlewares/Third_Party/FreeRTOS/Source/croutine.o
LOAD ./Middlewares/Third_Party/FreeRTOS/Source/event_groups.o
LOAD ./Middlewares/Third_Party/FreeRTOS/Source/list.o
LOAD ./Middlewares/Third_Party/FreeRTOS/Source/queue.o
LOAD ./Middlewares/Third_Party/FreeRTOS/Source/stream_buffer.o
LOAD ./Middlewares/Third_Party/FreeRTOS/Source/tasks.o
LOAD ./Middlewares/Third_Party/FreeRTOS/Source/timers.o
LOAD ./Middlewares/Third_Party/FreeRTOS/Source/portable/GCC/ARM_CM7/r0p1/port.o
LOAD ./Middlewares/Third_Party/FreeRTOS/Source/portable/MemMang/heap_4.o
LOAD ./Middlewares/Third_Party/LwIP/src/api/api_lib.o
LOAD ./Middlewares/Third_Party/LwIP/src/api/api_msg.o
LOAD ./Middlewares/Third_Party/LwIP/src/api/err.o
LOAD ./Middlewares/Third_Party/LwIP/src/api/if_api.o
LOAD ./Middlewares/Third_Party/LwIP/src/api/netbuf.o
LOAD ./Middlewares/Third_Party/LwIP/src/api/netdb.o
LOAD ./Middlewares/Third_Party/LwIP/src/api/netifapi.o
LOAD ./Middlewares/Third_Party/LwIP/src/api/sockets.o
LOAD ./Middlewares/Third_Party/LwIP/src/api/tcpip.o
LOAD ./Middlewares/Third_Party/LwIP/src/apps/mqtt/mqtt.o
LOAD ./Middlewares/Third_Party/LwIP/src/core/altcp.o
LOAD ./Middlewares/Third_Party/LwIP/src/core/altcp_alloc.o
LOAD ./Middlewares/Third_Party/LwIP/src/core/altcp_tcp.o
LOAD ./Middlewares/Third_Party/LwIP/src/core/def.o
LOAD ./Middlewares/Third_Party/LwIP/src/core/dns.o
LOAD ./Middlewares/Third_Party/LwIP/src/core/inet_chksum.o
LOAD ./Middlewares/Third_Party/LwIP/src/core/init.o
LOAD ./Middlewares/Third_Party/LwIP/src/core/ip.o
LOAD ./Middlewares/Third_Party/LwIP/src/core/mem.o
LOAD ./Middlewares/Third_Party/LwIP/src/core/memp.o
LOAD ./Middlewares/Third_Party/LwIP/src/core/netif.o
LOAD ./Middlewares/Third_Party/LwIP/src/core/pbuf.o
LOAD ./Middlewares/Third_Party/LwIP/src/core/raw.o
LOAD ./Middlewares/Third_Party/LwIP/src/core/stats.o
LOAD ./Middlewares/Third_Party/LwIP/src/core/sys.o
LOAD ./Middlewares/Third_Party/LwIP/src/core/tcp.o
LOAD ./Middlewares/Third_Party/LwIP/src/core/tcp_in.o
LOAD ./Middlewares/Third_Party/LwIP/src/core/tcp_out.o
LOAD ./Middlewares/Third_Party/LwIP/src/core/timeouts.o
LOAD ./Middlewares/Third_Party/LwIP/src/core/udp.o
LOAD ./Middlewares/Third_Party/LwIP/src/core/ipv4/autoip.o
LOAD ./Middlewares/Third_Party/LwIP/src/core/ipv4/dhcp.o
LOAD ./Middlewares/Third_Party/LwIP/src/core/ipv4/etharp.o
LOAD ./Middlewares/Third_Party/LwIP/src/core/ipv4/icmp.o
LOAD ./Middlewares/Third_Party/LwIP/src/core/ipv4/igmp.o
LOAD ./Middlewares/Third_Party/LwIP/src/core/ipv4/ip4.o
LOAD ./Middlewares/Third_Party/LwIP/src/core/ipv4/ip4_addr.o
LOAD ./Middlewares/Third_Party/LwIP/src/core/ipv4/ip4_frag.o
LOAD ./Middlewares/Third_Party/LwIP/src/core/ipv6/dhcp6.o
LOAD ./Middlewares/Third_Party/LwIP/src/core/ipv6/ethip6.o
LOAD ./Middlewares/Third_Party/LwIP/src/core/ipv6/icmp6.o
LOAD ./Middlewares/Third_Party/LwIP/src/core/ipv6/inet6.o
LOAD ./Middlewares/Third_Party/LwIP/src/core/ipv6/ip6.o
LOAD ./Middlewares/Third_Party/LwIP/src/core/ipv6/ip6_addr.o
LOAD ./Middlewares/Third_Party/LwIP/src/core/ipv6/ip6_frag.o
LOAD ./Middlewares/Third_Party/LwIP/src/core/ipv6/mld6.o
LOAD ./Middlewares/Third_Party/LwIP/src/core/ipv6/nd6.o
LOAD ./Middlewares/Third_Party/LwIP/src/netif/bridgeif.o
LOAD ./Middlewares/Third_Party/LwIP/src/netif/bridgeif_fdb.o
LOAD ./Middlewares/Third_Party/LwIP/src/netif/ethernet.o
LOAD ./Middlewares/Third_Party/LwIP/src/netif/lowpan6.o
LOAD ./Middlewares/Third_Party/LwIP/src/netif/lowpan6_ble.o
LOAD ./Middlewares/Third_Party/LwIP/src/netif/lowpan6_common.o
LOAD ./Middlewares/Third_Party/LwIP/src/netif/slipif.o
LOAD ./Middlewares/Third_Party/LwIP/src/netif/zepif.o
LOAD ./Middlewares/Third_Party/LwIP/src/netif/ppp/auth.o
LOAD ./Middlewares/Third_Party/LwIP/src/netif/ppp/ccp.o
LOAD ./Middlewares/Third_Party/LwIP/src/netif/ppp/chap-md5.o
LOAD ./Middlewares/Third_Party/LwIP/src/netif/ppp/chap-new.o
LOAD ./Middlewares/Third_Party/LwIP/src/netif/ppp/chap_ms.o
LOAD ./Middlewares/Third_Party/LwIP/src/netif/ppp/demand.o
LOAD ./Middlewares/Third_Party/LwIP/src/netif/ppp/eap.o
LOAD ./Middlewares/Third_Party/LwIP/src/netif/ppp/ecp.o
LOAD ./Middlewares/Third_Party/LwIP/src/netif/ppp/eui64.o
LOAD ./Middlewares/Third_Party/LwIP/src/netif/ppp/fsm.o
LOAD ./Middlewares/Third_Party/LwIP/src/netif/ppp/ipcp.o
LOAD ./Middlewares/Third_Party/LwIP/src/netif/ppp/ipv6cp.o
LOAD ./Middlewares/Third_Party/LwIP/src/netif/ppp/lcp.o
LOAD ./Middlewares/Third_Party/LwIP/src/netif/ppp/magic.o
LOAD ./Middlewares/Third_Party/LwIP/src/netif/ppp/mppe.o
LOAD ./Middlewares/Third_Party/LwIP/src/netif/ppp/multilink.o
LOAD ./Middlewares/Third_Party/LwIP/src/netif/ppp/ppp.o
LOAD ./Middlewares/Third_Party/LwIP/src/netif/ppp/pppapi.o
LOAD ./Middlewares/Third_Party/LwIP/src/netif/ppp/pppcrypt.o
LOAD ./Middlewares/Third_Party/LwIP/src/netif/ppp/pppoe.o
LOAD ./Middlewares/Third_Party/LwIP/src/netif/ppp/pppol2tp.o
LOAD ./Middlewares/Third_Party/LwIP/src/netif/ppp/pppos.o
LOAD ./Middlewares/Third_Party/LwIP/src/netif/ppp/upap.o
LOAD ./Middlewares/Third_Party/LwIP/src/netif/ppp/utils.o
LOAD ./Middlewares/Third_Party/LwIP/src/netif/ppp/vj.o
LOAD ./Middlewares/Third_Party/LwIP/system/OS/sys_arch.o
LOAD ./UR_code/developer_code/test_funck.o
LOAD ./UR_code/developer_code/tests src/dac_adc_test.o
LOAD ./UR_code/developer_code/tests src/flash_test.o
LOAD ./UR_code/developer_code/tests src/i2c_test.o
LOAD ./UR_code/developer_code/tests src/spi_test.o
LOAD ./UR_code/developer_code/tests src/uart_test.o
LOAD ./UR_code/i2c_test.o
LOAD ./UR_code/src/main_ur.o
LOAD ./UR_code/src/server.o
LOAD ./UR_code/src/ur_task.o
START GROUP
LOAD C:/ST/STM32CubeIDE_1.8.0/STM32CubeIDE/plugins/com.st.stm32cube.ide.mcu.externaltools.gnu-tools-for-stm32.11.3.rel1.win32_1.1.100.202309141235/tools/bin/../lib/gcc/arm-none-eabi/11.3.1/../../../../arm-none-eabi/lib/thumb/v7e-m+fp/hard\libc_nano.a
LOAD C:/ST/STM32CubeIDE_1.8.0/STM32CubeIDE/plugins/com.st.stm32cube.ide.mcu.externaltools.gnu-tools-for-stm32.11.3.rel1.win32_1.1.100.202309141235/tools/bin/../lib/gcc/arm-none-eabi/11.3.1/../../../../arm-none-eabi/lib/thumb/v7e-m+fp/hard\libm.a
END GROUP
START GROUP
LOAD C:/ST/STM32CubeIDE_1.8.0/STM32CubeIDE/plugins/com.st.stm32cube.ide.mcu.externaltools.gnu-tools-for-stm32.11.3.rel1.win32_1.1.100.202309141235/tools/bin/../lib/gcc/arm-none-eabi/11.3.1/thumb/v7e-m+fp/hard\libgcc.a
LOAD C:/ST/STM32CubeIDE_1.8.0/STM32CubeIDE/plugins/com.st.stm32cube.ide.mcu.externaltools.gnu-tools-for-stm32.11.3.rel1.win32_1.1.100.202309141235/tools/bin/../lib/gcc/arm-none-eabi/11.3.1/../../../../arm-none-eabi/lib/thumb/v7e-m+fp/hard\libc_nano.a
END GROUP
START GROUP
LOAD C:/ST/STM32CubeIDE_1.8.0/STM32CubeIDE/plugins/com.st.stm32cube.ide.mcu.externaltools.gnu-tools-for-stm32.11.3.rel1.win32_1.1.100.202309141235/tools/bin/../lib/gcc/arm-none-eabi/11.3.1/thumb/v7e-m+fp/hard\libgcc.a
LOAD C:/ST/STM32CubeIDE_1.8.0/STM32CubeIDE/plugins/com.st.stm32cube.ide.mcu.externaltools.gnu-tools-for-stm32.11.3.rel1.win32_1.1.100.202309141235/tools/bin/../lib/gcc/arm-none-eabi/11.3.1/../../../../arm-none-eabi/lib/thumb/v7e-m+fp/hard\libc_nano.a
LOAD C:/ST/STM32CubeIDE_1.8.0/STM32CubeIDE/plugins/com.st.stm32cube.ide.mcu.externaltools.gnu-tools-for-stm32.11.3.rel1.win32_1.1.100.202309141235/tools/bin/../lib/gcc/arm-none-eabi/11.3.1/../../../../arm-none-eabi/lib/thumb/v7e-m+fp/hard\libnosys.a
END GROUP
START GROUP
LOAD C:/ST/STM32CubeIDE_1.8.0/STM32CubeIDE/plugins/com.st.stm32cube.ide.mcu.externaltools.gnu-tools-for-stm32.11.3.rel1.win32_1.1.100.202309141235/tools/bin/../lib/gcc/arm-none-eabi/11.3.1/thumb/v7e-m+fp/hard\libgcc.a
LOAD C:/ST/STM32CubeIDE_1.8.0/STM32CubeIDE/plugins/com.st.stm32cube.ide.mcu.externaltools.gnu-tools-for-stm32.11.3.rel1.win32_1.1.100.202309141235/tools/bin/../lib/gcc/arm-none-eabi/11.3.1/../../../../arm-none-eabi/lib/thumb/v7e-m+fp/hard\libc_nano.a
LOAD C:/ST/STM32CubeIDE_1.8.0/STM32CubeIDE/plugins/com.st.stm32cube.ide.mcu.externaltools.gnu-tools-for-stm32.11.3.rel1.win32_1.1.100.202309141235/tools/bin/../lib/gcc/arm-none-eabi/11.3.1/../../../../arm-none-eabi/lib/thumb/v7e-m+fp/hard\libnosys.a
END GROUP
LOAD C:/ST/STM32CubeIDE_1.8.0/STM32CubeIDE/plugins/com.st.stm32cube.ide.mcu.externaltools.gnu-tools-for-stm32.11.3.rel1.win32_1.1.100.202309141235/tools/bin/../lib/gcc/arm-none-eabi/11.3.1/thumb/v7e-m+fp/hard/crtend.o
LOAD C:/ST/STM32CubeIDE_1.8.0/STM32CubeIDE/plugins/com.st.stm32cube.ide.mcu.externaltools.gnu-tools-for-stm32.11.3.rel1.win32_1.1.100.202309141235/tools/bin/../lib/gcc/arm-none-eabi/11.3.1/thumb/v7e-m+fp/hard/crtn.o
                0x0000000020050000                _estack = (ORIGIN (RAM) + LENGTH (RAM))
                0x0000000000000200                _Min_Heap_Size = 0x200
                0x0000000000000400                _Min_Stack_Size = 0x400

.isr_vector     0x0000000008000000      0x1c8
                0x0000000008000000                . = ALIGN (0x4)
 *(.isr_vector)
 .isr_vector    0x0000000008000000      0x1c8 ./Core/Startup/startup_stm32f746zgtx.o
                0x0000000008000000                g_pfnVectors
                0x00000000080001c8                . = ALIGN (0x4)

.text           0x00000000080001d0    0x1e1c4
                0x00000000080001d0                . = ALIGN (0x4)
 *(.text)
 .text          0x00000000080001d0       0x40 C:/ST/STM32CubeIDE_1.8.0/STM32CubeIDE/plugins/com.st.stm32cube.ide.mcu.externaltools.gnu-tools-for-stm32.11.3.rel1.win32_1.1.100.202309141235/tools/bin/../lib/gcc/arm-none-eabi/11.3.1/thumb/v7e-m+fp/hard/crtbegin.o
 .text          0x0000000008000210       0xa0 C:/ST/STM32CubeIDE_1.8.0/STM32CubeIDE/plugins/com.st.stm32cube.ide.mcu.externaltools.gnu-tools-for-stm32.11.3.rel1.win32_1.1.100.202309141235/tools/bin/../lib/gcc/arm-none-eabi/11.3.1/../../../../arm-none-eabi/lib/thumb/v7e-m+fp/hard\libc_nano.a(libc_a-memchr.o)
                0x0000000008000210                memchr
 .text          0x00000000080002b0       0x30 C:/ST/STM32CubeIDE_1.8.0/STM32CubeIDE/plugins/com.st.stm32cube.ide.mcu.externaltools.gnu-tools-for-stm32.11.3.rel1.win32_1.1.100.202309141235/tools/bin/../lib/gcc/arm-none-eabi/11.3.1/thumb/v7e-m+fp/hard\libgcc.a(_aeabi_uldivmod.o)
                0x00000000080002b0                __aeabi_uldivmod
 .text          0x00000000080002e0      0x2c8 C:/ST/STM32CubeIDE_1.8.0/STM32CubeIDE/plugins/com.st.stm32cube.ide.mcu.externaltools.gnu-tools-for-stm32.11.3.rel1.win32_1.1.100.202309141235/tools/bin/../lib/gcc/arm-none-eabi/11.3.1/thumb/v7e-m+fp/hard\libgcc.a(_udivmoddi4.o)
                0x00000000080002e0                __udivmoddi4
 .text          0x00000000080005a8        0x4 C:/ST/STM32CubeIDE_1.8.0/STM32CubeIDE/plugins/com.st.stm32cube.ide.mcu.externaltools.gnu-tools-for-stm32.11.3.rel1.win32_1.1.100.202309141235/tools/bin/../lib/gcc/arm-none-eabi/11.3.1/thumb/v7e-m+fp/hard\libgcc.a(_dvmd_tls.o)
                0x00000000080005a8                __aeabi_idiv0
                0x00000000080005a8                __aeabi_ldiv0
 *(.text*)
 .text.MX_ADC1_Init
                0x00000000080005ac       0xa4 ./Core/Src/adc.o
                0x00000000080005ac                MX_ADC1_Init
 .text.MX_ADC2_Init
                0x0000000008000650       0xa4 ./Core/Src/adc.o
                0x0000000008000650                MX_ADC2_Init
 .text.MX_ADC3_Init
                0x00000000080006f4       0xa4 ./Core/Src/adc.o
                0x00000000080006f4                MX_ADC3_Init
 .text.HAL_ADC_MspInit
                0x0000000008000798      0x134 ./Core/Src/adc.o
                0x0000000008000798                HAL_ADC_MspInit
 .text.MX_DAC_Init
                0x00000000080008cc       0x54 ./Core/Src/dac.o
                0x00000000080008cc                MX_DAC_Init
 .text.HAL_DAC_MspInit
                0x0000000008000920       0x80 ./Core/Src/dac.o
                0x0000000008000920                HAL_DAC_MspInit
 .text.MX_DMA_Init
                0x00000000080009a0      0x144 ./Core/Src/dma.o
                0x00000000080009a0                MX_DMA_Init
 .text.vApplicationGetIdleTaskMemory
                0x0000000008000ae4       0x34 ./Core/Src/freertos.o
                0x0000000008000ae4                vApplicationGetIdleTaskMemory
 .text.MX_FREERTOS_Init
                0x0000000008000b18       0x38 ./Core/Src/freertos.o
                0x0000000008000b18                MX_FREERTOS_Init
 .text.StartDefaultTask
                0x0000000008000b50       0x14 ./Core/Src/freertos.o
                0x0000000008000b50                StartDefaultTask
 .text.MX_GPIO_Init
                0x0000000008000b64      0x154 ./Core/Src/gpio.o
                0x0000000008000b64                MX_GPIO_Init
 .text.MX_I2C1_Init
                0x0000000008000cb8       0x80 ./Core/Src/i2c.o
                0x0000000008000cb8                MX_I2C1_Init
 .text.MX_I2C2_Init
                0x0000000008000d38       0x80 ./Core/Src/i2c.o
                0x0000000008000d38                MX_I2C2_Init
 .text.MX_I2C3_Init
                0x0000000008000db8       0x80 ./Core/Src/i2c.o
                0x0000000008000db8                MX_I2C3_Init
 .text.MX_I2C4_Init
                0x0000000008000e38       0x80 ./Core/Src/i2c.o
                0x0000000008000e38                MX_I2C4_Init
 .text.HAL_I2C_MspInit
                0x0000000008000eb8      0x404 ./Core/Src/i2c.o
                0x0000000008000eb8                HAL_I2C_MspInit
 .text.main     0x00000000080012bc       0x76 ./Core/Src/main.o
                0x00000000080012bc                main
 *fill*         0x0000000008001332        0x2 
 .text.SystemClock_Config
                0x0000000008001334       0xdc ./Core/Src/main.o
                0x0000000008001334                SystemClock_Config
 .text.HAL_TIM_PeriodElapsedCallback
                0x0000000008001410       0x24 ./Core/Src/main.o
                0x0000000008001410                HAL_TIM_PeriodElapsedCallback
 .text.Error_Handler
                0x0000000008001434        0xa ./Core/Src/main.o
                0x0000000008001434                Error_Handler
 *fill*         0x000000000800143e        0x2 
 .text.MX_SPI1_Init
                0x0000000008001440       0x70 ./Core/Src/spi.o
                0x0000000008001440                MX_SPI1_Init
 .text.MX_SPI2_Init
                0x00000000080014b0       0x7c ./Core/Src/spi.o
                0x00000000080014b0                MX_SPI2_Init
 .text.MX_SPI3_Init
                0x000000000800152c       0x7c ./Core/Src/spi.o
                0x000000000800152c                MX_SPI3_Init
 .text.MX_SPI4_Init
                0x00000000080015a8       0x74 ./Core/Src/spi.o
                0x00000000080015a8                MX_SPI4_Init
 .text.MX_SPI5_Init
                0x000000000800161c       0x7c ./Core/Src/spi.o
                0x000000000800161c                MX_SPI5_Init
 .text.HAL_SPI_MspInit
                0x0000000008001698      0x54c ./Core/Src/spi.o
                0x0000000008001698                HAL_SPI_MspInit
 .text.HAL_MspInit
                0x0000000008001be4       0x60 ./Core/Src/stm32f7xx_hal_msp.o
                0x0000000008001be4                HAL_MspInit
 .text.HAL_InitTick
                0x0000000008001c44       0xe4 ./Core/Src/stm32f7xx_hal_timebase_tim.o
                0x0000000008001c44                HAL_InitTick
 .text.NMI_Handler
                0x0000000008001d28        0x6 ./Core/Src/stm32f7xx_it.o
                0x0000000008001d28                NMI_Handler
 .text.HardFault_Handler
                0x0000000008001d2e        0x6 ./Core/Src/stm32f7xx_it.o
                0x0000000008001d2e                HardFault_Handler
 .text.MemManage_Handler
                0x0000000008001d34        0x6 ./Core/Src/stm32f7xx_it.o
                0x0000000008001d34                MemManage_Handler
 .text.BusFault_Handler
                0x0000000008001d3a        0x6 ./Core/Src/stm32f7xx_it.o
                0x0000000008001d3a                BusFault_Handler
 .text.UsageFault_Handler
                0x0000000008001d40        0x6 ./Core/Src/stm32f7xx_it.o
                0x0000000008001d40                UsageFault_Handler
 .text.DebugMon_Handler
                0x0000000008001d46        0xe ./Core/Src/stm32f7xx_it.o
                0x0000000008001d46                DebugMon_Handler
 .text.FLASH_IRQHandler
                0x0000000008001d54        0xc ./Core/Src/stm32f7xx_it.o
                0x0000000008001d54                FLASH_IRQHandler
 .text.DMA1_Stream0_IRQHandler
                0x0000000008001d60       0x14 ./Core/Src/stm32f7xx_it.o
                0x0000000008001d60                DMA1_Stream0_IRQHandler
 .text.DMA1_Stream1_IRQHandler
                0x0000000008001d74       0x14 ./Core/Src/stm32f7xx_it.o
                0x0000000008001d74                DMA1_Stream1_IRQHandler
 .text.DMA1_Stream2_IRQHandler
                0x0000000008001d88       0x14 ./Core/Src/stm32f7xx_it.o
                0x0000000008001d88                DMA1_Stream2_IRQHandler
 .text.DMA1_Stream3_IRQHandler
                0x0000000008001d9c       0x14 ./Core/Src/stm32f7xx_it.o
                0x0000000008001d9c                DMA1_Stream3_IRQHandler
 .text.DMA1_Stream4_IRQHandler
                0x0000000008001db0       0x14 ./Core/Src/stm32f7xx_it.o
                0x0000000008001db0                DMA1_Stream4_IRQHandler
 .text.DMA1_Stream5_IRQHandler
                0x0000000008001dc4       0x14 ./Core/Src/stm32f7xx_it.o
                0x0000000008001dc4                DMA1_Stream5_IRQHandler
 .text.DMA1_Stream6_IRQHandler
                0x0000000008001dd8       0x14 ./Core/Src/stm32f7xx_it.o
                0x0000000008001dd8                DMA1_Stream6_IRQHandler
 .text.TIM1_UP_TIM10_IRQHandler
                0x0000000008001dec       0x14 ./Core/Src/stm32f7xx_it.o
                0x0000000008001dec                TIM1_UP_TIM10_IRQHandler
 .text.I2C1_EV_IRQHandler
                0x0000000008001e00       0x14 ./Core/Src/stm32f7xx_it.o
                0x0000000008001e00                I2C1_EV_IRQHandler
 .text.I2C1_ER_IRQHandler
                0x0000000008001e14       0x14 ./Core/Src/stm32f7xx_it.o
                0x0000000008001e14                I2C1_ER_IRQHandler
 .text.I2C2_EV_IRQHandler
                0x0000000008001e28       0x14 ./Core/Src/stm32f7xx_it.o
                0x0000000008001e28                I2C2_EV_IRQHandler
 .text.I2C2_ER_IRQHandler
                0x0000000008001e3c       0x14 ./Core/Src/stm32f7xx_it.o
                0x0000000008001e3c                I2C2_ER_IRQHandler
 .text.SPI1_IRQHandler
                0x0000000008001e50       0x14 ./Core/Src/stm32f7xx_it.o
                0x0000000008001e50                SPI1_IRQHandler
 .text.SPI2_IRQHandler
                0x0000000008001e64       0x14 ./Core/Src/stm32f7xx_it.o
                0x0000000008001e64                SPI2_IRQHandler
 .text.USART1_IRQHandler
                0x0000000008001e78       0x14 ./Core/Src/stm32f7xx_it.o
                0x0000000008001e78                USART1_IRQHandler
 .text.USART2_IRQHandler
                0x0000000008001e8c       0x14 ./Core/Src/stm32f7xx_it.o
                0x0000000008001e8c                USART2_IRQHandler
 .text.USART3_IRQHandler
                0x0000000008001ea0       0x14 ./Core/Src/stm32f7xx_it.o
                0x0000000008001ea0                USART3_IRQHandler
 .text.DMA1_Stream7_IRQHandler
                0x0000000008001eb4       0x14 ./Core/Src/stm32f7xx_it.o
                0x0000000008001eb4                DMA1_Stream7_IRQHandler
 .text.SPI3_IRQHandler
                0x0000000008001ec8       0x14 ./Core/Src/stm32f7xx_it.o
                0x0000000008001ec8                SPI3_IRQHandler
 .text.UART4_IRQHandler
                0x0000000008001edc       0x14 ./Core/Src/stm32f7xx_it.o
                0x0000000008001edc                UART4_IRQHandler
 .text.UART5_IRQHandler
                0x0000000008001ef0       0x14 ./Core/Src/stm32f7xx_it.o
                0x0000000008001ef0                UART5_IRQHandler
 .text.DMA2_Stream0_IRQHandler
                0x0000000008001f04       0x14 ./Core/Src/stm32f7xx_it.o
                0x0000000008001f04                DMA2_Stream0_IRQHandler
 .text.DMA2_Stream1_IRQHandler
                0x0000000008001f18       0x14 ./Core/Src/stm32f7xx_it.o
                0x0000000008001f18                DMA2_Stream1_IRQHandler
 .text.DMA2_Stream2_IRQHandler
                0x0000000008001f2c       0x14 ./Core/Src/stm32f7xx_it.o
                0x0000000008001f2c                DMA2_Stream2_IRQHandler
 .text.DMA2_Stream3_IRQHandler
                0x0000000008001f40       0x14 ./Core/Src/stm32f7xx_it.o
                0x0000000008001f40                DMA2_Stream3_IRQHandler
 .text.DMA2_Stream4_IRQHandler
                0x0000000008001f54       0x14 ./Core/Src/stm32f7xx_it.o
                0x0000000008001f54                DMA2_Stream4_IRQHandler
 .text.ETH_IRQHandler
                0x0000000008001f68       0x14 ./Core/Src/stm32f7xx_it.o
                0x0000000008001f68                ETH_IRQHandler
 .text.ETH_WKUP_IRQHandler
                0x0000000008001f7c       0x14 ./Core/Src/stm32f7xx_it.o
                0x0000000008001f7c                ETH_WKUP_IRQHandler
 .text.DMA2_Stream5_IRQHandler
                0x0000000008001f90       0x14 ./Core/Src/stm32f7xx_it.o
                0x0000000008001f90                DMA2_Stream5_IRQHandler
 .text.DMA2_Stream6_IRQHandler
                0x0000000008001fa4       0x14 ./Core/Src/stm32f7xx_it.o
                0x0000000008001fa4                DMA2_Stream6_IRQHandler
 .text.DMA2_Stream7_IRQHandler
                0x0000000008001fb8       0x14 ./Core/Src/stm32f7xx_it.o
                0x0000000008001fb8                DMA2_Stream7_IRQHandler
 .text.USART6_IRQHandler
                0x0000000008001fcc       0x14 ./Core/Src/stm32f7xx_it.o
                0x0000000008001fcc                USART6_IRQHandler
 .text.I2C3_EV_IRQHandler
                0x0000000008001fe0       0x14 ./Core/Src/stm32f7xx_it.o
                0x0000000008001fe0                I2C3_EV_IRQHandler
 .text.I2C3_ER_IRQHandler
                0x0000000008001ff4       0x14 ./Core/Src/stm32f7xx_it.o
                0x0000000008001ff4                I2C3_ER_IRQHandler
 .text.UART7_IRQHandler
                0x0000000008002008       0x14 ./Core/Src/stm32f7xx_it.o
                0x0000000008002008                UART7_IRQHandler
 .text.UART8_IRQHandler
                0x000000000800201c       0x14 ./Core/Src/stm32f7xx_it.o
                0x000000000800201c                UART8_IRQHandler
 .text.SPI4_IRQHandler
                0x0000000008002030       0x14 ./Core/Src/stm32f7xx_it.o
                0x0000000008002030                SPI4_IRQHandler
 .text.I2C4_EV_IRQHandler
                0x0000000008002044       0x14 ./Core/Src/stm32f7xx_it.o
                0x0000000008002044                I2C4_EV_IRQHandler
 .text.I2C4_ER_IRQHandler
                0x0000000008002058       0x14 ./Core/Src/stm32f7xx_it.o
                0x0000000008002058                I2C4_ER_IRQHandler
 .text._getpid  0x000000000800206c       0x10 ./Core/Src/syscalls.o
                0x000000000800206c                _getpid
 .text._kill    0x000000000800207c       0x24 ./Core/Src/syscalls.o
                0x000000000800207c                _kill
 .text._exit    0x00000000080020a0       0x14 ./Core/Src/syscalls.o
                0x00000000080020a0                _exit
 .text._read    0x00000000080020b4       0x3a ./Core/Src/syscalls.o
                0x00000000080020b4                _read
 .text._write   0x00000000080020ee       0x38 ./Core/Src/syscalls.o
                0x00000000080020ee                _write
 .text._close   0x0000000008002126       0x18 ./Core/Src/syscalls.o
                0x0000000008002126                _close
 .text._fstat   0x000000000800213e       0x20 ./Core/Src/syscalls.o
                0x000000000800213e                _fstat
 .text._isatty  0x000000000800215e       0x16 ./Core/Src/syscalls.o
                0x000000000800215e                _isatty
 .text._lseek   0x0000000008002174       0x1a ./Core/Src/syscalls.o
                0x0000000008002174                _lseek
 *fill*         0x000000000800218e        0x2 
 .text._sbrk    0x0000000008002190       0x70 ./Core/Src/sysmem.o
                0x0000000008002190                _sbrk
 .text.SystemInit
                0x0000000008002200       0x24 ./Core/Src/system_stm32f7xx.o
                0x0000000008002200                SystemInit
 .text.MX_UART4_Init
                0x0000000008002224       0x60 ./Core/Src/usart.o
                0x0000000008002224                MX_UART4_Init
 .text.MX_UART5_Init
                0x0000000008002284       0x60 ./Core/Src/usart.o
                0x0000000008002284                MX_UART5_Init
 .text.MX_UART7_Init
                0x00000000080022e4       0x60 ./Core/Src/usart.o
                0x00000000080022e4                MX_UART7_Init
 .text.MX_UART8_Init
                0x0000000008002344       0x60 ./Core/Src/usart.o
                0x0000000008002344                MX_UART8_Init
 .text.MX_USART1_UART_Init
                0x00000000080023a4       0x60 ./Core/Src/usart.o
                0x00000000080023a4                MX_USART1_UART_Init
 .text.MX_USART2_UART_Init
                0x0000000008002404       0x60 ./Core/Src/usart.o
                0x0000000008002404                MX_USART2_UART_Init
 .text.MX_USART3_UART_Init
                0x0000000008002464       0x60 ./Core/Src/usart.o
                0x0000000008002464                MX_USART3_UART_Init
 .text.MX_USART6_UART_Init
                0x00000000080024c4       0x60 ./Core/Src/usart.o
                0x00000000080024c4                MX_USART6_UART_Init
 .text.HAL_UART_MspInit
                0x0000000008002524      0x9d8 ./Core/Src/usart.o
                0x0000000008002524                HAL_UART_MspInit
 .text.Reset_Handler
                0x0000000008002efc       0x50 ./Core/Startup/startup_stm32f746zgtx.o
                0x0000000008002efc                Reset_Handler
 .text.Default_Handler
                0x0000000008002f4c        0x2 ./Core/Startup/startup_stm32f746zgtx.o
                0x0000000008002f4c                RTC_Alarm_IRQHandler
                0x0000000008002f4c                EXTI2_IRQHandler
                0x0000000008002f4c                TIM8_CC_IRQHandler
                0x0000000008002f4c                TIM1_CC_IRQHandler
                0x0000000008002f4c                PVD_IRQHandler
                0x0000000008002f4c                TAMP_STAMP_IRQHandler
                0x0000000008002f4c                CAN2_RX1_IRQHandler
                0x0000000008002f4c                EXTI3_IRQHandler
                0x0000000008002f4c                TIM8_TRG_COM_TIM14_IRQHandler
                0x0000000008002f4c                TIM8_UP_TIM13_IRQHandler
                0x0000000008002f4c                EXTI0_IRQHandler
                0x0000000008002f4c                CAN1_RX0_IRQHandler
                0x0000000008002f4c                FPU_IRQHandler
                0x0000000008002f4c                OTG_HS_WKUP_IRQHandler
                0x0000000008002f4c                LTDC_ER_IRQHandler
                0x0000000008002f4c                CAN2_SCE_IRQHandler
                0x0000000008002f4c                TIM6_DAC_IRQHandler
                0x0000000008002f4c                TIM1_BRK_TIM9_IRQHandler
                0x0000000008002f4c                DCMI_IRQHandler
                0x0000000008002f4c                CAN2_RX0_IRQHandler
                0x0000000008002f4c                SAI2_IRQHandler
                0x0000000008002f4c                CAN1_RX1_IRQHandler
                0x0000000008002f4c                TIM4_IRQHandler
                0x0000000008002f4c                QUADSPI_IRQHandler
                0x0000000008002f4c                TIM3_IRQHandler
                0x0000000008002f4c                RCC_IRQHandler
                0x0000000008002f4c                TIM8_BRK_TIM12_IRQHandler
                0x0000000008002f4c                Default_Handler
                0x0000000008002f4c                CEC_IRQHandler
                0x0000000008002f4c                EXTI15_10_IRQHandler
                0x0000000008002f4c                ADC_IRQHandler
                0x0000000008002f4c                SPI5_IRQHandler
                0x0000000008002f4c                TIM7_IRQHandler
                0x0000000008002f4c                SDMMC1_IRQHandler
                0x0000000008002f4c                CAN2_TX_IRQHandler
                0x0000000008002f4c                TIM5_IRQHandler
                0x0000000008002f4c                EXTI9_5_IRQHandler
                0x0000000008002f4c                RTC_WKUP_IRQHandler
                0x0000000008002f4c                LTDC_IRQHandler
                0x0000000008002f4c                SPDIF_RX_IRQHandler
                0x0000000008002f4c                OTG_HS_EP1_IN_IRQHandler
                0x0000000008002f4c                CAN1_TX_IRQHandler
                0x0000000008002f4c                EXTI4_IRQHandler
                0x0000000008002f4c                RNG_IRQHandler
                0x0000000008002f4c                OTG_HS_EP1_OUT_IRQHandler
                0x0000000008002f4c                WWDG_IRQHandler
                0x0000000008002f4c                SPI6_IRQHandler
                0x0000000008002f4c                TIM2_IRQHandler
                0x0000000008002f4c                OTG_FS_WKUP_IRQHandler
                0x0000000008002f4c                TIM1_TRG_COM_TIM11_IRQHandler
                0x0000000008002f4c                OTG_HS_IRQHandler
                0x0000000008002f4c                DMA2D_IRQHandler
                0x0000000008002f4c                EXTI1_IRQHandler
                0x0000000008002f4c                CAN1_SCE_IRQHandler
                0x0000000008002f4c                OTG_FS_IRQHandler
                0x0000000008002f4c                FMC_IRQHandler
                0x0000000008002f4c                LPTIM1_IRQHandler
                0x0000000008002f4c                SAI1_IRQHandler
 .text.LAN8742_RegisterBusIO
                0x0000000008002f4e       0x64 ./Drivers/BSP/Components/lan8742/lan8742.o
                0x0000000008002f4e                LAN8742_RegisterBusIO
 .text.LAN8742_Init
                0x0000000008002fb2       0x9a ./Drivers/BSP/Components/lan8742/lan8742.o
                0x0000000008002fb2                LAN8742_Init
 .text.LAN8742_GetLinkState
                0x000000000800304c      0x10e ./Drivers/BSP/Components/lan8742/lan8742.o
                0x000000000800304c                LAN8742_GetLinkState
 .text.HAL_Init
                0x000000000800315a       0x1a ./Drivers/STM32F7xx_HAL_Driver/Src/stm32f7xx_hal.o
                0x000000000800315a                HAL_Init
 .text.HAL_IncTick
                0x0000000008003174       0x28 ./Drivers/STM32F7xx_HAL_Driver/Src/stm32f7xx_hal.o
                0x0000000008003174                HAL_IncTick
 .text.HAL_GetTick
                0x000000000800319c       0x18 ./Drivers/STM32F7xx_HAL_Driver/Src/stm32f7xx_hal.o
                0x000000000800319c                HAL_GetTick
 .text.HAL_Delay
                0x00000000080031b4       0x48 ./Drivers/STM32F7xx_HAL_Driver/Src/stm32f7xx_hal.o
                0x00000000080031b4                HAL_Delay
 .text.HAL_GetREVID
                0x00000000080031fc       0x18 ./Drivers/STM32F7xx_HAL_Driver/Src/stm32f7xx_hal.o
                0x00000000080031fc                HAL_GetREVID
 .text.HAL_GetUIDw0
                0x0000000008003214       0x18 ./Drivers/STM32F7xx_HAL_Driver/Src/stm32f7xx_hal.o
                0x0000000008003214                HAL_GetUIDw0
 .text.HAL_GetUIDw1
                0x000000000800322c       0x18 ./Drivers/STM32F7xx_HAL_Driver/Src/stm32f7xx_hal.o
                0x000000000800322c                HAL_GetUIDw1
 .text.HAL_GetUIDw2
                0x0000000008003244       0x18 ./Drivers/STM32F7xx_HAL_Driver/Src/stm32f7xx_hal.o
                0x0000000008003244                HAL_GetUIDw2
 .text.HAL_ADC_Init
                0x000000000800325c       0x88 ./Drivers/STM32F7xx_HAL_Driver/Src/stm32f7xx_hal_adc.o
                0x000000000800325c                HAL_ADC_Init
 .text.HAL_ADC_Start
                0x00000000080032e4      0x19c ./Drivers/STM32F7xx_HAL_Driver/Src/stm32f7xx_hal_adc.o
                0x00000000080032e4                HAL_ADC_Start
 .text.HAL_ADC_GetValue
                0x0000000008003480       0x1a ./Drivers/STM32F7xx_HAL_Driver/Src/stm32f7xx_hal_adc.o
                0x0000000008003480                HAL_ADC_GetValue
 *fill*         0x000000000800349a        0x2 
 .text.HAL_ADC_ConfigChannel
                0x000000000800349c      0x2ac ./Drivers/STM32F7xx_HAL_Driver/Src/stm32f7xx_hal_adc.o
                0x000000000800349c                HAL_ADC_ConfigChannel
 .text.ADC_Init
                0x0000000008003748      0x1f4 ./Drivers/STM32F7xx_HAL_Driver/Src/stm32f7xx_hal_adc.o
 .text.__NVIC_SetPriorityGrouping
                0x000000000800393c       0x48 ./Drivers/STM32F7xx_HAL_Driver/Src/stm32f7xx_hal_cortex.o
 .text.__NVIC_GetPriorityGrouping
                0x0000000008003984       0x1c ./Drivers/STM32F7xx_HAL_Driver/Src/stm32f7xx_hal_cortex.o
 .text.__NVIC_EnableIRQ
                0x00000000080039a0       0x3c ./Drivers/STM32F7xx_HAL_Driver/Src/stm32f7xx_hal_cortex.o
 .text.__NVIC_SetPriority
                0x00000000080039dc       0x54 ./Drivers/STM32F7xx_HAL_Driver/Src/stm32f7xx_hal_cortex.o
 .text.NVIC_EncodePriority
                0x0000000008003a30       0x66 ./Drivers/STM32F7xx_HAL_Driver/Src/stm32f7xx_hal_cortex.o
 .text.HAL_NVIC_SetPriorityGrouping
                0x0000000008003a96       0x16 ./Drivers/STM32F7xx_HAL_Driver/Src/stm32f7xx_hal_cortex.o
                0x0000000008003a96                HAL_NVIC_SetPriorityGrouping
 .text.HAL_NVIC_SetPriority
                0x0000000008003aac       0x38 ./Drivers/STM32F7xx_HAL_Driver/Src/stm32f7xx_hal_cortex.o
                0x0000000008003aac                HAL_NVIC_SetPriority
 .text.HAL_NVIC_EnableIRQ
                0x0000000008003ae4       0x1c ./Drivers/STM32F7xx_HAL_Driver/Src/stm32f7xx_hal_cortex.o
                0x0000000008003ae4                HAL_NVIC_EnableIRQ
 .text.HAL_DAC_Init
                0x0000000008003b00       0x44 ./Drivers/STM32F7xx_HAL_Driver/Src/stm32f7xx_hal_dac.o
                0x0000000008003b00                HAL_DAC_Init
 .text.HAL_DAC_Start
                0x0000000008003b44       0xae ./Drivers/STM32F7xx_HAL_Driver/Src/stm32f7xx_hal_dac.o
                0x0000000008003b44                HAL_DAC_Start
 .text.HAL_DAC_SetValue
                0x0000000008003bf2       0x54 ./Drivers/STM32F7xx_HAL_Driver/Src/stm32f7xx_hal_dac.o
                0x0000000008003bf2                HAL_DAC_SetValue
 .text.HAL_DAC_ConfigChannel
                0x0000000008003c46       0xb2 ./Drivers/STM32F7xx_HAL_Driver/Src/stm32f7xx_hal_dac.o
                0x0000000008003c46                HAL_DAC_ConfigChannel
 .text.HAL_DMA_Init
                0x0000000008003cf8      0x15c ./Drivers/STM32F7xx_HAL_Driver/Src/stm32f7xx_hal_dma.o
                0x0000000008003cf8                HAL_DMA_Init
 .text.HAL_DMA_Start_IT
                0x0000000008003e54       0xc0 ./Drivers/STM32F7xx_HAL_Driver/Src/stm32f7xx_hal_dma.o
                0x0000000008003e54                HAL_DMA_Start_IT
 .text.HAL_DMA_Abort
                0x0000000008003f14       0xe0 ./Drivers/STM32F7xx_HAL_Driver/Src/stm32f7xx_hal_dma.o
                0x0000000008003f14                HAL_DMA_Abort
 .text.HAL_DMA_Abort_IT
                0x0000000008003ff4       0x44 ./Drivers/STM32F7xx_HAL_Driver/Src/stm32f7xx_hal_dma.o
                0x0000000008003ff4                HAL_DMA_Abort_IT
 .text.HAL_DMA_IRQHandler
                0x0000000008004038      0x314 ./Drivers/STM32F7xx_HAL_Driver/Src/stm32f7xx_hal_dma.o
                0x0000000008004038                HAL_DMA_IRQHandler
 .text.HAL_DMA_GetState
                0x000000000800434c       0x1c ./Drivers/STM32F7xx_HAL_Driver/Src/stm32f7xx_hal_dma.o
                0x000000000800434c                HAL_DMA_GetState
 .text.HAL_DMA_GetError
                0x0000000008004368       0x18 ./Drivers/STM32F7xx_HAL_Driver/Src/stm32f7xx_hal_dma.o
                0x0000000008004368                HAL_DMA_GetError
 .text.DMA_SetConfig
                0x0000000008004380       0x5c ./Drivers/STM32F7xx_HAL_Driver/Src/stm32f7xx_hal_dma.o
 .text.DMA_CalcBaseAndBitshift
                0x00000000080043dc       0x6c ./Drivers/STM32F7xx_HAL_Driver/Src/stm32f7xx_hal_dma.o
 .text.DMA_CheckFifoParam
                0x0000000008004448       0xf8 ./Drivers/STM32F7xx_HAL_Driver/Src/stm32f7xx_hal_dma.o
 .text.HAL_ETH_Init
                0x0000000008004540      0x134 ./Drivers/STM32F7xx_HAL_Driver/Src/stm32f7xx_hal_eth.o
                0x0000000008004540                HAL_ETH_Init
 .text.HAL_ETH_Start_IT
                0x0000000008004674       0xe0 ./Drivers/STM32F7xx_HAL_Driver/Src/stm32f7xx_hal_eth.o
                0x0000000008004674                HAL_ETH_Start_IT
 .text.HAL_ETH_Stop_IT
                0x0000000008004754      0x100 ./Drivers/STM32F7xx_HAL_Driver/Src/stm32f7xx_hal_eth.o
                0x0000000008004754                HAL_ETH_Stop_IT
 .text.HAL_ETH_Transmit_IT
                0x0000000008004854       0xb8 ./Drivers/STM32F7xx_HAL_Driver/Src/stm32f7xx_hal_eth.o
                0x0000000008004854                HAL_ETH_Transmit_IT
 .text.HAL_ETH_ReadData
                0x000000000800490c      0x17e ./Drivers/STM32F7xx_HAL_Driver/Src/stm32f7xx_hal_eth.o
                0x000000000800490c                HAL_ETH_ReadData
 *fill*         0x0000000008004a8a        0x2 
 .text.ETH_UpdateDescriptor
                0x0000000008004a8c      0x108 ./Drivers/STM32F7xx_HAL_Driver/Src/stm32f7xx_hal_eth.o
 .text.HAL_ETH_ReleaseTxPacket
                0x0000000008004b94       0xc6 ./Drivers/STM32F7xx_HAL_Driver/Src/stm32f7xx_hal_eth.o
                0x0000000008004b94                HAL_ETH_ReleaseTxPacket
 *fill*         0x0000000008004c5a        0x2 
 .text.HAL_ETH_IRQHandler
                0x0000000008004c5c      0x164 ./Drivers/STM32F7xx_HAL_Driver/Src/stm32f7xx_hal_eth.o
                0x0000000008004c5c                HAL_ETH_IRQHandler
 .text.HAL_ETH_PMTCallback
                0x0000000008004dc0       0x14 ./Drivers/STM32F7xx_HAL_Driver/Src/stm32f7xx_hal_eth.o
                0x0000000008004dc0                HAL_ETH_PMTCallback
 .text.HAL_ETH_WakeUpCallback
                0x0000000008004dd4       0x14 ./Drivers/STM32F7xx_HAL_Driver/Src/stm32f7xx_hal_eth.o
                0x0000000008004dd4                HAL_ETH_WakeUpCallback
 .text.HAL_ETH_ReadPHYRegister
                0x0000000008004de8       0x96 ./Drivers/STM32F7xx_HAL_Driver/Src/stm32f7xx_hal_eth.o
                0x0000000008004de8                HAL_ETH_ReadPHYRegister
 .text.HAL_ETH_WritePHYRegister
                0x0000000008004e7e       0x92 ./Drivers/STM32F7xx_HAL_Driver/Src/stm32f7xx_hal_eth.o
                0x0000000008004e7e                HAL_ETH_WritePHYRegister
 .text.HAL_ETH_GetMACConfig
                0x0000000008004f10      0x1ee ./Drivers/STM32F7xx_HAL_Driver/Src/stm32f7xx_hal_eth.o
                0x0000000008004f10                HAL_ETH_GetMACConfig
 .text.HAL_ETH_SetMACConfig
                0x00000000080050fe       0x34 ./Drivers/STM32F7xx_HAL_Driver/Src/stm32f7xx_hal_eth.o
                0x00000000080050fe                HAL_ETH_SetMACConfig
 *fill*         0x0000000008005132        0x2 
 .text.HAL_ETH_SetMDIOClockRange
                0x0000000008005134       0x84 ./Drivers/STM32F7xx_HAL_Driver/Src/stm32f7xx_hal_eth.o
                0x0000000008005134                HAL_ETH_SetMDIOClockRange
 .text.HAL_ETH_GetDMAError
                0x00000000080051b8       0x1a ./Drivers/STM32F7xx_HAL_Driver/Src/stm32f7xx_hal_eth.o
                0x00000000080051b8                HAL_ETH_GetDMAError
 .text.ETH_FlushTransmitFIFO
                0x00000000080051d2       0x4a ./Drivers/STM32F7xx_HAL_Driver/Src/stm32f7xx_hal_eth.o
 .text.ETH_SetMACConfig
                0x000000000800521c      0x168 ./Drivers/STM32F7xx_HAL_Driver/Src/stm32f7xx_hal_eth.o
 .text.ETH_SetDMAConfig
                0x0000000008005384      0x114 ./Drivers/STM32F7xx_HAL_Driver/Src/stm32f7xx_hal_eth.o
 .text.ETH_MACDMAConfig
                0x0000000008005498       0xea ./Drivers/STM32F7xx_HAL_Driver/Src/stm32f7xx_hal_eth.o
 *fill*         0x0000000008005582        0x2 
 .text.ETH_MACAddressConfig
                0x0000000008005584       0x70 ./Drivers/STM32F7xx_HAL_Driver/Src/stm32f7xx_hal_eth.o
 .text.ETH_DMATxDescListInit
                0x00000000080055f4       0xb2 ./Drivers/STM32F7xx_HAL_Driver/Src/stm32f7xx_hal_eth.o
 .text.ETH_DMARxDescListInit
                0x00000000080056a6       0xde ./Drivers/STM32F7xx_HAL_Driver/Src/stm32f7xx_hal_eth.o
 .text.ETH_Prepare_Tx_Descriptors
                0x0000000008005784      0x28c ./Drivers/STM32F7xx_HAL_Driver/Src/stm32f7xx_hal_eth.o
 .text.HAL_FLASH_Program
                0x0000000008005a10       0xb8 ./Drivers/STM32F7xx_HAL_Driver/Src/stm32f7xx_hal_flash.o
                0x0000000008005a10                HAL_FLASH_Program
 .text.HAL_FLASH_IRQHandler
                0x0000000008005ac8      0x168 ./Drivers/STM32F7xx_HAL_Driver/Src/stm32f7xx_hal_flash.o
                0x0000000008005ac8                HAL_FLASH_IRQHandler
 .text.HAL_FLASH_EndOfOperationCallback
                0x0000000008005c30       0x14 ./Drivers/STM32F7xx_HAL_Driver/Src/stm32f7xx_hal_flash.o
                0x0000000008005c30                HAL_FLASH_EndOfOperationCallback
 .text.HAL_FLASH_OperationErrorCallback
                0x0000000008005c44       0x14 ./Drivers/STM32F7xx_HAL_Driver/Src/stm32f7xx_hal_flash.o
                0x0000000008005c44                HAL_FLASH_OperationErrorCallback
 .text.HAL_FLASH_Unlock
                0x0000000008005c58       0x44 ./Drivers/STM32F7xx_HAL_Driver/Src/stm32f7xx_hal_flash.o
                0x0000000008005c58                HAL_FLASH_Unlock
 .text.HAL_FLASH_Lock
                0x0000000008005c9c       0x20 ./Drivers/STM32F7xx_HAL_Driver/Src/stm32f7xx_hal_flash.o
                0x0000000008005c9c                HAL_FLASH_Lock
 .text.FLASH_WaitForLastOperation
                0x0000000008005cbc       0x80 ./Drivers/STM32F7xx_HAL_Driver/Src/stm32f7xx_hal_flash.o
                0x0000000008005cbc                FLASH_WaitForLastOperation
 .text.FLASH_Program_DoubleWord
                0x0000000008005d3c       0x6c ./Drivers/STM32F7xx_HAL_Driver/Src/stm32f7xx_hal_flash.o
 .text.FLASH_Program_Word
                0x0000000008005da8       0x4c ./Drivers/STM32F7xx_HAL_Driver/Src/stm32f7xx_hal_flash.o
 .text.FLASH_Program_HalfWord
                0x0000000008005df4       0x4c ./Drivers/STM32F7xx_HAL_Driver/Src/stm32f7xx_hal_flash.o
 .text.FLASH_Program_Byte
                0x0000000008005e40       0x48 ./Drivers/STM32F7xx_HAL_Driver/Src/stm32f7xx_hal_flash.o
 .text.FLASH_SetErrorCode
                0x0000000008005e88       0x94 ./Drivers/STM32F7xx_HAL_Driver/Src/stm32f7xx_hal_flash.o
 .text.HAL_FLASHEx_Erase
                0x0000000008005f1c       0xd8 ./Drivers/STM32F7xx_HAL_Driver/Src/stm32f7xx_hal_flash_ex.o
                0x0000000008005f1c                HAL_FLASHEx_Erase
 .text.FLASH_MassErase
                0x0000000008005ff4       0x4c ./Drivers/STM32F7xx_HAL_Driver/Src/stm32f7xx_hal_flash_ex.o
 .text.FLASH_Erase_Sector
                0x0000000008006040       0x98 ./Drivers/STM32F7xx_HAL_Driver/Src/stm32f7xx_hal_flash_ex.o
                0x0000000008006040                FLASH_Erase_Sector
 .text.HAL_GPIO_Init
                0x00000000080060d8      0x358 ./Drivers/STM32F7xx_HAL_Driver/Src/stm32f7xx_hal_gpio.o
                0x00000000080060d8                HAL_GPIO_Init
 .text.HAL_GPIO_WritePin
                0x0000000008006430       0x32 ./Drivers/STM32F7xx_HAL_Driver/Src/stm32f7xx_hal_gpio.o
                0x0000000008006430                HAL_GPIO_WritePin
 *fill*         0x0000000008006462        0x2 
 .text.HAL_I2C_Init
                0x0000000008006464      0x138 ./Drivers/STM32F7xx_HAL_Driver/Src/stm32f7xx_hal_i2c.o
                0x0000000008006464                HAL_I2C_Init
 .text.HAL_I2C_Master_Receive_IT
                0x000000000800659c       0xe0 ./Drivers/STM32F7xx_HAL_Driver/Src/stm32f7xx_hal_i2c.o
                0x000000000800659c                HAL_I2C_Master_Receive_IT
 .text.HAL_I2C_Slave_Transmit_IT
                0x000000000800667c       0xdc ./Drivers/STM32F7xx_HAL_Driver/Src/stm32f7xx_hal_i2c.o
                0x000000000800667c                HAL_I2C_Slave_Transmit_IT
 .text.HAL_I2C_Master_Receive_DMA
                0x0000000008006758      0x1e0 ./Drivers/STM32F7xx_HAL_Driver/Src/stm32f7xx_hal_i2c.o
                0x0000000008006758                HAL_I2C_Master_Receive_DMA
 .text.HAL_I2C_Master_Abort_IT
                0x0000000008006938       0xa8 ./Drivers/STM32F7xx_HAL_Driver/Src/stm32f7xx_hal_i2c.o
                0x0000000008006938                HAL_I2C_Master_Abort_IT
 .text.HAL_I2C_EV_IRQHandler
                0x00000000080069e0       0x34 ./Drivers/STM32F7xx_HAL_Driver/Src/stm32f7xx_hal_i2c.o
                0x00000000080069e0                HAL_I2C_EV_IRQHandler
 .text.HAL_I2C_ER_IRQHandler
                0x0000000008006a14       0xb6 ./Drivers/STM32F7xx_HAL_Driver/Src/stm32f7xx_hal_i2c.o
                0x0000000008006a14                HAL_I2C_ER_IRQHandler
 .text.HAL_I2C_MasterTxCpltCallback
                0x0000000008006aca       0x14 ./Drivers/STM32F7xx_HAL_Driver/Src/stm32f7xx_hal_i2c.o
                0x0000000008006aca                HAL_I2C_MasterTxCpltCallback
 .text.HAL_I2C_SlaveTxCpltCallback
                0x0000000008006ade       0x14 ./Drivers/STM32F7xx_HAL_Driver/Src/stm32f7xx_hal_i2c.o
                0x0000000008006ade                HAL_I2C_SlaveTxCpltCallback
 .text.HAL_I2C_SlaveRxCpltCallback
                0x0000000008006af2       0x14 ./Drivers/STM32F7xx_HAL_Driver/Src/stm32f7xx_hal_i2c.o
                0x0000000008006af2                HAL_I2C_SlaveRxCpltCallback
 .text.HAL_I2C_AddrCallback
                0x0000000008006b06       0x1c ./Drivers/STM32F7xx_HAL_Driver/Src/stm32f7xx_hal_i2c.o
                0x0000000008006b06                HAL_I2C_AddrCallback
 .text.HAL_I2C_ListenCpltCallback
                0x0000000008006b22       0x14 ./Drivers/STM32F7xx_HAL_Driver/Src/stm32f7xx_hal_i2c.o
                0x0000000008006b22                HAL_I2C_ListenCpltCallback
 .text.HAL_I2C_MemTxCpltCallback
                0x0000000008006b36       0x14 ./Drivers/STM32F7xx_HAL_Driver/Src/stm32f7xx_hal_i2c.o
                0x0000000008006b36                HAL_I2C_MemTxCpltCallback
 .text.HAL_I2C_MemRxCpltCallback
                0x0000000008006b4a       0x14 ./Drivers/STM32F7xx_HAL_Driver/Src/stm32f7xx_hal_i2c.o
                0x0000000008006b4a                HAL_I2C_MemRxCpltCallback
 .text.I2C_Master_ISR_IT
                0x0000000008006b5e      0x26a ./Drivers/STM32F7xx_HAL_Driver/Src/stm32f7xx_hal_i2c.o
 .text.I2C_Slave_ISR_IT
                0x0000000008006dc8      0x1f2 ./Drivers/STM32F7xx_HAL_Driver/Src/stm32f7xx_hal_i2c.o
 .text.I2C_Master_ISR_DMA
                0x0000000008006fba      0x1f2 ./Drivers/STM32F7xx_HAL_Driver/Src/stm32f7xx_hal_i2c.o
 .text.I2C_Mem_ISR_DMA
                0x00000000080071ac      0x288 ./Drivers/STM32F7xx_HAL_Driver/Src/stm32f7xx_hal_i2c.o
 .text.I2C_Slave_ISR_DMA
                0x0000000008007434      0x1ae ./Drivers/STM32F7xx_HAL_Driver/Src/stm32f7xx_hal_i2c.o
 .text.I2C_ITAddrCplt
                0x00000000080075e2      0x108 ./Drivers/STM32F7xx_HAL_Driver/Src/stm32f7xx_hal_i2c.o
 .text.I2C_ITMasterSeqCplt
                0x00000000080076ea       0x7a ./Drivers/STM32F7xx_HAL_Driver/Src/stm32f7xx_hal_i2c.o
 .text.I2C_ITSlaveSeqCplt
                0x0000000008007764       0xb8 ./Drivers/STM32F7xx_HAL_Driver/Src/stm32f7xx_hal_i2c.o
 .text.I2C_ITMasterCplt
                0x000000000800781c      0x190 ./Drivers/STM32F7xx_HAL_Driver/Src/stm32f7xx_hal_i2c.o
 .text.I2C_ITSlaveCplt
                0x00000000080079ac      0x2c8 ./Drivers/STM32F7xx_HAL_Driver/Src/stm32f7xx_hal_i2c.o
 .text.I2C_ITListenCplt
                0x0000000008007c74       0xa8 ./Drivers/STM32F7xx_HAL_Driver/Src/stm32f7xx_hal_i2c.o
 .text.I2C_ITError
                0x0000000008007d1c      0x1e0 ./Drivers/STM32F7xx_HAL_Driver/Src/stm32f7xx_hal_i2c.o
 .text.I2C_TreatErrorCallback
                0x0000000008007efc       0x4e ./Drivers/STM32F7xx_HAL_Driver/Src/stm32f7xx_hal_i2c.o
 .text.I2C_Flush_TXDR
                0x0000000008007f4a       0x48 ./Drivers/STM32F7xx_HAL_Driver/Src/stm32f7xx_hal_i2c.o
 .text.I2C_DMAMasterReceiveCplt
                0x0000000008007f92       0xb2 ./Drivers/STM32F7xx_HAL_Driver/Src/stm32f7xx_hal_i2c.o
 .text.I2C_DMAError
                0x0000000008008044       0x74 ./Drivers/STM32F7xx_HAL_Driver/Src/stm32f7xx_hal_i2c.o
 .text.I2C_DMAAbort
                0x00000000080080b8       0x3c ./Drivers/STM32F7xx_HAL_Driver/Src/stm32f7xx_hal_i2c.o
 .text.I2C_TransferConfig
                0x00000000080080f4       0x64 ./Drivers/STM32F7xx_HAL_Driver/Src/stm32f7xx_hal_i2c.o
 .text.I2C_Enable_IRQ
                0x0000000008008158      0x108 ./Drivers/STM32F7xx_HAL_Driver/Src/stm32f7xx_hal_i2c.o
 .text.I2C_Disable_IRQ
                0x0000000008008260       0xbc ./Drivers/STM32F7xx_HAL_Driver/Src/stm32f7xx_hal_i2c.o
 .text.HAL_I2CEx_ConfigAnalogFilter
                0x000000000800831c       0x96 ./Drivers/STM32F7xx_HAL_Driver/Src/stm32f7xx_hal_i2c_ex.o
                0x000000000800831c                HAL_I2CEx_ConfigAnalogFilter
 .text.HAL_I2CEx_ConfigDigitalFilter
                0x00000000080083b2       0x98 ./Drivers/STM32F7xx_HAL_Driver/Src/stm32f7xx_hal_i2c_ex.o
                0x00000000080083b2                HAL_I2CEx_ConfigDigitalFilter
 *fill*         0x000000000800844a        0x2 
 .text.HAL_PWR_EnableBkUpAccess
                0x000000000800844c       0x20 ./Drivers/STM32F7xx_HAL_Driver/Src/stm32f7xx_hal_pwr.o
                0x000000000800844c                HAL_PWR_EnableBkUpAccess
 .text.HAL_PWREx_EnableOverDrive
                0x000000000800846c       0xa0 ./Drivers/STM32F7xx_HAL_Driver/Src/stm32f7xx_hal_pwr_ex.o
                0x000000000800846c                HAL_PWREx_EnableOverDrive
 .text.HAL_RCC_OscConfig
                0x000000000800850c      0x548 ./Drivers/STM32F7xx_HAL_Driver/Src/stm32f7xx_hal_rcc.o
                0x000000000800850c                HAL_RCC_OscConfig
 .text.HAL_RCC_ClockConfig
                0x0000000008008a54      0x1d8 ./Drivers/STM32F7xx_HAL_Driver/Src/stm32f7xx_hal_rcc.o
                0x0000000008008a54                HAL_RCC_ClockConfig
 .text.HAL_RCC_GetSysClockFreq
                0x0000000008008c2c      0x20c ./Drivers/STM32F7xx_HAL_Driver/Src/stm32f7xx_hal_rcc.o
                0x0000000008008c2c                HAL_RCC_GetSysClockFreq
 .text.HAL_RCC_GetHCLKFreq
                0x0000000008008e38       0x18 ./Drivers/STM32F7xx_HAL_Driver/Src/stm32f7xx_hal_rcc.o
                0x0000000008008e38                HAL_RCC_GetHCLKFreq
 .text.HAL_RCC_GetPCLK1Freq
                0x0000000008008e50       0x28 ./Drivers/STM32F7xx_HAL_Driver/Src/stm32f7xx_hal_rcc.o
                0x0000000008008e50                HAL_RCC_GetPCLK1Freq
 .text.HAL_RCC_GetPCLK2Freq
                0x0000000008008e78       0x28 ./Drivers/STM32F7xx_HAL_Driver/Src/stm32f7xx_hal_rcc.o
                0x0000000008008e78                HAL_RCC_GetPCLK2Freq
 .text.HAL_RCC_GetClockConfig
                0x0000000008008ea0       0x64 ./Drivers/STM32F7xx_HAL_Driver/Src/stm32f7xx_hal_rcc.o
                0x0000000008008ea0                HAL_RCC_GetClockConfig
 .text.HAL_RCCEx_PeriphCLKConfig
                0x0000000008008f04      0x7e0 ./Drivers/STM32F7xx_HAL_Driver/Src/stm32f7xx_hal_rcc_ex.o
                0x0000000008008f04                HAL_RCCEx_PeriphCLKConfig
 .text.HAL_SPI_Init
                0x00000000080096e4      0x156 ./Drivers/STM32F7xx_HAL_Driver/Src/stm32f7xx_hal_spi.o
                0x00000000080096e4                HAL_SPI_Init
 *fill*         0x000000000800983a        0x2 
 .text.HAL_SPI_Transmit_IT
                0x000000000800983c      0x118 ./Drivers/STM32F7xx_HAL_Driver/Src/stm32f7xx_hal_spi.o
                0x000000000800983c                HAL_SPI_Transmit_IT
 .text.HAL_SPI_Receive_IT
                0x0000000008009954      0x15c ./Drivers/STM32F7xx_HAL_Driver/Src/stm32f7xx_hal_spi.o
                0x0000000008009954                HAL_SPI_Receive_IT
 .text.HAL_SPI_TransmitReceive_IT
                0x0000000008009ab0      0x15c ./Drivers/STM32F7xx_HAL_Driver/Src/stm32f7xx_hal_spi.o
                0x0000000008009ab0                HAL_SPI_TransmitReceive_IT
 .text.HAL_SPI_Transmit_DMA
                0x0000000008009c0c      0x1e0 ./Drivers/STM32F7xx_HAL_Driver/Src/stm32f7xx_hal_spi.o
                0x0000000008009c0c                HAL_SPI_Transmit_DMA
 .text.HAL_SPI_Receive_DMA
                0x0000000008009dec      0x240 ./Drivers/STM32F7xx_HAL_Driver/Src/stm32f7xx_hal_spi.o
                0x0000000008009dec                HAL_SPI_Receive_DMA
 .text.HAL_SPI_TransmitReceive_DMA
                0x000000000800a02c      0x308 ./Drivers/STM32F7xx_HAL_Driver/Src/stm32f7xx_hal_spi.o
                0x000000000800a02c                HAL_SPI_TransmitReceive_DMA
 .text.HAL_SPI_Abort_IT
                0x000000000800a334      0x1f4 ./Drivers/STM32F7xx_HAL_Driver/Src/stm32f7xx_hal_spi.o
                0x000000000800a334                HAL_SPI_Abort_IT
 .text.HAL_SPI_IRQHandler
                0x000000000800a528      0x1e8 ./Drivers/STM32F7xx_HAL_Driver/Src/stm32f7xx_hal_spi.o
                0x000000000800a528                HAL_SPI_IRQHandler
 .text.HAL_SPI_TxCpltCallback
                0x000000000800a710       0x14 ./Drivers/STM32F7xx_HAL_Driver/Src/stm32f7xx_hal_spi.o
                0x000000000800a710                HAL_SPI_TxCpltCallback
 .text.HAL_SPI_TxHalfCpltCallback
                0x000000000800a724       0x14 ./Drivers/STM32F7xx_HAL_Driver/Src/stm32f7xx_hal_spi.o
                0x000000000800a724                HAL_SPI_TxHalfCpltCallback
 .text.HAL_SPI_RxHalfCpltCallback
                0x000000000800a738       0x14 ./Drivers/STM32F7xx_HAL_Driver/Src/stm32f7xx_hal_spi.o
                0x000000000800a738                HAL_SPI_RxHalfCpltCallback
 .text.HAL_SPI_TxRxHalfCpltCallback
                0x000000000800a74c       0x14 ./Drivers/STM32F7xx_HAL_Driver/Src/stm32f7xx_hal_spi.o
                0x000000000800a74c                HAL_SPI_TxRxHalfCpltCallback
 .text.SPI_DMATransmitCplt
                0x000000000800a760       0xa8 ./Drivers/STM32F7xx_HAL_Driver/Src/stm32f7xx_hal_spi.o
 .text.SPI_DMAReceiveCplt
                0x000000000800a808       0xaa ./Drivers/STM32F7xx_HAL_Driver/Src/stm32f7xx_hal_spi.o
 .text.SPI_DMATransmitReceiveCplt
                0x000000000800a8b2       0x92 ./Drivers/STM32F7xx_HAL_Driver/Src/stm32f7xx_hal_spi.o
 .text.SPI_DMAHalfTransmitCplt
                0x000000000800a944       0x1c ./Drivers/STM32F7xx_HAL_Driver/Src/stm32f7xx_hal_spi.o
 .text.SPI_DMAHalfReceiveCplt
                0x000000000800a960       0x1c ./Drivers/STM32F7xx_HAL_Driver/Src/stm32f7xx_hal_spi.o
 .text.SPI_DMAHalfTransmitReceiveCplt
                0x000000000800a97c       0x1c ./Drivers/STM32F7xx_HAL_Driver/Src/stm32f7xx_hal_spi.o
 .text.SPI_DMAError
                0x000000000800a998       0x40 ./Drivers/STM32F7xx_HAL_Driver/Src/stm32f7xx_hal_spi.o
 .text.SPI_DMAAbortOnError
                0x000000000800a9d8       0x2a ./Drivers/STM32F7xx_HAL_Driver/Src/stm32f7xx_hal_spi.o
 .text.SPI_DMATxAbortCallback
                0x000000000800aa02       0xde ./Drivers/STM32F7xx_HAL_Driver/Src/stm32f7xx_hal_spi.o
 .text.SPI_DMARxAbortCallback
                0x000000000800aae0       0xe2 ./Drivers/STM32F7xx_HAL_Driver/Src/stm32f7xx_hal_spi.o
 .text.SPI_2linesRxISR_8BIT
                0x000000000800abc2       0xbe ./Drivers/STM32F7xx_HAL_Driver/Src/stm32f7xx_hal_spi.o
 .text.SPI_2linesTxISR_8BIT
                0x000000000800ac80       0x92 ./Drivers/STM32F7xx_HAL_Driver/Src/stm32f7xx_hal_spi.o
 .text.SPI_2linesRxISR_16BIT
                0x000000000800ad12       0x66 ./Drivers/STM32F7xx_HAL_Driver/Src/stm32f7xx_hal_spi.o
 .text.SPI_2linesTxISR_16BIT
                0x000000000800ad78       0x60 ./Drivers/STM32F7xx_HAL_Driver/Src/stm32f7xx_hal_spi.o
 .text.SPI_RxISR_8BIT
                0x000000000800add8       0x50 ./Drivers/STM32F7xx_HAL_Driver/Src/stm32f7xx_hal_spi.o
 .text.SPI_RxISR_16BIT
                0x000000000800ae28       0x4c ./Drivers/STM32F7xx_HAL_Driver/Src/stm32f7xx_hal_spi.o
 .text.SPI_TxISR_8BIT
                0x000000000800ae74       0x46 ./Drivers/STM32F7xx_HAL_Driver/Src/stm32f7xx_hal_spi.o
 .text.SPI_TxISR_16BIT
                0x000000000800aeba       0x44 ./Drivers/STM32F7xx_HAL_Driver/Src/stm32f7xx_hal_spi.o
 *fill*         0x000000000800aefe        0x2 
 .text.SPI_WaitFlagStateUntilTimeout
                0x000000000800af00      0x110 ./Drivers/STM32F7xx_HAL_Driver/Src/stm32f7xx_hal_spi.o
 .text.SPI_WaitFifoStateUntilTimeout
                0x000000000800b010      0x12c ./Drivers/STM32F7xx_HAL_Driver/Src/stm32f7xx_hal_spi.o
 .text.SPI_EndRxTransaction
                0x000000000800b13c       0xf8 ./Drivers/STM32F7xx_HAL_Driver/Src/stm32f7xx_hal_spi.o
 .text.SPI_EndRxTxTransaction
                0x000000000800b234       0xd4 ./Drivers/STM32F7xx_HAL_Driver/Src/stm32f7xx_hal_spi.o
 .text.SPI_CloseRxTx_ISR
                0x000000000800b308       0x84 ./Drivers/STM32F7xx_HAL_Driver/Src/stm32f7xx_hal_spi.o
 .text.SPI_CloseRx_ISR
                0x000000000800b38c       0x60 ./Drivers/STM32F7xx_HAL_Driver/Src/stm32f7xx_hal_spi.o
 .text.SPI_CloseTx_ISR
                0x000000000800b3ec       0x7e ./Drivers/STM32F7xx_HAL_Driver/Src/stm32f7xx_hal_spi.o
 *fill*         0x000000000800b46a        0x2 
 .text.SPI_AbortRx_ISR
                0x000000000800b46c       0xc0 ./Drivers/STM32F7xx_HAL_Driver/Src/stm32f7xx_hal_spi.o
 .text.SPI_AbortTx_ISR
                0x000000000800b52c      0x144 ./Drivers/STM32F7xx_HAL_Driver/Src/stm32f7xx_hal_spi.o
 .text.HAL_TIM_Base_Init
                0x000000000800b670       0xae ./Drivers/STM32F7xx_HAL_Driver/Src/stm32f7xx_hal_tim.o
                0x000000000800b670                HAL_TIM_Base_Init
 .text.HAL_TIM_Base_MspInit
                0x000000000800b71e       0x14 ./Drivers/STM32F7xx_HAL_Driver/Src/stm32f7xx_hal_tim.o
                0x000000000800b71e                HAL_TIM_Base_MspInit
 *fill*         0x000000000800b732        0x2 
 .text.HAL_TIM_Base_Start_IT
                0x000000000800b734       0xf0 ./Drivers/STM32F7xx_HAL_Driver/Src/stm32f7xx_hal_tim.o
                0x000000000800b734                HAL_TIM_Base_Start_IT
 .text.HAL_TIM_IRQHandler
                0x000000000800b824      0x20e ./Drivers/STM32F7xx_HAL_Driver/Src/stm32f7xx_hal_tim.o
                0x000000000800b824                HAL_TIM_IRQHandler
 .text.HAL_TIM_OC_DelayElapsedCallback
                0x000000000800ba32       0x14 ./Drivers/STM32F7xx_HAL_Driver/Src/stm32f7xx_hal_tim.o
                0x000000000800ba32                HAL_TIM_OC_DelayElapsedCallback
 .text.HAL_TIM_IC_CaptureCallback
                0x000000000800ba46       0x14 ./Drivers/STM32F7xx_HAL_Driver/Src/stm32f7xx_hal_tim.o
                0x000000000800ba46                HAL_TIM_IC_CaptureCallback
 .text.HAL_TIM_PWM_PulseFinishedCallback
                0x000000000800ba5a       0x14 ./Drivers/STM32F7xx_HAL_Driver/Src/stm32f7xx_hal_tim.o
                0x000000000800ba5a                HAL_TIM_PWM_PulseFinishedCallback
 .text.HAL_TIM_TriggerCallback
                0x000000000800ba6e       0x14 ./Drivers/STM32F7xx_HAL_Driver/Src/stm32f7xx_hal_tim.o
                0x000000000800ba6e                HAL_TIM_TriggerCallback
 *fill*         0x000000000800ba82        0x2 
 .text.TIM_Base_SetConfig
                0x000000000800ba84      0x158 ./Drivers/STM32F7xx_HAL_Driver/Src/stm32f7xx_hal_tim.o
                0x000000000800ba84                TIM_Base_SetConfig
 .text.HAL_TIMEx_CommutCallback
                0x000000000800bbdc       0x14 ./Drivers/STM32F7xx_HAL_Driver/Src/stm32f7xx_hal_tim_ex.o
                0x000000000800bbdc                HAL_TIMEx_CommutCallback
 .text.HAL_TIMEx_BreakCallback
                0x000000000800bbf0       0x14 ./Drivers/STM32F7xx_HAL_Driver/Src/stm32f7xx_hal_tim_ex.o
                0x000000000800bbf0                HAL_TIMEx_BreakCallback
 .text.HAL_TIMEx_Break2Callback
                0x000000000800bc04       0x14 ./Drivers/STM32F7xx_HAL_Driver/Src/stm32f7xx_hal_tim_ex.o
                0x000000000800bc04                HAL_TIMEx_Break2Callback
 .text.HAL_UART_Init
                0x000000000800bc18       0x9c ./Drivers/STM32F7xx_HAL_Driver/Src/stm32f7xx_hal_uart.o
                0x000000000800bc18                HAL_UART_Init
 .text.HAL_UART_Transmit_IT
                0x000000000800bcb4       0xbc ./Drivers/STM32F7xx_HAL_Driver/Src/stm32f7xx_hal_uart.o
                0x000000000800bcb4                HAL_UART_Transmit_IT
 .text.HAL_UART_Receive_IT
                0x000000000800bd70       0x88 ./Drivers/STM32F7xx_HAL_Driver/Src/stm32f7xx_hal_uart.o
                0x000000000800bd70                HAL_UART_Receive_IT
 .text.HAL_UART_Transmit_DMA
                0x000000000800bdf8       0xf8 ./Drivers/STM32F7xx_HAL_Driver/Src/stm32f7xx_hal_uart.o
                0x000000000800bdf8                HAL_UART_Transmit_DMA
 .text.HAL_UART_Receive_DMA
                0x000000000800bef0       0x88 ./Drivers/STM32F7xx_HAL_Driver/Src/stm32f7xx_hal_uart.o
                0x000000000800bef0                HAL_UART_Receive_DMA
 .text.HAL_UART_Abort_IT
                0x000000000800bf78      0x24c ./Drivers/STM32F7xx_HAL_Driver/Src/stm32f7xx_hal_uart.o
                0x000000000800bf78                HAL_UART_Abort_IT
 .text.HAL_UART_IRQHandler
                0x000000000800c1c4      0x5a4 ./Drivers/STM32F7xx_HAL_Driver/Src/stm32f7xx_hal_uart.o
                0x000000000800c1c4                HAL_UART_IRQHandler
 .text.HAL_UART_TxCpltCallback
                0x000000000800c768       0x14 ./Drivers/STM32F7xx_HAL_Driver/Src/stm32f7xx_hal_uart.o
                0x000000000800c768                HAL_UART_TxCpltCallback
 .text.HAL_UART_TxHalfCpltCallback
                0x000000000800c77c       0x14 ./Drivers/STM32F7xx_HAL_Driver/Src/stm32f7xx_hal_uart.o
                0x000000000800c77c                HAL_UART_TxHalfCpltCallback
 .text.HAL_UART_RxHalfCpltCallback
                0x000000000800c790       0x14 ./Drivers/STM32F7xx_HAL_Driver/Src/stm32f7xx_hal_uart.o
                0x000000000800c790                HAL_UART_RxHalfCpltCallback
 .text.HAL_UARTEx_RxEventCallback
                0x000000000800c7a4       0x18 ./Drivers/STM32F7xx_HAL_Driver/Src/stm32f7xx_hal_uart.o
                0x000000000800c7a4                HAL_UARTEx_RxEventCallback
 .text.UART_SetConfig
                0x000000000800c7bc      0x4c8 ./Drivers/STM32F7xx_HAL_Driver/Src/stm32f7xx_hal_uart.o
                0x000000000800c7bc                UART_SetConfig
 .text.UART_AdvFeatureConfig
                0x000000000800cc84      0x144 ./Drivers/STM32F7xx_HAL_Driver/Src/stm32f7xx_hal_uart.o
                0x000000000800cc84                UART_AdvFeatureConfig
 .text.UART_CheckIdleState
                0x000000000800cdc8       0xae ./Drivers/STM32F7xx_HAL_Driver/Src/stm32f7xx_hal_uart.o
                0x000000000800cdc8                UART_CheckIdleState
 .text.UART_WaitOnFlagUntilTimeout
                0x000000000800ce76       0xda ./Drivers/STM32F7xx_HAL_Driver/Src/stm32f7xx_hal_uart.o
                0x000000000800ce76                UART_WaitOnFlagUntilTimeout
 .text.UART_Start_Receive_IT
                0x000000000800cf50      0x18c ./Drivers/STM32F7xx_HAL_Driver/Src/stm32f7xx_hal_uart.o
                0x000000000800cf50                UART_Start_Receive_IT
 .text.UART_Start_Receive_DMA
                0x000000000800d0dc      0x140 ./Drivers/STM32F7xx_HAL_Driver/Src/stm32f7xx_hal_uart.o
                0x000000000800d0dc                UART_Start_Receive_DMA
 .text.UART_EndTxTransfer
                0x000000000800d21c       0x4c ./Drivers/STM32F7xx_HAL_Driver/Src/stm32f7xx_hal_uart.o
 .text.UART_EndRxTransfer
                0x000000000800d268       0xc8 ./Drivers/STM32F7xx_HAL_Driver/Src/stm32f7xx_hal_uart.o
 .text.UART_DMATransmitCplt
                0x000000000800d330       0x96 ./Drivers/STM32F7xx_HAL_Driver/Src/stm32f7xx_hal_uart.o
 .text.UART_DMATxHalfCplt
                0x000000000800d3c6       0x1c ./Drivers/STM32F7xx_HAL_Driver/Src/stm32f7xx_hal_uart.o
 .text.UART_DMAReceiveCplt
                0x000000000800d3e2      0x128 ./Drivers/STM32F7xx_HAL_Driver/Src/stm32f7xx_hal_uart.o
 .text.UART_DMARxHalfCplt
                0x000000000800d50a       0x3e ./Drivers/STM32F7xx_HAL_Driver/Src/stm32f7xx_hal_uart.o
 .text.UART_DMAError
                0x000000000800d548       0x7e ./Drivers/STM32F7xx_HAL_Driver/Src/stm32f7xx_hal_uart.o
 .text.UART_DMAAbortOnError
                0x000000000800d5c6       0x2c ./Drivers/STM32F7xx_HAL_Driver/Src/stm32f7xx_hal_uart.o
 .text.UART_DMATxAbortCallback
                0x000000000800d5f2       0x6c ./Drivers/STM32F7xx_HAL_Driver/Src/stm32f7xx_hal_uart.o
 .text.UART_DMARxAbortCallback
                0x000000000800d65e       0x7c ./Drivers/STM32F7xx_HAL_Driver/Src/stm32f7xx_hal_uart.o
 .text.UART_TxISR_8BIT
                0x000000000800d6da       0xb6 ./Drivers/STM32F7xx_HAL_Driver/Src/stm32f7xx_hal_uart.o
 .text.UART_TxISR_16BIT
                0x000000000800d790       0xc0 ./Drivers/STM32F7xx_HAL_Driver/Src/stm32f7xx_hal_uart.o
 .text.UART_EndTransmit_IT
                0x000000000800d850       0x54 ./Drivers/STM32F7xx_HAL_Driver/Src/stm32f7xx_hal_uart.o
 .text.UART_RxISR_8BIT
                0x000000000800d8a4      0x1a8 ./Drivers/STM32F7xx_HAL_Driver/Src/stm32f7xx_hal_uart.o
 .text.UART_RxISR_16BIT
                0x000000000800da4c      0x1a8 ./Drivers/STM32F7xx_HAL_Driver/Src/stm32f7xx_hal_uart.o
 .text.MX_LWIP_Init
                0x000000000800dbf4      0x270 ./LWIP/App/lwip.o
                0x000000000800dbf4                MX_LWIP_Init
 .text.ethernet_link_status_updated
                0x000000000800de64       0x14 ./LWIP/App/lwip.o
 .text.SCB_InvalidateDCache_by_Addr
                0x000000000800de78       0x58 ./LWIP/Target/ethernetif.o
 .text.HAL_ETH_RxCpltCallback
                0x000000000800ded0       0x20 ./LWIP/Target/ethernetif.o
                0x000000000800ded0                HAL_ETH_RxCpltCallback
 .text.HAL_ETH_TxCpltCallback
                0x000000000800def0       0x20 ./LWIP/Target/ethernetif.o
                0x000000000800def0                HAL_ETH_TxCpltCallback
 .text.HAL_ETH_ErrorCallback
                0x000000000800df10       0x30 ./LWIP/Target/ethernetif.o
                0x000000000800df10                HAL_ETH_ErrorCallback
 .text.low_level_init
                0x000000000800df40      0x2c8 ./LWIP/Target/ethernetif.o
 .text.low_level_output
                0x000000000800e208      0x134 ./LWIP/Target/ethernetif.o
 .text.low_level_input
                0x000000000800e33c       0x34 ./LWIP/Target/ethernetif.o
 .text.ethernetif_input
                0x000000000800e370       0x54 ./LWIP/Target/ethernetif.o
 .text.ethernetif_init
                0x000000000800e3c4       0x5c ./LWIP/Target/ethernetif.o
                0x000000000800e3c4                ethernetif_init
 .text.pbuf_free_custom
                0x000000000800e420       0x40 ./LWIP/Target/ethernetif.o
                0x000000000800e420                pbuf_free_custom
 .text.sys_now  0x000000000800e460        0xe ./LWIP/Target/ethernetif.o
                0x000000000800e460                sys_now
 *fill*         0x000000000800e46e        0x2 
 .text.HAL_ETH_MspInit
                0x000000000800e470      0x190 ./LWIP/Target/ethernetif.o
                0x000000000800e470                HAL_ETH_MspInit
 .text.ETH_PHY_IO_Init
                0x000000000800e600       0x14 ./LWIP/Target/ethernetif.o
                0x000000000800e600                ETH_PHY_IO_Init
 .text.ETH_PHY_IO_DeInit
                0x000000000800e614       0x10 ./LWIP/Target/ethernetif.o
                0x000000000800e614                ETH_PHY_IO_DeInit
 .text.ETH_PHY_IO_ReadReg
                0x000000000800e624       0x34 ./LWIP/Target/ethernetif.o
                0x000000000800e624                ETH_PHY_IO_ReadReg
 .text.ETH_PHY_IO_WriteReg
                0x000000000800e658       0x34 ./LWIP/Target/ethernetif.o
                0x000000000800e658                ETH_PHY_IO_WriteReg
 .text.ETH_PHY_IO_GetTick
                0x000000000800e68c        0xe ./LWIP/Target/ethernetif.o
                0x000000000800e68c                ETH_PHY_IO_GetTick
 *fill*         0x000000000800e69a        0x2 
 .text.ethernet_link_thread
                0x000000000800e69c      0x11c ./LWIP/Target/ethernetif.o
                0x000000000800e69c                ethernet_link_thread
 .text.HAL_ETH_RxAllocateCallback
                0x000000000800e7b8       0x60 ./LWIP/Target/ethernetif.o
                0x000000000800e7b8                HAL_ETH_RxAllocateCallback
 .text.HAL_ETH_RxLinkCallback
                0x000000000800e818       0x84 ./LWIP/Target/ethernetif.o
                0x000000000800e818                HAL_ETH_RxLinkCallback
 .text.HAL_ETH_TxFreeCallback
                0x000000000800e89c       0x16 ./LWIP/Target/ethernetif.o
                0x000000000800e89c                HAL_ETH_TxFreeCallback
 *fill*         0x000000000800e8b2        0x2 
 .text.RMII_Thread
                0x000000000800e8b4       0x68 ./LWIP/Target/ethernetif.o
 .text.makeFreeRtosPriority
                0x000000000800e91c       0x30 ./Middlewares/Third_Party/FreeRTOS/Source/CMSIS_RTOS/cmsis_os.o
 .text.inHandlerMode
                0x000000000800e94c       0x24 ./Middlewares/Third_Party/FreeRTOS/Source/CMSIS_RTOS/cmsis_os.o
 .text.osKernelStart
                0x000000000800e970        0xe ./Middlewares/Third_Party/FreeRTOS/Source/CMSIS_RTOS/cmsis_os.o
                0x000000000800e970                osKernelStart
 .text.osKernelSysTick
                0x000000000800e97e       0x20 ./Middlewares/Third_Party/FreeRTOS/Source/CMSIS_RTOS/cmsis_os.o
                0x000000000800e97e                osKernelSysTick
 .text.osThreadCreate
                0x000000000800e99e       0x98 ./Middlewares/Third_Party/FreeRTOS/Source/CMSIS_RTOS/cmsis_os.o
                0x000000000800e99e                osThreadCreate
 .text.osThreadTerminate
                0x000000000800ea36       0x18 ./Middlewares/Third_Party/FreeRTOS/Source/CMSIS_RTOS/cmsis_os.o
                0x000000000800ea36                osThreadTerminate
 .text.osDelay  0x000000000800ea4e       0x28 ./Middlewares/Third_Party/FreeRTOS/Source/CMSIS_RTOS/cmsis_os.o
                0x000000000800ea4e                osDelay
 .text.osMutexCreate
                0x000000000800ea76       0x30 ./Middlewares/Third_Party/FreeRTOS/Source/CMSIS_RTOS/cmsis_os.o
                0x000000000800ea76                osMutexCreate
 *fill*         0x000000000800eaa6        0x2 
 .text.osMutexWait
                0x000000000800eaa8       0x9c ./Middlewares/Third_Party/FreeRTOS/Source/CMSIS_RTOS/cmsis_os.o
                0x000000000800eaa8                osMutexWait
 .text.osMutexRelease
                0x000000000800eb44       0x6c ./Middlewares/Third_Party/FreeRTOS/Source/CMSIS_RTOS/cmsis_os.o
                0x000000000800eb44                osMutexRelease
 .text.osSemaphoreCreate
                0x000000000800ebb0       0x64 ./Middlewares/Third_Party/FreeRTOS/Source/CMSIS_RTOS/cmsis_os.o
                0x000000000800ebb0                osSemaphoreCreate
 .text.osSemaphoreWait
                0x000000000800ec14       0x9c ./Middlewares/Third_Party/FreeRTOS/Source/CMSIS_RTOS/cmsis_os.o
                0x000000000800ec14                osSemaphoreWait
 .text.osSemaphoreRelease
                0x000000000800ecb0       0x6c ./Middlewares/Third_Party/FreeRTOS/Source/CMSIS_RTOS/cmsis_os.o
                0x000000000800ecb0                osSemaphoreRelease
 .text.osMessageCreate
                0x000000000800ed1c       0x50 ./Middlewares/Third_Party/FreeRTOS/Source/CMSIS_RTOS/cmsis_os.o
                0x000000000800ed1c                osMessageCreate
 .text.osMessagePut
                0x000000000800ed6c       0x80 ./Middlewares/Third_Party/FreeRTOS/Source/CMSIS_RTOS/cmsis_os.o
                0x000000000800ed6c                osMessagePut
 .text.osMessageGet
                0x000000000800edec       0xe8 ./Middlewares/Third_Party/FreeRTOS/Source/CMSIS_RTOS/cmsis_os.o
                0x000000000800edec                osMessageGet
 .text.vListInitialise
                0x000000000800eed4       0x40 ./Middlewares/Third_Party/FreeRTOS/Source/list.o
                0x000000000800eed4                vListInitialise
 .text.vListInitialiseItem
                0x000000000800ef14       0x1a ./Middlewares/Third_Party/FreeRTOS/Source/list.o
                0x000000000800ef14                vListInitialiseItem
 .text.vListInsertEnd
                0x000000000800ef2e       0x48 ./Middlewares/Third_Party/FreeRTOS/Source/list.o
                0x000000000800ef2e                vListInsertEnd
 .text.vListInsert
                0x000000000800ef76       0x72 ./Middlewares/Third_Party/FreeRTOS/Source/list.o
                0x000000000800ef76                vListInsert
 .text.uxListRemove
                0x000000000800efe8       0x54 ./Middlewares/Third_Party/FreeRTOS/Source/list.o
                0x000000000800efe8                uxListRemove
 .text.xQueueGenericReset
                0x000000000800f03c       0xd4 ./Middlewares/Third_Party/FreeRTOS/Source/queue.o
                0x000000000800f03c                xQueueGenericReset
 .text.xQueueGenericCreateStatic
                0x000000000800f110      0x104 ./Middlewares/Third_Party/FreeRTOS/Source/queue.o
                0x000000000800f110                xQueueGenericCreateStatic
 .text.xQueueGenericCreate
                0x000000000800f214       0x84 ./Middlewares/Third_Party/FreeRTOS/Source/queue.o
                0x000000000800f214                xQueueGenericCreate
 .text.prvInitialiseNewQueue
                0x000000000800f298       0x3e ./Middlewares/Third_Party/FreeRTOS/Source/queue.o
 .text.prvInitialiseMutex
                0x000000000800f2d6       0x34 ./Middlewares/Third_Party/FreeRTOS/Source/queue.o
 .text.xQueueCreateMutex
                0x000000000800f30a       0x30 ./Middlewares/Third_Party/FreeRTOS/Source/queue.o
                0x000000000800f30a                xQueueCreateMutex
 .text.xQueueCreateMutexStatic
                0x000000000800f33a       0x36 ./Middlewares/Third_Party/FreeRTOS/Source/queue.o
                0x000000000800f33a                xQueueCreateMutexStatic
 .text.xQueueGenericSend
                0x000000000800f370      0x20c ./Middlewares/Third_Party/FreeRTOS/Source/queue.o
                0x000000000800f370                xQueueGenericSend
 .text.xQueueGenericSendFromISR
                0x000000000800f57c      0x140 ./Middlewares/Third_Party/FreeRTOS/Source/queue.o
                0x000000000800f57c                xQueueGenericSendFromISR
 .text.xQueueGiveFromISR
                0x000000000800f6bc      0x12a ./Middlewares/Third_Party/FreeRTOS/Source/queue.o
                0x000000000800f6bc                xQueueGiveFromISR
 *fill*         0x000000000800f7e6        0x2 
 .text.xQueueReceive
                0x000000000800f7e8      0x1cc ./Middlewares/Third_Party/FreeRTOS/Source/queue.o
                0x000000000800f7e8                xQueueReceive
 .text.xQueueSemaphoreTake
                0x000000000800f9b4      0x228 ./Middlewares/Third_Party/FreeRTOS/Source/queue.o
                0x000000000800f9b4                xQueueSemaphoreTake
 .text.xQueueReceiveFromISR
                0x000000000800fbdc      0x10c ./Middlewares/Third_Party/FreeRTOS/Source/queue.o
                0x000000000800fbdc                xQueueReceiveFromISR
 .text.prvGetDisinheritPriorityAfterTimeout
                0x000000000800fce8       0x30 ./Middlewares/Third_Party/FreeRTOS/Source/queue.o
 .text.prvCopyDataToQueue
                0x000000000800fd18       0xd4 ./Middlewares/Third_Party/FreeRTOS/Source/queue.o
 .text.prvCopyDataFromQueue
                0x000000000800fdec       0x4c ./Middlewares/Third_Party/FreeRTOS/Source/queue.o
 .text.prvUnlockQueue
                0x000000000800fe38       0xa4 ./Middlewares/Third_Party/FreeRTOS/Source/queue.o
 .text.prvIsQueueEmpty
                0x000000000800fedc       0x2c ./Middlewares/Third_Party/FreeRTOS/Source/queue.o
 .text.prvIsQueueFull
                0x000000000800ff08       0x30 ./Middlewares/Third_Party/FreeRTOS/Source/queue.o
 .text.xTaskCreateStatic
                0x000000000800ff38       0xc6 ./Middlewares/Third_Party/FreeRTOS/Source/tasks.o
                0x000000000800ff38                xTaskCreateStatic
 .text.xTaskCreate
                0x000000000800fffe       0x8a ./Middlewares/Third_Party/FreeRTOS/Source/tasks.o
                0x000000000800fffe                xTaskCreate
 .text.prvInitialiseNewTask
                0x0000000008010088      0x140 ./Middlewares/Third_Party/FreeRTOS/Source/tasks.o
 .text.prvAddNewTaskToReadyList
                0x00000000080101c8       0xd4 ./Middlewares/Third_Party/FreeRTOS/Source/tasks.o
 .text.vTaskDelete
                0x000000000801029c      0x124 ./Middlewares/Third_Party/FreeRTOS/Source/tasks.o
                0x000000000801029c                vTaskDelete
 .text.vTaskDelay
                0x00000000080103c0       0x6c ./Middlewares/Third_Party/FreeRTOS/Source/tasks.o
                0x00000000080103c0                vTaskDelay
 .text.vTaskStartScheduler
                0x000000000801042c       0xdc ./Middlewares/Third_Party/FreeRTOS/Source/tasks.o
                0x000000000801042c                vTaskStartScheduler
 .text.vTaskSuspendAll
                0x0000000008010508       0x1c ./Middlewares/Third_Party/FreeRTOS/Source/tasks.o
                0x0000000008010508                vTaskSuspendAll
 .text.xTaskResumeAll
                0x0000000008010524      0x13c ./Middlewares/Third_Party/FreeRTOS/Source/tasks.o
                0x0000000008010524                xTaskResumeAll
 .text.xTaskGetTickCount
                0x0000000008010660       0x20 ./Middlewares/Third_Party/FreeRTOS/Source/tasks.o
                0x0000000008010660                xTaskGetTickCount
 .text.xTaskGetTickCountFromISR
                0x0000000008010680       0x24 ./Middlewares/Third_Party/FreeRTOS/Source/tasks.o
                0x0000000008010680                xTaskGetTickCountFromISR
 .text.xTaskIncrementTick
                0x00000000080106a4      0x174 ./Middlewares/Third_Party/FreeRTOS/Source/tasks.o
                0x00000000080106a4                xTaskIncrementTick
 .text.vTaskSwitchContext
                0x0000000008010818       0xc8 ./Middlewares/Third_Party/FreeRTOS/Source/tasks.o
                0x0000000008010818                vTaskSwitchContext
 .text.vTaskPlaceOnEventList
                0x00000000080108e0       0x4c ./Middlewares/Third_Party/FreeRTOS/Source/tasks.o
                0x00000000080108e0                vTaskPlaceOnEventList
 .text.xTaskRemoveFromEventList
                0x000000000801092c       0xc8 ./Middlewares/Third_Party/FreeRTOS/Source/tasks.o
                0x000000000801092c                xTaskRemoveFromEventList
 .text.vTaskInternalSetTimeOutState
                0x00000000080109f4       0x2c ./Middlewares/Third_Party/FreeRTOS/Source/tasks.o
                0x00000000080109f4                vTaskInternalSetTimeOutState
 .text.xTaskCheckForTimeOut
                0x0000000008010a20       0xcc ./Middlewares/Third_Party/FreeRTOS/Source/tasks.o
                0x0000000008010a20                xTaskCheckForTimeOut
 .text.vTaskMissedYield
                0x0000000008010aec       0x18 ./Middlewares/Third_Party/FreeRTOS/Source/tasks.o
                0x0000000008010aec                vTaskMissedYield
 .text.prvIdleTask
                0x0000000008010b04       0x30 ./Middlewares/Third_Party/FreeRTOS/Source/tasks.o
 .text.prvInitialiseTaskLists
                0x0000000008010b34       0x80 ./Middlewares/Third_Party/FreeRTOS/Source/tasks.o
 .text.prvCheckTasksWaitingTermination
                0x0000000008010bb4       0x5c ./Middlewares/Third_Party/FreeRTOS/Source/tasks.o
 .text.prvDeleteTCB
                0x0000000008010c10       0x6c ./Middlewares/Third_Party/FreeRTOS/Source/tasks.o
 .text.prvResetNextTaskUnblockTime
                0x0000000008010c7c       0x40 ./Middlewares/Third_Party/FreeRTOS/Source/tasks.o
 .text.xTaskGetSchedulerState
                0x0000000008010cbc       0x3c ./Middlewares/Third_Party/FreeRTOS/Source/tasks.o
                0x0000000008010cbc                xTaskGetSchedulerState
 .text.xTaskPriorityInherit
                0x0000000008010cf8      0x100 ./Middlewares/Third_Party/FreeRTOS/Source/tasks.o
                0x0000000008010cf8                xTaskPriorityInherit
 .text.xTaskPriorityDisinherit
                0x0000000008010df8      0x114 ./Middlewares/Third_Party/FreeRTOS/Source/tasks.o
                0x0000000008010df8                xTaskPriorityDisinherit
 .text.vTaskPriorityDisinheritAfterTimeout
                0x0000000008010f0c      0x13c ./Middlewares/Third_Party/FreeRTOS/Source/tasks.o
                0x0000000008010f0c                vTaskPriorityDisinheritAfterTimeout
 .text.pvTaskIncrementMutexHeldCount
                0x0000000008011048       0x28 ./Middlewares/Third_Party/FreeRTOS/Source/tasks.o
                0x0000000008011048                pvTaskIncrementMutexHeldCount
 .text.prvAddCurrentTaskToDelayedList
                0x0000000008011070       0xcc ./Middlewares/Third_Party/FreeRTOS/Source/tasks.o
 .text.pxPortInitialiseStack
                0x000000000801113c       0x68 ./Middlewares/Third_Party/FreeRTOS/Source/portable/GCC/ARM_CM7/r0p1/port.o
                0x000000000801113c                pxPortInitialiseStack
 .text.prvTaskExitError
                0x00000000080111a4       0x60 ./Middlewares/Third_Party/FreeRTOS/Source/portable/GCC/ARM_CM7/r0p1/port.o
 *fill*         0x0000000008011204        0xc 
 .text.SVC_Handler
                0x0000000008011210       0x28 ./Middlewares/Third_Party/FreeRTOS/Source/portable/GCC/ARM_CM7/r0p1/port.o
                0x0000000008011210                SVC_Handler
 .text.prvPortStartFirstTask
                0x0000000008011238       0x28 ./Middlewares/Third_Party/FreeRTOS/Source/portable/GCC/ARM_CM7/r0p1/port.o
 .text.xPortStartScheduler
                0x0000000008011260       0xfc ./Middlewares/Third_Party/FreeRTOS/Source/portable/GCC/ARM_CM7/r0p1/port.o
                0x0000000008011260                xPortStartScheduler
 .text.vPortEnterCritical
                0x000000000801135c       0x68 ./Middlewares/Third_Party/FreeRTOS/Source/portable/GCC/ARM_CM7/r0p1/port.o
                0x000000000801135c                vPortEnterCritical
 .text.vPortExitCritical
                0x00000000080113c4       0x58 ./Middlewares/Third_Party/FreeRTOS/Source/portable/GCC/ARM_CM7/r0p1/port.o
                0x00000000080113c4                vPortExitCritical
 *fill*         0x000000000801141c        0x4 
 .text.PendSV_Handler
                0x0000000008011420       0x68 ./Middlewares/Third_Party/FreeRTOS/Source/portable/GCC/ARM_CM7/r0p1/port.o
                0x0000000008011420                PendSV_Handler
 .text.SysTick_Handler
                0x0000000008011488       0x48 ./Middlewares/Third_Party/FreeRTOS/Source/portable/GCC/ARM_CM7/r0p1/port.o
                0x0000000008011488                SysTick_Handler
 .text.vPortSetupTimerInterrupt
                0x00000000080114d0       0x48 ./Middlewares/Third_Party/FreeRTOS/Source/portable/GCC/ARM_CM7/r0p1/port.o
                0x00000000080114d0                vPortSetupTimerInterrupt
 .text.vPortEnableVFP
                0x0000000008011518       0x14 ./Middlewares/Third_Party/FreeRTOS/Source/portable/GCC/ARM_CM7/r0p1/port.o
 .text.vPortValidateInterruptPriority
                0x000000000801152c       0x88 ./Middlewares/Third_Party/FreeRTOS/Source/portable/GCC/ARM_CM7/r0p1/port.o
                0x000000000801152c                vPortValidateInterruptPriority
 .text.pvPortMalloc
                0x00000000080115b4      0x194 ./Middlewares/Third_Party/FreeRTOS/Source/portable/MemMang/heap_4.o
                0x00000000080115b4                pvPortMalloc
 .text.vPortFree
                0x0000000008011748       0xbc ./Middlewares/Third_Party/FreeRTOS/Source/portable/MemMang/heap_4.o
                0x0000000008011748                vPortFree
 .text.prvHeapInit
                0x0000000008011804       0xc8 ./Middlewares/Third_Party/FreeRTOS/Source/portable/MemMang/heap_4.o
 .text.prvInsertBlockIntoFreeList
                0x00000000080118cc       0xb4 ./Middlewares/Third_Party/FreeRTOS/Source/portable/MemMang/heap_4.o
 .text.tcpip_timeouts_mbox_fetch
                0x0000000008011980       0x6c ./Middlewares/Third_Party/LwIP/src/api/tcpip.o
 .text.tcpip_thread
                0x00000000080119ec       0x68 ./Middlewares/Third_Party/LwIP/src/api/tcpip.o
 .text.tcpip_thread_handle_msg
                0x0000000008011a54       0x90 ./Middlewares/Third_Party/LwIP/src/api/tcpip.o
 .text.tcpip_inpkt
                0x0000000008011ae4       0x88 ./Middlewares/Third_Party/LwIP/src/api/tcpip.o
                0x0000000008011ae4                tcpip_inpkt
 .text.tcpip_input
                0x0000000008011b6c       0x44 ./Middlewares/Third_Party/LwIP/src/api/tcpip.o
                0x0000000008011b6c                tcpip_input
 .text.tcpip_try_callback
                0x0000000008011bb0       0x80 ./Middlewares/Third_Party/LwIP/src/api/tcpip.o
                0x0000000008011bb0                tcpip_try_callback
 .text.tcpip_init
                0x0000000008011c30       0x94 ./Middlewares/Third_Party/LwIP/src/api/tcpip.o
                0x0000000008011c30                tcpip_init
 .text.lwip_htons
                0x0000000008011cc4       0x2a ./Middlewares/Third_Party/LwIP/src/core/def.o
                0x0000000008011cc4                lwip_htons
 .text.lwip_htonl
                0x0000000008011cee       0x32 ./Middlewares/Third_Party/LwIP/src/core/def.o
                0x0000000008011cee                lwip_htonl
 .text.lwip_init
                0x0000000008011d20       0x2e ./Middlewares/Third_Party/LwIP/src/core/init.o
                0x0000000008011d20                lwip_init
 *fill*         0x0000000008011d4e        0x2 
 .text.ptr_to_mem
                0x0000000008011d50       0x24 ./Middlewares/Third_Party/LwIP/src/core/mem.o
 .text.mem_to_ptr
                0x0000000008011d74       0x24 ./Middlewares/Third_Party/LwIP/src/core/mem.o
 .text.plug_holes
                0x0000000008011d98      0x14c ./Middlewares/Third_Party/LwIP/src/core/mem.o
 .text.mem_init
                0x0000000008011ee4       0xa4 ./Middlewares/Third_Party/LwIP/src/core/mem.o
                0x0000000008011ee4                mem_init
 .text.mem_link_valid
                0x0000000008011f88       0x7c ./Middlewares/Third_Party/LwIP/src/core/mem.o
 .text.mem_free
                0x0000000008012004      0x120 ./Middlewares/Third_Party/LwIP/src/core/mem.o
                0x0000000008012004                mem_free
 .text.mem_trim
                0x0000000008012124      0x220 ./Middlewares/Third_Party/LwIP/src/core/mem.o
                0x0000000008012124                mem_trim
 .text.mem_malloc
                0x0000000008012344      0x214 ./Middlewares/Third_Party/LwIP/src/core/mem.o
                0x0000000008012344                mem_malloc
 .text.memp_init_pool
                0x0000000008012558       0x60 ./Middlewares/Third_Party/LwIP/src/core/memp.o
                0x0000000008012558                memp_init_pool
 .text.memp_init
                0x00000000080125b8       0x34 ./Middlewares/Third_Party/LwIP/src/core/memp.o
                0x00000000080125b8                memp_init
 .text.do_memp_malloc_pool
                0x00000000080125ec       0x64 ./Middlewares/Third_Party/LwIP/src/core/memp.o
 .text.memp_malloc_pool
                0x0000000008012650       0x44 ./Middlewares/Third_Party/LwIP/src/core/memp.o
                0x0000000008012650                memp_malloc_pool
 .text.memp_malloc
                0x0000000008012694       0x4c ./Middlewares/Third_Party/LwIP/src/core/memp.o
                0x0000000008012694                memp_malloc
 .text.do_memp_free_pool
                0x00000000080126e0       0x58 ./Middlewares/Third_Party/LwIP/src/core/memp.o
 .text.memp_free_pool
                0x0000000008012738       0x48 ./Middlewares/Third_Party/LwIP/src/core/memp.o
                0x0000000008012738                memp_free_pool
 .text.memp_free
                0x0000000008012780       0x54 ./Middlewares/Third_Party/LwIP/src/core/memp.o
                0x0000000008012780                memp_free
 .text.netif_init
                0x00000000080127d4        0xe ./Middlewares/Third_Party/LwIP/src/core/netif.o
                0x00000000080127d4                netif_init
 *fill*         0x00000000080127e2        0x2 
 .text.netif_add
                0x00000000080127e4      0x19c ./Middlewares/Third_Party/LwIP/src/core/netif.o
                0x00000000080127e4                netif_add
 .text.netif_do_ip_addr_changed
                0x0000000008012980       0x22 ./Middlewares/Third_Party/LwIP/src/core/netif.o
 *fill*         0x00000000080129a2        0x2 
 .text.netif_do_set_ipaddr
                0x00000000080129a4       0x94 ./Middlewares/Third_Party/LwIP/src/core/netif.o
 .text.netif_do_set_netmask
                0x0000000008012a38       0x3e ./Middlewares/Third_Party/LwIP/src/core/netif.o
 .text.netif_do_set_gw
                0x0000000008012a76       0x3e ./Middlewares/Third_Party/LwIP/src/core/netif.o
 .text.netif_set_addr
                0x0000000008012ab4       0x94 ./Middlewares/Third_Party/LwIP/src/core/netif.o
                0x0000000008012ab4                netif_set_addr
 .text.netif_set_default
                0x0000000008012b48       0x20 ./Middlewares/Third_Party/LwIP/src/core/netif.o
                0x0000000008012b48                netif_set_default
 .text.netif_set_up
                0x0000000008012b68       0x58 ./Middlewares/Third_Party/LwIP/src/core/netif.o
                0x0000000008012b68                netif_set_up
 .text.netif_issue_reports
                0x0000000008012bc0       0x80 ./Middlewares/Third_Party/LwIP/src/core/netif.o
 .text.netif_set_down
                0x0000000008012c40       0x64 ./Middlewares/Third_Party/LwIP/src/core/netif.o
                0x0000000008012c40                netif_set_down
 .text.netif_set_link_up
                0x0000000008012ca4       0x68 ./Middlewares/Third_Party/LwIP/src/core/netif.o
                0x0000000008012ca4                netif_set_link_up
 .text.netif_set_link_down
                0x0000000008012d0c       0x60 ./Middlewares/Third_Party/LwIP/src/core/netif.o
                0x0000000008012d0c                netif_set_link_down
 .text.netif_set_link_callback
                0x0000000008012d6c       0x22 ./Middlewares/Third_Party/LwIP/src/core/netif.o
                0x0000000008012d6c                netif_set_link_callback
 .text.netif_null_output_ip4
                0x0000000008012d8e       0x1c ./Middlewares/Third_Party/LwIP/src/core/netif.o