../Drivers/STM32F7xx_HAL_Driver/Src/stm32f7xx_hal_dac.c:269:19:HAL_DAC_Init	16	static
../Drivers/STM32F7xx_HAL_Driver/Src/stm32f7xx_hal_dac.c:330:19:HAL_DAC_DeInit	16	static
../Drivers/STM32F7xx_HAL_Driver/Src/stm32f7xx_hal_dac.c:375:13:HAL_DAC_MspInit	16	static
../Drivers/STM32F7xx_HAL_Driver/Src/stm32f7xx_hal_dac.c:391:13:HAL_DAC_MspDeInit	16	static
../Drivers/STM32F7xx_HAL_Driver/Src/stm32f7xx_hal_dac.c:433:19:HAL_DAC_Start	16	static
../Drivers/STM32F7xx_HAL_Driver/Src/stm32f7xx_hal_dac.c:494:19:HAL_DAC_Stop	16	static
../Drivers/STM32F7xx_HAL_Driver/Src/stm32f7xx_hal_dac.c:532:19:HAL_DAC_Start_DMA	32	static
../Drivers/STM32F7xx_HAL_Driver/Src/stm32f7xx_hal_dac.c:664:19:HAL_DAC_Stop_DMA	16	static
../Drivers/STM32F7xx_HAL_Driver/Src/stm32f7xx_hal_dac.c:718:6:HAL_DAC_IRQHandler	24	static
../Drivers/STM32F7xx_HAL_Driver/Src/stm32f7xx_hal_dac.c:794:19:HAL_DAC_SetValue	32	static
../Drivers/STM32F7xx_HAL_Driver/Src/stm32f7xx_hal_dac.c:834:13:HAL_DAC_ConvCpltCallbackCh1	16	static
../Drivers/STM32F7xx_HAL_Driver/Src/stm32f7xx_hal_dac.c:850:13:HAL_DAC_ConvHalfCpltCallbackCh1	16	static
../Drivers/STM32F7xx_HAL_Driver/Src/stm32f7xx_hal_dac.c:866:13:HAL_DAC_ErrorCallbackCh1	16	static
../Drivers/STM32F7xx_HAL_Driver/Src/stm32f7xx_hal_dac.c:882:13:HAL_DAC_DMAUnderrunCallbackCh1	16	static
../Drivers/STM32F7xx_HAL_Driver/Src/stm32f7xx_hal_dac.c:921:10:HAL_DAC_GetValue	24	static
../Drivers/STM32F7xx_HAL_Driver/Src/stm32f7xx_hal_dac.c:956:19:HAL_DAC_ConfigChannel	40	static
../Drivers/STM32F7xx_HAL_Driver/Src/stm32f7xx_hal_dac.c:1032:22:HAL_DAC_GetState	16	static
../Drivers/STM32F7xx_HAL_Driver/Src/stm32f7xx_hal_dac.c:1045:10:HAL_DAC_GetError	16	static
../Drivers/STM32F7xx_HAL_Driver/Src/stm32f7xx_hal_dac.c:1317:6:DAC_DMAConvCpltCh1	24	static
../Drivers/STM32F7xx_HAL_Driver/Src/stm32f7xx_hal_dac.c:1336:6:DAC_DMAHalfConvCpltCh1	24	static
../Drivers/STM32F7xx_HAL_Driver/Src/stm32f7xx_hal_dac.c:1353:6:DAC_DMAErrorCh1	24	static
