../Core/Src/usart.c:46:6:MX_UART4_Init	8	static
../Core/Src/usart.c:76:6:MX_UART5_Init	8	static
../Core/Src/usart.c:106:6:MX_UART7_Init	8	static
../Core/Src/usart.c:136:6:MX_UART8_Init	8	static
../Core/Src/usart.c:167:6:MX_USART1_UART_Init	8	static
../Core/Src/usart.c:198:6:MX_USART2_UART_Init	8	static
../Core/Src/usart.c:229:6:MX_USART3_UART_Init	8	static
../Core/Src/usart.c:260:6:MX_USART6_UART_Init	8	static
../Core/Src/usart.c:290:6:HAL_UART_MspInit	248	static
../Core/Src/usart.c:792:6:HAL_UART_MspDeInit	16	static
