Archive member included to satisfy reference by file (symbol)

C:/ST/STM32CubeIDE_1.8.0/STM32CubeIDE/plugins/com.st.stm32cube.ide.mcu.externaltools.gnu-tools-for-stm32.11.3.rel1.win32_1.1.100.202309141235/tools/bin/../lib/gcc/arm-none-eabi/11.3.1/../../../../arm-none-eabi/lib/thumb/v7e-m+fp/hard\libc_nano.a(libc_a-atoi.o)
                              ./Middlewares/Third_Party/LwIP/src/core/netif.o (atoi)
C:/ST/STM32CubeIDE_1.8.0/STM32CubeIDE/plugins/com.st.stm32cube.ide.mcu.externaltools.gnu-tools-for-stm32.11.3.rel1.win32_1.1.100.202309141235/tools/bin/../lib/gcc/arm-none-eabi/11.3.1/../../../../arm-none-eabi/lib/thumb/v7e-m+fp/hard\libc_nano.a(libc_a-exit.o)
                              C:/ST/STM32CubeIDE_1.8.0/STM32CubeIDE/plugins/com.st.stm32cube.ide.mcu.externaltools.gnu-tools-for-stm32.11.3.rel1.win32_1.1.100.202309141235/tools/bin/../lib/gcc/arm-none-eabi/11.3.1/../../../../arm-none-eabi/lib/thumb/v7e-m+fp/hard/crt0.o (exit)
C:/ST/STM32CubeIDE_1.8.0/STM32CubeIDE/plugins/com.st.stm32cube.ide.mcu.externaltools.gnu-tools-for-stm32.11.3.rel1.win32_1.1.100.202309141235/tools/bin/../lib/gcc/arm-none-eabi/11.3.1/../../../../arm-none-eabi/lib/thumb/v7e-m+fp/hard\libc_nano.a(libc_a-rand.o)
                              ./Middlewares/Third_Party/LwIP/src/core/tcp.o (rand)
C:/ST/STM32CubeIDE_1.8.0/STM32CubeIDE/plugins/com.st.stm32cube.ide.mcu.externaltools.gnu-tools-for-stm32.11.3.rel1.win32_1.1.100.202309141235/tools/bin/../lib/gcc/arm-none-eabi/11.3.1/../../../../arm-none-eabi/lib/thumb/v7e-m+fp/hard\libc_nano.a(libc_a-strtol.o)
                              C:/ST/STM32CubeIDE_1.8.0/STM32CubeIDE/plugins/com.st.stm32cube.ide.mcu.externaltools.gnu-tools-for-stm32.11.3.rel1.win32_1.1.100.202309141235/tools/bin/../lib/gcc/arm-none-eabi/11.3.1/../../../../arm-none-eabi/lib/thumb/v7e-m+fp/hard\libc_nano.a(libc_a-atoi.o) (_strtol_r)
C:/ST/STM32CubeIDE_1.8.0/STM32CubeIDE/plugins/com.st.stm32cube.ide.mcu.externaltools.gnu-tools-for-stm32.11.3.rel1.win32_1.1.100.202309141235/tools/bin/../lib/gcc/arm-none-eabi/11.3.1/../../../../arm-none-eabi/lib/thumb/v7e-m+fp/hard\libc_nano.a(libc_a-ctype_.o)
                              ./Middlewares/Third_Party/LwIP/src/core/ipv4/ip4_addr.o (_ctype_)
C:/ST/STM32CubeIDE_1.8.0/STM32CubeIDE/plugins/com.st.stm32cube.ide.mcu.externaltools.gnu-tools-for-stm32.11.3.rel1.win32_1.1.100.202309141235/tools/bin/../lib/gcc/arm-none-eabi/11.3.1/../../../../arm-none-eabi/lib/thumb/v7e-m+fp/hard\libc_nano.a(libc_a-findfp.o)
                              ./Middlewares/Third_Party/FreeRTOS/Source/tasks.o (__sf)
C:/ST/STM32CubeIDE_1.8.0/STM32CubeIDE/plugins/com.st.stm32cube.ide.mcu.externaltools.gnu-tools-for-stm32.11.3.rel1.win32_1.1.100.202309141235/tools/bin/../lib/gcc/arm-none-eabi/11.3.1/../../../../arm-none-eabi/lib/thumb/v7e-m+fp/hard\libc_nano.a(libc_a-fwalk.o)
                              C:/ST/STM32CubeIDE_1.8.0/STM32CubeIDE/plugins/com.st.stm32cube.ide.mcu.externaltools.gnu-tools-for-stm32.11.3.rel1.win32_1.1.100.202309141235/tools/bin/../lib/gcc/arm-none-eabi/11.3.1/../../../../arm-none-eabi/lib/thumb/v7e-m+fp/hard\libc_nano.a(libc_a-findfp.o) (_fwalk_sglue)
C:/ST/STM32CubeIDE_1.8.0/STM32CubeIDE/plugins/com.st.stm32cube.ide.mcu.externaltools.gnu-tools-for-stm32.11.3.rel1.win32_1.1.100.202309141235/tools/bin/../lib/gcc/arm-none-eabi/11.3.1/../../../../arm-none-eabi/lib/thumb/v7e-m+fp/hard\libc_nano.a(libc_a-printf.o)
                              ./LWIP/Target/ethernetif.o (printf)
C:/ST/STM32CubeIDE_1.8.0/STM32CubeIDE/plugins/com.st.stm32cube.ide.mcu.externaltools.gnu-tools-for-stm32.11.3.rel1.win32_1.1.100.202309141235/tools/bin/../lib/gcc/arm-none-eabi/11.3.1/../../../../arm-none-eabi/lib/thumb/v7e-m+fp/hard\libc_nano.a(libc_a-stdio.o)
                              C:/ST/STM32CubeIDE_1.8.0/STM32CubeIDE/plugins/com.st.stm32cube.ide.mcu.externaltools.gnu-tools-for-stm32.11.3.rel1.win32_1.1.100.202309141235/tools/bin/../lib/gcc/arm-none-eabi/11.3.1/../../../../arm-none-eabi/lib/thumb/v7e-m+fp/hard\libc_nano.a(libc_a-findfp.o) (__sread)
C:/ST/STM32CubeIDE_1.8.0/STM32CubeIDE/plugins/com.st.stm32cube.ide.mcu.externaltools.gnu-tools-for-stm32.11.3.rel1.win32_1.1.100.202309141235/tools/bin/../lib/gcc/arm-none-eabi/11.3.1/../../../../arm-none-eabi/lib/thumb/v7e-m+fp/hard\libc_nano.a(libc_a-memcmp.o)
                              ./Middlewares/Third_Party/LwIP/src/netif/bridgeif_fdb.o (memcmp)
C:/ST/STM32CubeIDE_1.8.0/STM32CubeIDE/plugins/com.st.stm32cube.ide.mcu.externaltools.gnu-tools-for-stm32.11.3.rel1.win32_1.1.100.202309141235/tools/bin/../lib/gcc/arm-none-eabi/11.3.1/../../../../arm-none-eabi/lib/thumb/v7e-m+fp/hard\libc_nano.a(libc_a-memmove.o)
                              ./Middlewares/Third_Party/LwIP/src/core/def.o (memmove)
[...]
Memory Configuration

Name             Origin             Length             Attributes
RAM              0x0000000020000000 0x0000000000050000 xrw
FLASH            0x0000000008000000 0x0000000000100000 xr
*default*        0x0000000000000000 0xffffffffffffffff

Linker script and memory map

LOAD C:/ST/STM32CubeIDE_1.8.0/STM32CubeIDE/plugins/com.st.stm32cube.ide.mcu.externaltools.gnu-tools-for-stm32.11.3.rel1.win32_1.1.100.202309141235/tools/bin/../lib/gcc/arm-none-eabi/11.3.1/thumb/v7e-m+fp/hard/crti.o
LOAD C:/ST/STM32CubeIDE_1.8.0/STM32CubeIDE/plugins/com.st.stm32cube.ide.mcu.externaltools.gnu-tools-for-stm32.11.3.rel1.win32_1.1.100.202309141235/tools/bin/../lib/gcc/arm-none-eabi/11.3.1/thumb/v7e-m+fp/hard/crtbegin.o
LOAD C:/ST/STM32CubeIDE_1.8.0/STM32CubeIDE/plugins/com.st.stm32cube.ide.mcu.externaltools.gnu-tools-for-stm32.11.3.rel1.win32_1.1.100.202309141235/tools/bin/../lib/gcc/arm-none-eabi/11.3.1/../../../../arm-none-eabi/lib/thumb/v7e-m+fp/hard/crt0.o
LOAD ./Core/Src/adc.o
LOAD ./Core/Src/dac.o
LOAD ./Core/Src/dma.o
LOAD ./Core/Src/freertos.o
LOAD ./Core/Src/gpio.o
LOAD ./Core/Src/i2c.o
LOAD ./Core/Src/main.o
LOAD ./Core/Src/spi.o
LOAD ./Core/Src/stm32f7xx_hal_msp.o
LOAD ./Core/Src/stm32f7xx_hal_timebase_tim.o
LOAD ./Core/Src/stm32f7xx_it.o
LOAD ./Core/Src/syscalls.o
LOAD ./Core/Src/sysmem.o
LOAD ./Core/Src/system_stm32f7xx.o
LOAD ./Core/Src/usart.o
LOAD ./Core/Startup/startup_stm32f746zgtx.o
LOAD ./Drivers/BSP/Components/lan8742/lan8742.o
LOAD ./Drivers/STM32F7xx_HAL_Driver/Src/stm32f7xx_hal.o
LOAD ./Drivers/STM32F7xx_HAL_Driver/Src/stm32f7xx_hal_adc.o
LOAD ./Drivers/STM32F7xx_HAL_Driver/Src/stm32f7xx_hal_adc_ex.o
LOAD ./Drivers/STM32F7xx_HAL_Driver/Src/stm32f7xx_hal_cortex.o
LOAD ./Drivers/STM32F7xx_HAL_Driver/Src/stm32f7xx_hal_dac.o
LOAD ./Drivers/STM32F7xx_HAL_Driver/Src/stm32f7xx_hal_dac_ex.o
LOAD ./Drivers/STM32F7xx_HAL_Driver/Src/stm32f7xx_hal_dma.o
LOAD ./Drivers/STM32F7xx_HAL_Driver/Src/stm32f7xx_hal_dma_ex.o
LOAD ./Drivers/STM32F7xx_HAL_Driver/Src/stm32f7xx_hal_eth.o
LOAD ./Drivers/STM32F7xx_HAL_Driver/Src/stm32f7xx_hal_exti.o
LOAD ./Drivers/STM32F7xx_HAL_Driver/Src/stm32f7xx_hal_flash.o
LOAD ./Drivers/STM32F7xx_HAL_Driver/Src/stm32f7xx_hal_flash_ex.o
LOAD ./Drivers/STM32F7xx_HAL_Driver/Src/stm32f7xx_hal_gpio.o
LOAD ./Drivers/STM32F7xx_HAL_Driver/Src/stm32f7xx_hal_i2c.o
LOAD ./Drivers/STM32F7xx_HAL_Driver/Src/stm32f7xx_hal_i2c_ex.o
LOAD ./Drivers/STM32F7xx_HAL_Driver/Src/stm32f7xx_hal_pwr.o
LOAD ./Drivers/STM32F7xx_HAL_Driver/Src/stm32f7xx_hal_pwr_ex.o
LOAD ./Drivers/STM32F7xx_HAL_Driver/Src/stm32f7xx_hal_rcc.o
LOAD ./Drivers/STM32F7xx_HAL_Driver/Src/stm32f7xx_hal_rcc_ex.o
LOAD ./Drivers/STM32F7xx_HAL_Driver/Src/stm32f7xx_hal_spi.o
LOAD ./Drivers/STM32F7xx_HAL_Driver/Src/stm32f7xx_hal_spi_ex.o
LOAD ./Drivers/STM32F7xx_HAL_Driver/Src/stm32f7xx_hal_tim.o
LOAD ./Drivers/STM32F7xx_HAL_Driver/Src/stm32f7xx_hal_tim_ex.o
LOAD ./Drivers/STM32F7xx_HAL_Driver/Src/stm32f7xx_hal_uart.o
LOAD ./Drivers/STM32F7xx_HAL_Driver/Src/stm32f7xx_hal_uart_ex.o
LOAD ./LWIP/App/lwip.o
LOAD ./LWIP/Target/ethernetif.o
LOAD ./Middlewares/Third_Party/FreeRTOS/Source/CMSIS_RTOS/cmsis_os.o
LOAD ./Middlewares/Third_Party/FreeRTOS/Source/croutine.o
LOAD ./Middlewares/Third_Party/FreeRTOS/Source/event_groups.o
LOAD ./Middlewares/Third_Party/FreeRTOS/Source/list.o
LOAD ./Middlewares/Third_Party/FreeRTOS/Source/queue.o
LOAD ./Middlewares/Third_Party/FreeRTOS/Source/stream_buffer.o
LOAD ./Middlewares/Third_Party/FreeRTOS/Source/tasks.o
LOAD ./Middlewares/Third_Party/FreeRTOS/Source/timers.o
LOAD ./Middlewares/Third_Party/FreeRTOS/Source/portable/GCC/ARM_CM7/r0p1/port.o
LOAD ./Middlewares/Third_Party/FreeRTOS/Source/portable/MemMang/heap_4.o
LOAD ./Middlewares/Third_Party/LwIP/src/api/api_lib.o
LOAD ./Middlewares/Third_Party/LwIP/src/api/api_msg.o
LOAD ./Middlewares/Third_Party/LwIP/src/api/err.o
LOAD ./Middlewares/Third_Party/LwIP/src/api/if_api.o
LOAD ./Middlewares/Third_Party/LwIP/src/api/netbuf.o
LOAD ./Middlewares/Third_Party/LwIP/src/api/netdb.o
LOAD ./Middlewares/Third_Party/LwIP/src/api/netifapi.o
LOAD ./Middlewares/Third_Party/LwIP/src/api/sockets.o
LOAD ./Middlewares/Third_Party/LwIP/src/api/tcpip.o
LOAD ./Middlewares/Third_Party/LwIP/src/apps/mqtt/mqtt.o
LOAD ./Middlewares/Third_Party/LwIP/src/core/altcp.o
LOAD ./Middlewares/Third_Party/LwIP/src/core/altcp_alloc.o
LOAD ./Middlewares/Third_Party/LwIP/src/core/altcp_tcp.o
LOAD ./Middlewares/Third_Party/LwIP/src/core/def.o
LOAD ./Middlewares/Third_Party/LwIP/src/core/dns.o
LOAD ./Middlewares/Third_Party/LwIP/src/core/inet_chksum.o
LOAD ./Middlewares/Third_Party/LwIP/src/core/init.o
LOAD ./Middlewares/Third_Party/LwIP/src/core/ip.o
LOAD ./Middlewares/Third_Party/LwIP/src/core/mem.o
LOAD ./Middlewares/Third_Party/LwIP/src/core/memp.o
LOAD ./Middlewares/Third_Party/LwIP/src/core/netif.o
LOAD ./Middlewares/Third_Party/LwIP/src/core/pbuf.o
LOAD ./Middlewares/Third_Party/LwIP/src/core/raw.o
LOAD ./Middlewares/Third_Party/LwIP/src/core/stats.o
LOAD ./Middlewares/Third_Party/LwIP/src/core/sys.o
LOAD ./Middlewares/Third_Party/LwIP/src/core/tcp.o
LOAD ./Middlewares/Third_Party/LwIP/src/core/tcp_in.o
LOAD ./Middlewares/Third_Party/LwIP/src/core/tcp_out.o
LOAD ./Middlewares/Third_Party/LwIP/src/core/timeouts.o
LOAD ./Middlewares/Third_Party/LwIP/src/core/udp.o
LOAD ./Middlewares/Third_Party/LwIP/src/core/ipv4/autoip.o
LOAD ./Middlewares/Third_Party/LwIP/src/core/ipv4/dhcp.o
LOAD ./Middlewares/Third_Party/LwIP/src/core/ipv4/etharp.o
LOAD ./Middlewares/Third_Party/LwIP/src/core/ipv4/icmp.o
LOAD ./Middlewares/Third_Party/LwIP/src/core/ipv4/igmp.o
LOAD ./Middlewares/Third_Party/LwIP/src/core/ipv4/ip4.o
LOAD ./Middlewares/Third_Party/LwIP/src/core/ipv4/ip4_addr.o
LOAD ./Middlewares/Third_Party/LwIP/src/core/ipv4/ip4_frag.o
LOAD ./Middlewares/Third_Party/LwIP/src/core/ipv6/dhcp6.o
LOAD ./Middlewares/Third_Party/LwIP/src/core/ipv6/ethip6.o
LOAD ./Middlewares/Third_Party/LwIP/src/core/ipv6/icmp6.o
LOAD ./Middlewares/Third_Party/LwIP/src/core/ipv6/inet6.o
LOAD ./Middlewares/Third_Party/LwIP/src/core/ipv6/ip6.o
LOAD ./Middlewares/Third_Party/LwIP/src/core/ipv6/ip6_addr.o
LOAD ./Middlewares/Third_Party/LwIP/src/core/ipv6/ip6_frag.o
LOAD ./Middlewares/Third_Party/LwIP/src/core/ipv6/mld6.o
LOAD ./Middlewares/Third_Party/LwIP/src/core/ipv6/nd6.o
LOAD ./Middlewares/Third_Party/LwIP/src/netif/bridgeif.o
LOAD ./Middlewares/Third_Party/LwIP/src/netif/bridgeif_fdb.o
LOAD ./Middlewares/Third_Party/LwIP/src/netif/ethernet.o
LOAD ./Middlewares/Third_Party/LwIP/src/netif/lowpan6.o
LOAD ./Middlewares/Third_Party/LwIP/src/netif/lowpan6_ble.o
LOAD ./Middlewares/Third_Party/LwIP/src/netif/lowpan6_common.o
LOAD ./Middlewares/Third_Party/LwIP/src/netif/slipif.o
LOAD ./Middlewares/Third_Party/LwIP/src/netif/zepif.o
LOAD ./Middlewares/Third_Party/LwIP/src/netif/ppp/auth.o
LOAD ./Middlewares/Third_Party/LwIP/src/netif/ppp/ccp.o
LOAD ./Middlewares/Third_Party/LwIP/src/netif/ppp/chap-md5.o
LOAD ./Middlewares/Third_Party/LwIP/src/netif/ppp/chap-new.o
LOAD ./Middlewares/Third_Party/LwIP/src/netif/ppp/chap_ms.o
LOAD ./Middlewares/Third_Party/LwIP/src/netif/ppp/demand.o
LOAD ./Middlewares/Third_Party/LwIP/src/netif/ppp/eap.o
LOAD ./Middlewares/Third_Party/LwIP/src/netif/ppp/ecp.o
LOAD ./Middlewares/Third_Party/LwIP/src/netif/ppp/eui64.o
LOAD ./Middlewares/Third_Party/LwIP/src/netif/ppp/fsm.o
LOAD ./Middlewares/Third_Party/LwIP/src/netif/ppp/ipcp.o
LOAD ./Middlewares/Third_Party/LwIP/src/netif/ppp/ipv6cp.o
LOAD ./Middlewares/Third_Party/LwIP/src/netif/ppp/lcp.o
LOAD ./Middlewares/Third_Party/LwIP/src/netif/ppp/magic.o
LOAD ./Middlewares/Third_Party/LwIP/src/netif/ppp/mppe.o
LOAD ./Middlewares/Third_Party/LwIP/src/netif/ppp/multilink.o
LOAD ./Middlewares/Third_Party/LwIP/src/netif/ppp/ppp.o
LOAD ./Middlewares/Third_Party/LwIP/src/netif/ppp/pppapi.o
LOAD ./Middlewares/Third_Party/LwIP/src/netif/ppp/pppcrypt.o
LOAD ./Middlewares/Third_Party/LwIP/src/netif/ppp/pppoe.o
LOAD ./Middlewares/Third_Party/LwIP/src/netif/ppp/pppol2tp.o
LOAD ./Middlewares/Third_Party/LwIP/src/netif/ppp/pppos.o
LOAD ./Middlewares/Third_Party/LwIP/src/netif/ppp/upap.o
LOAD ./Middlewares/Third_Party/LwIP/src/netif/ppp/utils.o
LOAD ./Middlewares/Third_Party/LwIP/src/netif/ppp/vj.o
LOAD ./Middlewares/Third_Party/LwIP/system/OS/sys_arch.o
START GROUP
LOAD C:/ST/STM32CubeIDE_1.8.0/STM32CubeIDE/plugins/com.st.stm32cube.ide.mcu.externaltools.gnu-tools-for-stm32.11.3.rel1.win32_1.1.100.202309141235/tools/bin/../lib/gcc/arm-none-eabi/11.3.1/../../../../arm-none-eabi/lib/thumb/v7e-m+fp/hard\libc_nano.a
LOAD C:/ST/STM32CubeIDE_1.8.0/STM32CubeIDE/plugins/com.st.stm32cube.ide.mcu.externaltools.gnu-tools-for-stm32.11.3.rel1.win32_1.1.100.202309141235/tools/bin/../lib/gcc/arm-none-eabi/11.3.1/../../../../arm-none-eabi/lib/thumb/v7e-m+fp/hard\libm.a
END GROUP
START GROUP
LOAD C:/ST/STM32CubeIDE_1.8.0/STM32CubeIDE/plugins/com.st.stm32cube.ide.mcu.externaltools.gnu-tools-for-stm32.11.3.rel1.win32_1.1.100.202309141235/tools/bin/../lib/gcc/arm-none-eabi/11.3.1/thumb/v7e-m+fp/hard\libgcc.a
LOAD C:/ST/STM32CubeIDE_1.8.0/STM32CubeIDE/plugins/com.st.stm32cube.ide.mcu.externaltools.gnu-tools-for-stm32.11.3.rel1.win32_1.1.100.202309141235/tools/bin/../lib/gcc/arm-none-eabi/11.3.1/../../../../arm-none-eabi/lib/thumb/v7e-m+fp/hard\libc_nano.a
END GROUP
START GROUP
LOAD C:/ST/STM32CubeIDE_1.8.0/STM32CubeIDE/plugins/com.st.stm32cube.ide.mcu.externaltools.gnu-tools-for-stm32.11.3.rel1.win32_1.1.100.202309141235/tools/bin/../lib/gcc/arm-none-eabi/11.3.1/thumb/v7e-m+fp/hard\libgcc.a
LOAD C:/ST/STM32CubeIDE_1.8.0/STM32CubeIDE/plugins/com.st.stm32cube.ide.mcu.externaltools.gnu-tools-for-stm32.11.3.rel1.win32_1.1.100.202309141235/tools/bin/../lib/gcc/arm-none-eabi/11.3.1/../../../../arm-none-eabi/lib/thumb/v7e-m+fp/hard\libc_nano.a
LOAD C:/ST/STM32CubeIDE_1.8.0/STM32CubeIDE/plugins/com.st.stm32cube.ide.mcu.externaltools.gnu-tools-for-stm32.11.3.rel1.win32_1.1.100.202309141235/tools/bin/../lib/gcc/arm-none-eabi/11.3.1/../../../../arm-none-eabi/lib/thumb/v7e-m+fp/hard\libnosys.a
END GROUP
START GROUP
LOAD C:/ST/STM32CubeIDE_1.8.0/STM32CubeIDE/plugins/com.st.stm32cube.ide.mcu.externaltools.gnu-tools-for-stm32.11.3.rel1.win32_1.1.100.202309141235/tools/bin/../lib/gcc/arm-none-eabi/11.3.1/thumb/v7e-m+fp/hard\libgcc.a
LOAD C:/ST/STM32CubeIDE_1.8.0/STM32CubeIDE/plugins/com.st.stm32cube.ide.mcu.externaltools.gnu-tools-for-stm32.11.3.rel1.win32_1.1.100.202309141235/tools/bin/../lib/gcc/arm-none-eabi/11.3.1/../../../../arm-none-eabi/lib/thumb/v7e-m+fp/hard\libc_nano.a
LOAD C:/ST/STM32CubeIDE_1.8.0/STM32CubeIDE/plugins/com.st.stm32cube.ide.mcu.externaltools.gnu-tools-for-stm32.11.3.rel1.win32_1.1.100.202309141235/tools/bin/../lib/gcc/arm-none-eabi/11.3.1/../../../../arm-none-eabi/lib/thumb/v7e-m+fp/hard\libnosys.a
END GROUP
LOAD C:/ST/STM32CubeIDE_1.8.0/STM32CubeIDE/plugins/com.st.stm32cube.ide.mcu.externaltools.gnu-tools-for-stm32.11.3.rel1.win32_1.1.100.202309141235/tools/bin/../lib/gcc/arm-none-eabi/11.3.1/thumb/v7e-m+fp/hard/crtend.o
LOAD C:/ST/STM32CubeIDE_1.8.0/STM32CubeIDE/plugins/com.st.stm32cube.ide.mcu.externaltools.gnu-tools-for-stm32.11.3.rel1.win32_1.1.100.202309141235/tools/bin/../lib/gcc/arm-none-eabi/11.3.1/thumb/v7e-m+fp/hard/crtn.o
                0x0000000020050000                _estack = (ORIGIN (RAM) + LENGTH (RAM))
                0x0000000000000200                _Min_Heap_Size = 0x200
                0x0000000000000400                _Min_Stack_Size = 0x400

.isr_vector     0x0000000008000000      0x1c8
                0x0000000008000000                . = ALIGN (0x4)
 *(.isr_vector)
 .isr_vector    0x0000000008000000      0x1c8 ./Core/Startup/startup_stm32f746zgtx.o
                0x0000000008000000                g_pfnVectors
                0x00000000080001c8                . = ALIGN (0x4)

.text           0x00000000080001d0     0xe728
                0x00000000080001d0                . = ALIGN (0x4)
 *(.text)
 .text          0x00000000080001d0       0x40 C:/ST/STM32CubeIDE_1.8.0/STM32CubeIDE/plugins/com.st.stm32cube.ide.mcu.externaltools.gnu-tools-for-stm32.11.3.rel1.win32_1.1.100.202309141235/tools/bin/../lib/gcc/arm-none-eabi/11.3.1/thumb/v7e-m+fp/hard/crtbegin.o
 .text          0x0000000008000210       0xa0 C:/ST/STM32CubeIDE_1.8.0/STM32CubeIDE/plugins/com.st.stm32cube.ide.mcu.externaltools.gnu-tools-for-stm32.11.3.rel1.win32_1.1.100.202309141235/tools/bin/../lib/gcc/arm-none-eabi/11.3.1/../../../../arm-none-eabi/lib/thumb/v7e-m+fp/hard\libc_nano.a(libc_a-memchr.o)
                0x0000000008000210                memchr
 .text          0x00000000080002b0       0x30 C:/ST/STM32CubeIDE_1.8.0/STM32CubeIDE/plugins/com.st.stm32cube.ide.mcu.externaltools.gnu-tools-for-stm32.11.3.rel1.win32_1.1.100.202309141235/tools/bin/../lib/gcc/arm-none-eabi/11.3.1/thumb/v7e-m+fp/hard\libgcc.a(_aeabi_uldivmod.o)
                0x00000000080002b0                __aeabi_uldivmod
 .text          0x00000000080002e0      0x2c8 C:/ST/STM32CubeIDE_1.8.0/STM32CubeIDE/plugins/com.st.stm32cube.ide.mcu.externaltools.gnu-tools-for-stm32.11.3.rel1.win32_1.1.100.202309141235/tools/bin/../lib/gcc/arm-none-eabi/11.3.1/thumb/v7e-m+fp/hard\libgcc.a(_udivmoddi4.o)
                0x00000000080002e0                __udivmoddi4
 .text          0x00000000080005a8        0x4 C:/ST/STM32CubeIDE_1.8.0/STM32CubeIDE/plugins/com.st.stm32cube.ide.mcu.externaltools.gnu-tools-for-stm32.11.3.rel1.win32_1.1.100.202309141235/tools/bin/../lib/gcc/arm-none-eabi/11.3.1/thumb/v7e-m+fp/hard\libgcc.a(_dvmd_tls.o)
                0x00000000080005a8                __aeabi_idiv0
                0x00000000080005a8                __aeabi_ldiv0
 *(.text*)
 .text.MX_ADC1_Init
                0x00000000080005ac       0x68 ./Core/Src/adc.o
                0x00000000080005ac                MX_ADC1_Init
 .text.MX_ADC2_Init
                0x0000000008000614       0x68 ./Core/Src/adc.o
                0x0000000008000614                MX_ADC2_Init
 .text.MX_ADC3_Init
                0x000000000800067c       0x68 ./Core/Src/adc.o
                0x000000000800067c                MX_ADC3_Init
 .text.HAL_ADC_MspInit
                0x00000000080006e4       0xd4 ./Core/Src/adc.o
                0x00000000080006e4                HAL_ADC_MspInit
 .text.MX_DAC_Init
                0x00000000080007b8       0x38 ./Core/Src/dac.o
                0x00000000080007b8                MX_DAC_Init
 .text.HAL_DAC_MspInit
                0x00000000080007f0       0x5c ./Core/Src/dac.o
                0x00000000080007f0                HAL_DAC_MspInit
 .text.MX_DMA_Init
                0x000000000800084c      0x134 ./Core/Src/dma.o
                0x000000000800084c                MX_DMA_Init
 .text.StartDefaultTask
                0x0000000008000980        0xe ./Core/Src/freertos.o
                0x0000000008000980                StartDefaultTask
 *fill*         0x000000000800098e        0x2 
 .text.vApplicationGetIdleTaskMemory
                0x0000000008000990       0x18 ./Core/Src/freertos.o
                0x0000000008000990                vApplicationGetIdleTaskMemory
 .text.MX_FREERTOS_Init
                0x00000000080009a8       0x2c ./Core/Src/freertos.o
                0x00000000080009a8                MX_FREERTOS_Init
 .text.MX_GPIO_Init
                0x00000000080009d4      0x104 ./Core/Src/gpio.o
                0x00000000080009d4                MX_GPIO_Init
 .text.MX_I2C1_Init
                0x0000000008000ad8       0x58 ./Core/Src/i2c.o
                0x0000000008000ad8                MX_I2C1_Init
 .text.MX_I2C2_Init
                0x0000000008000b30       0x58 ./Core/Src/i2c.o
                0x0000000008000b30                MX_I2C2_Init
 .text.MX_I2C3_Init
                0x0000000008000b88       0x58 ./Core/Src/i2c.o
                0x0000000008000b88                MX_I2C3_Init
 .text.MX_I2C4_Init
                0x0000000008000be0       0x58 ./Core/Src/i2c.o
                0x0000000008000be0                MX_I2C4_Init
 .text.HAL_I2C_MspInit
                0x0000000008000c38      0x2d0 ./Core/Src/i2c.o
                0x0000000008000c38                HAL_I2C_MspInit
 .text.SystemClock_Config
                0x0000000008000f08       0xac ./Core/Src/main.o
                0x0000000008000f08                SystemClock_Config
 .text.startup.main
                0x0000000008000fb4       0x74 ./Core/Src/main.o
                0x0000000008000fb4                main
 .text.HAL_TIM_PeriodElapsedCallback
                0x0000000008001028       0x14 ./Core/Src/main.o
                0x0000000008001028                HAL_TIM_PeriodElapsedCallback
 .text.Error_Handler
                0x000000000800103c        0x4 ./Core/Src/main.o
                0x000000000800103c                Error_Handler
 .text.MX_SPI1_Init
                0x0000000008001040       0x44 ./Core/Src/spi.o
                0x0000000008001040                MX_SPI1_Init
 .text.MX_SPI2_Init
                0x0000000008001084       0x4c ./Core/Src/spi.o
                0x0000000008001084                MX_SPI2_Init
 .text.MX_SPI3_Init
                0x00000000080010d0       0x4c ./Core/Src/spi.o
                0x00000000080010d0                MX_SPI3_Init
 .text.MX_SPI4_Init
                0x000000000800111c       0x44 ./Core/Src/spi.o
                0x000000000800111c                MX_SPI4_Init
 .text.MX_SPI5_Init
                0x0000000008001160       0x4c ./Core/Src/spi.o
                0x0000000008001160                MX_SPI5_Init
 .text.HAL_SPI_MspInit
                0x00000000080011ac      0x3b4 ./Core/Src/spi.o
                0x00000000080011ac                HAL_SPI_MspInit
 .text.HAL_MspInit
                0x0000000008001560       0x3c ./Core/Src/stm32f7xx_hal_msp.o
                0x0000000008001560                HAL_MspInit
 .text.HAL_InitTick
                0x000000000800159c       0x90 ./Core/Src/stm32f7xx_hal_timebase_tim.o
                0x000000000800159c                HAL_InitTick
 .text.NMI_Handler
                0x000000000800162c        0x2 ./Core/Src/stm32f7xx_it.o
                0x000000000800162c                NMI_Handler
 .text.HardFault_Handler
                0x000000000800162e        0x2 ./Core/Src/stm32f7xx_it.o
                0x000000000800162e                HardFault_Handler
 .text.MemManage_Handler
                0x0000000008001630        0x2 ./Core/Src/stm32f7xx_it.o
                0x0000000008001630                MemManage_Handler
 .text.BusFault_Handler
                0x0000000008001632        0x2 ./Core/Src/stm32f7xx_it.o
                0x0000000008001632                BusFault_Handler
 .text.UsageFault_Handler
                0x0000000008001634        0x2 ./Core/Src/stm32f7xx_it.o
                0x0000000008001634                UsageFault_Handler
 .text.DebugMon_Handler
                0x0000000008001636        0x2 ./Core/Src/stm32f7xx_it.o
                0x0000000008001636                DebugMon_Handler
 .text.DMA1_Stream0_IRQHandler
                0x0000000008001638        0xc ./Core/Src/stm32f7xx_it.o
                0x0000000008001638                DMA1_Stream0_IRQHandler
 .text.DMA1_Stream1_IRQHandler
                0x0000000008001644        0xc ./Core/Src/stm32f7xx_it.o
                0x0000000008001644                DMA1_Stream1_IRQHandler
 .text.DMA1_Stream2_IRQHandler
                0x0000000008001650        0xc ./Core/Src/stm32f7xx_it.o
                0x0000000008001650                DMA1_Stream2_IRQHandler
 .text.DMA1_Stream3_IRQHandler
                0x000000000800165c        0xc ./Core/Src/stm32f7xx_it.o
                0x000000000800165c                DMA1_Stream3_IRQHandler
 .text.DMA1_Stream4_IRQHandler
                0x0000000008001668        0xc ./Core/Src/stm32f7xx_it.o
                0x0000000008001668                DMA1_Stream4_IRQHandler
 .text.DMA1_Stream5_IRQHandler
                0x0000000008001674        0xc ./Core/Src/stm32f7xx_it.o
                0x0000000008001674                DMA1_Stream5_IRQHandler
 .text.DMA1_Stream6_IRQHandler
                0x0000000008001680        0xc ./Core/Src/stm32f7xx_it.o
                0x0000000008001680                DMA1_Stream6_IRQHandler
 .text.TIM1_UP_TIM10_IRQHandler
                0x000000000800168c        0xc ./Core/Src/stm32f7xx_it.o
                0x000000000800168c                TIM1_UP_TIM10_IRQHandler
 .text.I2C1_EV_IRQHandler
                0x0000000008001698        0xc ./Core/Src/stm32f7xx_it.o
                0x0000000008001698                I2C1_EV_IRQHandler
 .text.I2C1_ER_IRQHandler
                0x00000000080016a4        0xc ./Core/Src/stm32f7xx_it.o
                0x00000000080016a4                I2C1_ER_IRQHandler
 .text.I2C2_EV_IRQHandler
                0x00000000080016b0        0xc ./Core/Src/stm32f7xx_it.o
                0x00000000080016b0                I2C2_EV_IRQHandler
 .text.I2C2_ER_IRQHandler
                0x00000000080016bc        0xc ./Core/Src/stm32f7xx_it.o
                0x00000000080016bc                I2C2_ER_IRQHandler
 .text.SPI1_IRQHandler
                0x00000000080016c8        0xc ./Core/Src/stm32f7xx_it.o
                0x00000000080016c8                SPI1_IRQHandler
 .text.SPI2_IRQHandler
                0x00000000080016d4        0xc ./Core/Src/stm32f7xx_it.o
                0x00000000080016d4                SPI2_IRQHandler
 .text.USART1_IRQHandler
                0x00000000080016e0        0xc ./Core/Src/stm32f7xx_it.o
                0x00000000080016e0                USART1_IRQHandler
 .text.USART2_IRQHandler
                0x00000000080016ec        0xc ./Core/Src/stm32f7xx_it.o
                0x00000000080016ec                USART2_IRQHandler
 .text.USART3_IRQHandler
                0x00000000080016f8        0xc ./Core/Src/stm32f7xx_it.o
                0x00000000080016f8                USART3_IRQHandler
 .text.DMA1_Stream7_IRQHandler
                0x0000000008001704        0xc ./Core/Src/stm32f7xx_it.o
                0x0000000008001704                DMA1_Stream7_IRQHandler
 .text.SPI3_IRQHandler
                0x0000000008001710        0xc ./Core/Src/stm32f7xx_it.o
                0x0000000008001710                SPI3_IRQHandler
 .text.UART4_IRQHandler
                0x000000000800171c        0xc ./Core/Src/stm32f7xx_it.o
                0x000000000800171c                UART4_IRQHandler
 .text.UART5_IRQHandler
                0x0000000008001728        0xc ./Core/Src/stm32f7xx_it.o
                0x0000000008001728                UART5_IRQHandler
 .text.DMA2_Stream0_IRQHandler
                0x0000000008001734        0xc ./Core/Src/stm32f7xx_it.o
                0x0000000008001734                DMA2_Stream0_IRQHandler
 .text.DMA2_Stream1_IRQHandler
                0x0000000008001740        0xc ./Core/Src/stm32f7xx_it.o
                0x0000000008001740                DMA2_Stream1_IRQHandler
 .text.DMA2_Stream2_IRQHandler
                0x000000000800174c        0xc ./Core/Src/stm32f7xx_it.o
                0x000000000800174c                DMA2_Stream2_IRQHandler
 .text.DMA2_Stream3_IRQHandler
                0x0000000008001758        0xc ./Core/Src/stm32f7xx_it.o
                0x0000000008001758                DMA2_Stream3_IRQHandler
 .text.DMA2_Stream4_IRQHandler
                0x0000000008001764        0xc ./Core/Src/stm32f7xx_it.o
                0x0000000008001764                DMA2_Stream4_IRQHandler
 .text.ETH_IRQHandler
                0x0000000008001770        0xc ./Core/Src/stm32f7xx_it.o
                0x0000000008001770                ETH_IRQHandler
 .text.ETH_WKUP_IRQHandler
                0x000000000800177c        0x4 ./Core/Src/stm32f7xx_it.o
                0x000000000800177c                ETH_WKUP_IRQHandler
 .text.DMA2_Stream5_IRQHandler
                0x0000000008001780        0xc ./Core/Src/stm32f7xx_it.o
                0x0000000008001780                DMA2_Stream5_IRQHandler
 .text.DMA2_Stream6_IRQHandler
                0x000000000800178c        0xc ./Core/Src/stm32f7xx_it.o
                0x000000000800178c                DMA2_Stream6_IRQHandler
 .text.DMA2_Stream7_IRQHandler
                0x0000000008001798        0xc ./Core/Src/stm32f7xx_it.o
                0x0000000008001798                DMA2_Stream7_IRQHandler
 .text.USART6_IRQHandler
                0x00000000080017a4        0xc ./Core/Src/stm32f7xx_it.o
                0x00000000080017a4                USART6_IRQHandler
 .text.I2C3_EV_IRQHandler
                0x00000000080017b0        0xc ./Core/Src/stm32f7xx_it.o
                0x00000000080017b0                I2C3_EV_IRQHandler
 .text.I2C3_ER_IRQHandler
                0x00000000080017bc        0xc ./Core/Src/stm32f7xx_it.o
                0x00000000080017bc                I2C3_ER_IRQHandler
 .text.UART7_IRQHandler
                0x00000000080017c8        0xc ./Core/Src/stm32f7xx_it.o
                0x00000000080017c8                UART7_IRQHandler
 .text.UART8_IRQHandler
                0x00000000080017d4        0xc ./Core/Src/stm32f7xx_it.o
                0x00000000080017d4                UART8_IRQHandler
 .text.SPI4_IRQHandler
                0x00000000080017e0        0xc ./Core/Src/stm32f7xx_it.o
                0x00000000080017e0                SPI4_IRQHandler
 .text.I2C4_EV_IRQHandler
                0x00000000080017ec        0xc ./Core/Src/stm32f7xx_it.o
                0x00000000080017ec                I2C4_EV_IRQHandler
 .text.I2C4_ER_IRQHandler
                0x00000000080017f8        0xc ./Core/Src/stm32f7xx_it.o
                0x00000000080017f8                I2C4_ER_IRQHandler
 .text._getpid  0x0000000008001804        0x4 ./Core/Src/syscalls.o
                0x0000000008001804                _getpid
 .text._kill    0x0000000008001808       0x10 ./Core/Src/syscalls.o
                0x0000000008001808                _kill
 .text._exit    0x0000000008001818        0xc ./Core/Src/syscalls.o
                0x0000000008001818                _exit
 .text._read    0x0000000008001824       0x1c ./Core/Src/syscalls.o
                0x0000000008001824                _read
 .text._write   0x0000000008001840       0x1c ./Core/Src/syscalls.o
                0x0000000008001840                _write
 .text._close   0x000000000800185c        0x6 ./Core/Src/syscalls.o
                0x000000000800185c                _close
 .text._fstat   0x0000000008001862        0xa ./Core/Src/syscalls.o
                0x0000000008001862                _fstat
 .text._isatty  0x000000000800186c        0x4 ./Core/Src/syscalls.o
                0x000000000800186c                _isatty
 .text._lseek   0x0000000008001870        0x4 ./Core/Src/syscalls.o
                0x0000000008001870                _lseek
 .text._sbrk    0x0000000008001874       0x40 ./Core/Src/sysmem.o
                0x0000000008001874                _sbrk
 .text.SystemInit
                0x00000000080018b4       0x14 ./Core/Src/system_stm32f7xx.o
                0x00000000080018b4                SystemInit
 .text.MX_UART4_Init
                0x00000000080018c8       0x3c ./Core/Src/usart.o
                0x00000000080018c8                MX_UART4_Init
 .text.MX_UART5_Init
                0x0000000008001904       0x3c ./Core/Src/usart.o
                0x0000000008001904                MX_UART5_Init
 .text.MX_UART7_Init
                0x0000000008001940       0x3c ./Core/Src/usart.o
                0x0000000008001940                MX_UART7_Init
 .text.MX_UART8_Init
                0x000000000800197c       0x3c ./Core/Src/usart.o
                0x000000000800197c                MX_UART8_Init
 .text.MX_USART1_UART_Init
                0x00000000080019b8       0x3c ./Core/Src/usart.o
                0x00000000080019b8                MX_USART1_UART_Init
 .text.MX_USART2_UART_Init
                0x00000000080019f4       0x3c ./Core/Src/usart.o
                0x00000000080019f4                MX_USART2_UART_Init
 .text.MX_USART3_UART_Init
                0x0000000008001a30       0x3c ./Core/Src/usart.o
                0x0000000008001a30                MX_USART3_UART_Init
 .text.MX_USART6_UART_Init
                0x0000000008001a6c       0x3c ./Core/Src/usart.o
                0x0000000008001a6c                MX_USART6_UART_Init
 .text.HAL_UART_MspInit
                0x0000000008001aa8      0x670 ./Core/Src/usart.o
                0x0000000008001aa8                HAL_UART_MspInit
 .text.Reset_Handler
                0x0000000008002118       0x50 ./Core/Startup/startup_stm32f746zgtx.o
                0x0000000008002118                Reset_Handler
 .text.Default_Handler
                0x0000000008002168        0x2 ./Core/Startup/startup_stm32f746zgtx.o
                0x0000000008002168                RTC_Alarm_IRQHandler
                0x0000000008002168                EXTI2_IRQHandler
                0x0000000008002168                TIM8_CC_IRQHandler
                0x0000000008002168                TIM1_CC_IRQHandler
                0x0000000008002168                PVD_IRQHandler
                0x0000000008002168                TAMP_STAMP_IRQHandler
                0x0000000008002168                CAN2_RX1_IRQHandler
                0x0000000008002168                EXTI3_IRQHandler
                0x0000000008002168                TIM8_TRG_COM_TIM14_IRQHandler
                0x0000000008002168                TIM8_UP_TIM13_IRQHandler
                0x0000000008002168                EXTI0_IRQHandler
                0x0000000008002168                CAN1_RX0_IRQHandler
                0x0000000008002168                FPU_IRQHandler
                0x0000000008002168                OTG_HS_WKUP_IRQHandler
                0x0000000008002168                LTDC_ER_IRQHandler
                0x0000000008002168                CAN2_SCE_IRQHandler
                0x0000000008002168                TIM6_DAC_IRQHandler
                0x0000000008002168                TIM1_BRK_TIM9_IRQHandler
                0x0000000008002168                DCMI_IRQHandler
                0x0000000008002168                CAN2_RX0_IRQHandler
                0x0000000008002168                SAI2_IRQHandler
                0x0000000008002168                CAN1_RX1_IRQHandler
                0x0000000008002168                TIM4_IRQHandler
                0x0000000008002168                QUADSPI_IRQHandler
                0x0000000008002168                TIM3_IRQHandler
                0x0000000008002168                RCC_IRQHandler
                0x0000000008002168                TIM8_BRK_TIM12_IRQHandler
                0x0000000008002168                Default_Handler
                0x0000000008002168                CEC_IRQHandler
                0x0000000008002168                EXTI15_10_IRQHandler
                0x0000000008002168                ADC_IRQHandler
                0x0000000008002168                SPI5_IRQHandler
                0x0000000008002168                TIM7_IRQHandler
                0x0000000008002168                SDMMC1_IRQHandler
                0x0000000008002168                CAN2_TX_IRQHandler
                0x0000000008002168                TIM5_IRQHandler
                0x0000000008002168                EXTI9_5_IRQHandler
                0x0000000008002168                RTC_WKUP_IRQHandler
                0x0000000008002168                LTDC_IRQHandler
                0x0000000008002168                SPDIF_RX_IRQHandler
                0x0000000008002168                OTG_HS_EP1_IN_IRQHandler
                0x0000000008002168                CAN1_TX_IRQHandler
                0x0000000008002168                EXTI4_IRQHandler
                0x0000000008002168                RNG_IRQHandler
                0x0000000008002168                OTG_HS_EP1_OUT_IRQHandler
                0x0000000008002168                WWDG_IRQHandler
                0x0000000008002168                SPI6_IRQHandler
                0x0000000008002168                TIM2_IRQHandler
                0x0000000008002168                OTG_FS_WKUP_IRQHandler
                0x0000000008002168                TIM1_TRG_COM_TIM11_IRQHandler
                0x0000000008002168                OTG_HS_IRQHandler
                0x0000000008002168                DMA2D_IRQHandler
                0x0000000008002168                EXTI1_IRQHandler
                0x0000000008002168                CAN1_SCE_IRQHandler
                0x0000000008002168                FLASH_IRQHandler
                0x0000000008002168                OTG_FS_IRQHandler
                0x0000000008002168                FMC_IRQHandler
                0x0000000008002168                LPTIM1_IRQHandler
                0x0000000008002168                SAI1_IRQHandler
 .text.LAN8742_RegisterBusIO
                0x000000000800216a       0x28 ./Drivers/BSP/Components/lan8742/lan8742.o
                0x000000000800216a                LAN8742_RegisterBusIO
 .text.LAN8742_Init
                0x0000000008002192       0x5a ./Drivers/BSP/Components/lan8742/lan8742.o
                0x0000000008002192                LAN8742_Init
 .text.LAN8742_GetLinkState
                0x00000000080021ec       0x94 ./Drivers/BSP/Components/lan8742/lan8742.o
                0x00000000080021ec                LAN8742_GetLinkState
 .text.HAL_Init
                0x0000000008002280       0x16 ./Drivers/STM32F7xx_HAL_Driver/Src/stm32f7xx_hal.o
                0x0000000008002280                HAL_Init
 *fill*         0x0000000008002296        0x2 
 .text.HAL_IncTick
                0x0000000008002298       0x18 ./Drivers/STM32F7xx_HAL_Driver/Src/stm32f7xx_hal.o
                0x0000000008002298                HAL_IncTick
 .text.HAL_GetTick
                0x00000000080022b0        0xc ./Drivers/STM32F7xx_HAL_Driver/Src/stm32f7xx_hal.o
                0x00000000080022b0                HAL_GetTick
 .text.HAL_Delay
                0x00000000080022bc       0x24 ./Drivers/STM32F7xx_HAL_Driver/Src/stm32f7xx_hal.o
                0x00000000080022bc                HAL_Delay
 .text.HAL_GetREVID
                0x00000000080022e0        0xc ./Drivers/STM32F7xx_HAL_Driver/Src/stm32f7xx_hal.o
                0x00000000080022e0                HAL_GetREVID
 .text.HAL_ADC_Init
                0x00000000080022ec      0x14c ./Drivers/STM32F7xx_HAL_Driver/Src/stm32f7xx_hal_adc.o
                0x00000000080022ec                HAL_ADC_Init
 .text.HAL_ADC_ConfigChannel
                0x0000000008002438      0x158 ./Drivers/STM32F7xx_HAL_Driver/Src/stm32f7xx_hal_adc.o
                0x0000000008002438                HAL_ADC_ConfigChannel
 .text.HAL_NVIC_SetPriorityGrouping
                0x0000000008002590       0x24 ./Drivers/STM32F7xx_HAL_Driver/Src/stm32f7xx_hal_cortex.o
                0x0000000008002590                HAL_NVIC_SetPriorityGrouping
 .text.HAL_NVIC_SetPriority
                0x00000000080025b4       0x64 ./Drivers/STM32F7xx_HAL_Driver/Src/stm32f7xx_hal_cortex.o
                0x00000000080025b4                HAL_NVIC_SetPriority
 .text.HAL_NVIC_EnableIRQ
                0x0000000008002618       0x1c ./Drivers/STM32F7xx_HAL_Driver/Src/stm32f7xx_hal_cortex.o
                0x0000000008002618                HAL_NVIC_EnableIRQ
 .text.HAL_DAC_Init
                0x0000000008002634       0x26 ./Drivers/STM32F7xx_HAL_Driver/Src/stm32f7xx_hal_dac.o
                0x0000000008002634                HAL_DAC_Init
 .text.HAL_DAC_ConfigChannel
                0x000000000800265a       0x4e ./Drivers/STM32F7xx_HAL_Driver/Src/stm32f7xx_hal_dac.o
                0x000000000800265a                HAL_DAC_ConfigChannel
 .text.DMA_CalcBaseAndBitshift
                0x00000000080026a8       0x2c ./Drivers/STM32F7xx_HAL_Driver/Src/stm32f7xx_hal_dma.o
 .text.HAL_DMA_Init
                0x00000000080026d4       0xfc ./Drivers/STM32F7xx_HAL_Driver/Src/stm32f7xx_hal_dma.o
                0x00000000080026d4                HAL_DMA_Init
 .text.HAL_DMA_Abort
                0x00000000080027d0       0x7e ./Drivers/STM32F7xx_HAL_Driver/Src/stm32f7xx_hal_dma.o
                0x00000000080027d0                HAL_DMA_Abort
 .text.HAL_DMA_Abort_IT
                0x000000000800284e       0x24 ./Drivers/STM32F7xx_HAL_Driver/Src/stm32f7xx_hal_dma.o
                0x000000000800284e                HAL_DMA_Abort_IT
 *fill*         0x0000000008002872        0x2 
 .text.HAL_DMA_IRQHandler
                0x0000000008002874      0x17c ./Drivers/STM32F7xx_HAL_Driver/Src/stm32f7xx_hal_dma.o
                0x0000000008002874                HAL_DMA_IRQHandler
 .text.HAL_DMA_GetState
                0x00000000080029f0        0x6 ./Drivers/STM32F7xx_HAL_Driver/Src/stm32f7xx_hal_dma.o
                0x00000000080029f0                HAL_DMA_GetState
 *fill*         0x00000000080029f6        0x2 
 .text.ETH_Prepare_Tx_Descriptors
                0x00000000080029f8      0x168 ./Drivers/STM32F7xx_HAL_Driver/Src/stm32f7xx_hal_eth.o
 .text.ETH_SetMACConfig
                0x0000000008002b60       0xec ./Drivers/STM32F7xx_HAL_Driver/Src/stm32f7xx_hal_eth.o
 .text.ETH_SetDMAConfig
                0x0000000008002c4c       0xa4 ./Drivers/STM32F7xx_HAL_Driver/Src/stm32f7xx_hal_eth.o
 .text.ETH_FlushTransmitFIFO
                0x0000000008002cf0       0x2e ./Drivers/STM32F7xx_HAL_Driver/Src/stm32f7xx_hal_eth.o
 *fill*         0x0000000008002d1e        0x2 
 .text.ETH_UpdateDescriptor
                0x0000000008002d20       0x9c ./Drivers/STM32F7xx_HAL_Driver/Src/stm32f7xx_hal_eth.o
 .text.HAL_ETH_Init
                0x0000000008002dbc      0x1f8 ./Drivers/STM32F7xx_HAL_Driver/Src/stm32f7xx_hal_eth.o
                0x0000000008002dbc                HAL_ETH_Init
 .text.HAL_ETH_Start_IT
                0x0000000008002fb4       0x80 ./Drivers/STM32F7xx_HAL_Driver/Src/stm32f7xx_hal_eth.o
                0x0000000008002fb4                HAL_ETH_Start_IT
 .text.HAL_ETH_Stop_IT
                0x0000000008003034       0x8a ./Drivers/STM32F7xx_HAL_Driver/Src/stm32f7xx_hal_eth.o
                0x0000000008003034                HAL_ETH_Stop_IT
 .text.HAL_ETH_Transmit_IT
                0x00000000080030be       0x64 ./Drivers/STM32F7xx_HAL_Driver/Src/stm32f7xx_hal_eth.o
                0x00000000080030be                HAL_ETH_Transmit_IT
 .text.HAL_ETH_ReadData
                0x0000000008003122       0xe8 ./Drivers/STM32F7xx_HAL_Driver/Src/stm32f7xx_hal_eth.o
                0x0000000008003122                HAL_ETH_ReadData
 .text.HAL_ETH_ReleaseTxPacket
                0x000000000800320a       0x5e ./Drivers/STM32F7xx_HAL_Driver/Src/stm32f7xx_hal_eth.o
                0x000000000800320a                HAL_ETH_ReleaseTxPacket
 .text.HAL_ETH_PMTCallback
                0x0000000008003268        0x2 ./Drivers/STM32F7xx_HAL_Driver/Src/stm32f7xx_hal_eth.o
                0x0000000008003268                HAL_ETH_PMTCallback
 .text.HAL_ETH_WakeUpCallback
                0x000000000800326a        0x2 ./Drivers/STM32F7xx_HAL_Driver/Src/stm32f7xx_hal_eth.o
                0x000000000800326a                HAL_ETH_WakeUpCallback
 .text.HAL_ETH_IRQHandler
                0x000000000800326c       0xdc ./Drivers/STM32F7xx_HAL_Driver/Src/stm32f7xx_hal_eth.o
                0x000000000800326c                HAL_ETH_IRQHandler
 .text.HAL_ETH_ReadPHYRegister
                0x0000000008003348       0x50 ./Drivers/STM32F7xx_HAL_Driver/Src/stm32f7xx_hal_eth.o
                0x0000000008003348                HAL_ETH_ReadPHYRegister
 .text.HAL_ETH_WritePHYRegister
                0x0000000008003398       0x4a ./Drivers/STM32F7xx_HAL_Driver/Src/stm32f7xx_hal_eth.o
                0x0000000008003398                HAL_ETH_WritePHYRegister
 .text.HAL_ETH_GetMACConfig
                0x00000000080033e2       0xcc ./Drivers/STM32F7xx_HAL_Driver/Src/stm32f7xx_hal_eth.o
                0x00000000080033e2                HAL_ETH_GetMACConfig
 .text.HAL_ETH_SetMACConfig
                0x00000000080034ae       0x18 ./Drivers/STM32F7xx_HAL_Driver/Src/stm32f7xx_hal_eth.o
                0x00000000080034ae                HAL_ETH_SetMACConfig
 *fill*         0x00000000080034c6        0x2 
 .text.HAL_ETH_SetMDIOClockRange
                0x00000000080034c8       0x54 ./Drivers/STM32F7xx_HAL_Driver/Src/stm32f7xx_hal_eth.o
                0x00000000080034c8                HAL_ETH_SetMDIOClockRange
 .text.HAL_ETH_GetDMAError
                0x000000000800351c        0x6 ./Drivers/STM32F7xx_HAL_Driver/Src/stm32f7xx_hal_eth.o
                0x000000000800351c                HAL_ETH_GetDMAError
 *fill*         0x0000000008003522        0x2 
 .text.HAL_GPIO_Init
                0x0000000008003524      0x1c4 ./Drivers/STM32F7xx_HAL_Driver/Src/stm32f7xx_hal_gpio.o
                0x0000000008003524                HAL_GPIO_Init
 .text.HAL_GPIO_WritePin
                0x00000000080036e8        0xa ./Drivers/STM32F7xx_HAL_Driver/Src/stm32f7xx_hal_gpio.o
                0x00000000080036e8                HAL_GPIO_WritePin
 .text.I2C_Flush_TXDR
                0x00000000080036f2       0x1c ./Drivers/STM32F7xx_HAL_Driver/Src/stm32f7xx_hal_i2c.o
 .text.I2C_Disable_IRQ
                0x000000000800370e       0x42 ./Drivers/STM32F7xx_HAL_Driver/Src/stm32f7xx_hal_i2c.o
 .text.HAL_I2C_Init
                0x0000000008003750       0xaa ./Drivers/STM32F7xx_HAL_Driver/Src/stm32f7xx_hal_i2c.o
                0x0000000008003750                HAL_I2C_Init
 .text.HAL_I2C_EV_IRQHandler
                0x00000000080037fa        0xe ./Drivers/STM32F7xx_HAL_Driver/Src/stm32f7xx_hal_i2c.o
                0x00000000080037fa                HAL_I2C_EV_IRQHandler
 .text.HAL_I2C_SlaveTxCpltCallback
                0x0000000008003808        0x2 ./Drivers/STM32F7xx_HAL_Driver/Src/stm32f7xx_hal_i2c.o
                0x0000000008003808                HAL_I2C_SlaveTxCpltCallback
 .text.HAL_I2C_SlaveRxCpltCallback
                0x000000000800380a        0x2 ./Drivers/STM32F7xx_HAL_Driver/Src/stm32f7xx_hal_i2c.o
                0x000000000800380a                HAL_I2C_SlaveRxCpltCallback
 .text.I2C_ITSlaveSeqCplt
                0x000000000800380c       0x6c ./Drivers/STM32F7xx_HAL_Driver/Src/stm32f7xx_hal_i2c.o
 .text.HAL_I2C_AddrCallback
                0x0000000008003878        0x2 ./Drivers/STM32F7xx_HAL_Driver/Src/stm32f7xx_hal_i2c.o
                0x0000000008003878                HAL_I2C_AddrCallback
 .text.I2C_ITAddrCplt.constprop.0
                0x000000000800387a       0x88 ./Drivers/STM32F7xx_HAL_Driver/Src/stm32f7xx_hal_i2c.o
 .text.HAL_I2C_ListenCpltCallback
                0x0000000008003902        0x2 ./Drivers/STM32F7xx_HAL_Driver/Src/stm32f7xx_hal_i2c.o
                0x0000000008003902                HAL_I2C_ListenCpltCallback
 .text.I2C_ITListenCplt
                0x0000000008003904       0x60 ./Drivers/STM32F7xx_HAL_Driver/Src/stm32f7xx_hal_i2c.o
 .text.HAL_I2C_ErrorCallback
                0x0000000008003964        0x2 ./Drivers/STM32F7xx_HAL_Driver/Src/stm32f7xx_hal_i2c.o
                0x0000000008003964                HAL_I2C_ErrorCallback
 .text.HAL_I2C_AbortCpltCallback
                0x0000000008003966        0x2 ./Drivers/STM32F7xx_HAL_Driver/Src/stm32f7xx_hal_i2c.o
                0x0000000008003966                HAL_I2C_AbortCpltCallback
 .text.I2C_TreatErrorCallback
                0x0000000008003968       0x2c ./Drivers/STM32F7xx_HAL_Driver/Src/stm32f7xx_hal_i2c.o
 .text.I2C_ITError
                0x0000000008003994      0x108 ./Drivers/STM32F7xx_HAL_Driver/Src/stm32f7xx_hal_i2c.o
 .text.HAL_I2C_ER_IRQHandler
                0x0000000008003a9c       0x60 ./Drivers/STM32F7xx_HAL_Driver/Src/stm32f7xx_hal_i2c.o
                0x0000000008003a9c                HAL_I2C_ER_IRQHandler
 .text.I2C_ITSlaveCplt.constprop.0
                0x0000000008003afc      0x1bc ./Drivers/STM32F7xx_HAL_Driver/Src/stm32f7xx_hal_i2c.o
 .text.I2C_Slave_ISR_IT
                0x0000000008003cb8      0x112 ./Drivers/STM32F7xx_HAL_Driver/Src/stm32f7xx_hal_i2c.o
 .text.I2C_DMAAbort
                0x0000000008003dca       0x16 ./Drivers/STM32F7xx_HAL_Driver/Src/stm32f7xx_hal_i2c.o
 .text.HAL_I2CEx_ConfigAnalogFilter
                0x0000000008003de0       0x4c ./Drivers/STM32F7xx_HAL_Driver/Src/stm32f7xx_hal_i2c_ex.o
                0x0000000008003de0                HAL_I2CEx_ConfigAnalogFilter
 .text.HAL_I2CEx_ConfigDigitalFilter
                0x0000000008003e2c       0x4a ./Drivers/STM32F7xx_HAL_Driver/Src/stm32f7xx_hal_i2c_ex.o
                0x0000000008003e2c                HAL_I2CEx_ConfigDigitalFilter
 *fill*         0x0000000008003e76        0x2 
 .text.HAL_PWR_EnableBkUpAccess
                0x0000000008003e78       0x10 ./Drivers/STM32F7xx_HAL_Driver/Src/stm32f7xx_hal_pwr.o
                0x0000000008003e78                HAL_PWR_EnableBkUpAccess
 .text.HAL_PWREx_EnableOverDrive
                0x0000000008003e88       0x70 ./Drivers/STM32F7xx_HAL_Driver/Src/stm32f7xx_hal_pwr_ex.o
                0x0000000008003e88                HAL_PWREx_EnableOverDrive
 .text.HAL_RCC_OscConfig
                0x0000000008003ef8      0x374 ./Drivers/STM32F7xx_HAL_Driver/Src/stm32f7xx_hal_rcc.o
                0x0000000008003ef8                HAL_RCC_OscConfig
 .text.HAL_RCC_GetSysClockFreq
                0x000000000800426c       0x5c ./Drivers/STM32F7xx_HAL_Driver/Src/stm32f7xx_hal_rcc.o
                0x000000000800426c                HAL_RCC_GetSysClockFreq
 .text.HAL_RCC_ClockConfig
                0x00000000080042c8      0x13c ./Drivers/STM32F7xx_HAL_Driver/Src/stm32f7xx_hal_rcc.o
                0x00000000080042c8                HAL_RCC_ClockConfig
 .text.HAL_RCC_GetHCLKFreq
                0x0000000008004404        0xc ./Drivers/STM32F7xx_HAL_Driver/Src/stm32f7xx_hal_rcc.o
                0x0000000008004404                HAL_RCC_GetHCLKFreq
 .text.HAL_RCC_GetPCLK1Freq
                0x0000000008004410       0x20 ./Drivers/STM32F7xx_HAL_Driver/Src/stm32f7xx_hal_rcc.o
                0x0000000008004410                HAL_RCC_GetPCLK1Freq
 .text.HAL_RCC_GetPCLK2Freq
                0x0000000008004430       0x20 ./Drivers/STM32F7xx_HAL_Driver/Src/stm32f7xx_hal_rcc.o
                0x0000000008004430                HAL_RCC_GetPCLK2Freq
 .text.HAL_RCC_GetClockConfig
                0x0000000008004450       0x3c ./Drivers/STM32F7xx_HAL_Driver/Src/stm32f7xx_hal_rcc.o
                0x0000000008004450                HAL_RCC_GetClockConfig
 .text.HAL_RCCEx_PeriphCLKConfig
                0x000000000800448c      0x514 ./Drivers/STM32F7xx_HAL_Driver/Src/stm32f7xx_hal_rcc_ex.o
                0x000000000800448c                HAL_RCCEx_PeriphCLKConfig
 .text.HAL_SPI_Init
                0x00000000080049a0       0xdc ./Drivers/STM32F7xx_HAL_Driver/Src/stm32f7xx_hal_spi.o
                0x00000000080049a0                HAL_SPI_Init
 .text.HAL_SPI_ErrorCallback
                0x0000000008004a7c        0x2 ./Drivers/STM32F7xx_HAL_Driver/Src/stm32f7xx_hal_spi.o
                0x0000000008004a7c                HAL_SPI_ErrorCallback
 *fill*         0x0000000008004a7e        0x2 
 .text.HAL_SPI_IRQHandler
                0x0000000008004a80       0xf8 ./Drivers/STM32F7xx_HAL_Driver/Src/stm32f7xx_hal_spi.o
                0x0000000008004a80                HAL_SPI_IRQHandler
 .text.SPI_DMAAbortOnError
                0x0000000008004b78       0x12 ./Drivers/STM32F7xx_HAL_Driver/Src/stm32f7xx_hal_spi.o
 .text.HAL_TIM_Base_MspInit
                0x0000000008004b8a        0x2 ./Drivers/STM32F7xx_HAL_Driver/Src/stm32f7xx_hal_tim.o
                0x0000000008004b8a                HAL_TIM_Base_MspInit
 .text.HAL_TIM_Base_Start_IT
                0x0000000008004b8c       0x7c ./Drivers/STM32F7xx_HAL_Driver/Src/stm32f7xx_hal_tim.o
                0x0000000008004b8c                HAL_TIM_Base_Start_IT
 .text.HAL_TIM_OC_DelayElapsedCallback
                0x0000000008004c08        0x2 ./Drivers/STM32F7xx_HAL_Driver/Src/stm32f7xx_hal_tim.o
                0x0000000008004c08                HAL_TIM_OC_DelayElapsedCallback
 .text.HAL_TIM_IC_CaptureCallback
                0x0000000008004c0a        0x2 ./Drivers/STM32F7xx_HAL_Driver/Src/stm32f7xx_hal_tim.o
                0x0000000008004c0a                HAL_TIM_IC_CaptureCallback
 .text.HAL_TIM_PWM_PulseFinishedCallback
                0x0000000008004c0c        0x2 ./Drivers/STM32F7xx_HAL_Driver/Src/stm32f7xx_hal_tim.o
                0x0000000008004c0c                HAL_TIM_PWM_PulseFinishedCallback
 .text.HAL_TIM_TriggerCallback
                0x0000000008004c0e        0x2 ./Drivers/STM32F7xx_HAL_Driver/Src/stm32f7xx_hal_tim.o
                0x0000000008004c0e                HAL_TIM_TriggerCallback
 .text.HAL_TIM_IRQHandler
                0x0000000008004c10      0x140 ./Drivers/STM32F7xx_HAL_Driver/Src/stm32f7xx_hal_tim.o
                0x0000000008004c10                HAL_TIM_IRQHandler
 .text.TIM_Base_SetConfig
                0x0000000008004d50       0xd8 ./Drivers/STM32F7xx_HAL_Driver/Src/stm32f7xx_hal_tim.o
                0x0000000008004d50                TIM_Base_SetConfig
 .text.HAL_TIM_Base_Init
                0x0000000008004e28       0x60 ./Drivers/STM32F7xx_HAL_Driver/Src/stm32f7xx_hal_tim.o
                0x0000000008004e28                HAL_TIM_Base_Init
 .text.HAL_TIMEx_CommutCallback
                0x0000000008004e88        0x2 ./Drivers/STM32F7xx_HAL_Driver/Src/stm32f7xx_hal_tim_ex.o
                0x0000000008004e88                HAL_TIMEx_CommutCallback
 .text.HAL_TIMEx_BreakCallback
                0x0000000008004e8a        0x2 ./Drivers/STM32F7xx_HAL_Driver/Src/stm32f7xx_hal_tim_ex.o
                0x0000000008004e8a                HAL_TIMEx_BreakCallback
 .text.HAL_TIMEx_Break2Callback
                0x0000000008004e8c        0x2 ./Drivers/STM32F7xx_HAL_Driver/Src/stm32f7xx_hal_tim_ex.o
                0x0000000008004e8c                HAL_TIMEx_Break2Callback
 .text.UART_EndRxTransfer
                0x0000000008004e8e       0x50 ./Drivers/STM32F7xx_HAL_Driver/Src/stm32f7xx_hal_uart.o
 .text.HAL_UART_TxCpltCallback
                0x0000000008004ede        0x2 ./Drivers/STM32F7xx_HAL_Driver/Src/stm32f7xx_hal_uart.o
                0x0000000008004ede                HAL_UART_TxCpltCallback
 .text.HAL_UART_ErrorCallback
                0x0000000008004ee0        0x2 ./Drivers/STM32F7xx_HAL_Driver/Src/stm32f7xx_hal_uart.o
                0x0000000008004ee0                HAL_UART_ErrorCallback
 .text.UART_DMAAbortOnError
                0x0000000008004ee2       0x14 ./Drivers/STM32F7xx_HAL_Driver/Src/stm32f7xx_hal_uart.o
 .text.HAL_UARTEx_RxEventCallback
                0x0000000008004ef6        0x2 ./Drivers/STM32F7xx_HAL_Driver/Src/stm32f7xx_hal_uart.o
                0x0000000008004ef6                HAL_UARTEx_RxEventCallback
 .text.HAL_UART_IRQHandler
                0x0000000008004ef8      0x288 ./Drivers/STM32F7xx_HAL_Driver/Src/stm32f7xx_hal_uart.o
                0x0000000008004ef8                HAL_UART_IRQHandler
 .text.UART_SetConfig
                0x0000000008005180      0x284 ./Drivers/STM32F7xx_HAL_Driver/Src/stm32f7xx_hal_uart.o
                0x0000000008005180                UART_SetConfig
 .text.UART_AdvFeatureConfig
                0x0000000008005404       0xaa ./Drivers/STM32F7xx_HAL_Driver/Src/stm32f7xx_hal_uart.o
                0x0000000008005404                UART_AdvFeatureConfig
 .text.UART_WaitOnFlagUntilTimeout
                0x00000000080054ae       0x90 ./Drivers/STM32F7xx_HAL_Driver/Src/stm32f7xx_hal_uart.o
                0x00000000080054ae                UART_WaitOnFlagUntilTimeout
 .text.UART_CheckIdleState
                0x000000000800553e       0x5e ./Drivers/STM32F7xx_HAL_Driver/Src/stm32f7xx_hal_uart.o
                0x000000000800553e                UART_CheckIdleState
 .text.HAL_UART_Init
                0x000000000800559c       0x5c ./Drivers/STM32F7xx_HAL_Driver/Src/stm32f7xx_hal_uart.o
                0x000000000800559c                HAL_UART_Init
 .text.ethernet_link_status_updated
                0x00000000080055f8        0x2 ./LWIP/App/lwip.o
 *fill*         0x00000000080055fa        0x2 
 .text.MX_LWIP_Init
                0x00000000080055fc       0xb8 ./LWIP/App/lwip.o
                0x00000000080055fc                MX_LWIP_Init
 .text.ETH_PHY_IO_DeInit
                0x00000000080056b4        0x4 ./LWIP/Target/ethernetif.o
                0x00000000080056b4                ETH_PHY_IO_DeInit
 .text.low_level_output
                0x00000000080056b8       0x8c ./LWIP/Target/ethernetif.o
 .text.RMII_Thread
                0x0000000008005744       0x4c ./LWIP/Target/ethernetif.o
 .text.ETH_PHY_IO_GetTick
                0x0000000008005790        0x4 ./LWIP/Target/ethernetif.o
                0x0000000008005790                ETH_PHY_IO_GetTick
 .text.ETH_PHY_IO_Init
                0x0000000008005794       0x10 ./LWIP/Target/ethernetif.o
                0x0000000008005794                ETH_PHY_IO_Init
 .text.ETH_PHY_IO_ReadReg
                0x00000000080057a4       0x1c ./LWIP/Target/ethernetif.o
                0x00000000080057a4                ETH_PHY_IO_ReadReg
 .text.ETH_PHY_IO_WriteReg
                0x00000000080057c0       0x1c ./LWIP/Target/ethernetif.o
                0x00000000080057c0                ETH_PHY_IO_WriteReg
 .text.pbuf_free_custom
                0x00000000080057dc       0x30 ./LWIP/Target/ethernetif.o
                0x00000000080057dc                pbuf_free_custom
 .text.ethernetif_input
                0x000000000800580c       0x58 ./LWIP/Target/ethernetif.o
 .text.HAL_ETH_RxCpltCallback
                0x0000000008005864        0xc ./LWIP/Target/ethernetif.o
                0x0000000008005864                HAL_ETH_RxCpltCallback
 .text.HAL_ETH_TxCpltCallback
                0x0000000008005870        0xc ./LWIP/Target/ethernetif.o
                0x0000000008005870                HAL_ETH_TxCpltCallback
 .text.HAL_ETH_ErrorCallback
                0x000000000800587c       0x1c ./LWIP/Target/ethernetif.o
                0x000000000800587c                HAL_ETH_ErrorCallback
 .text.ethernetif_init
                0x0000000008005898      0x1fc ./LWIP/Target/ethernetif.o
                0x0000000008005898                ethernetif_init
 .text.sys_now  0x0000000008005a94        0x4 ./LWIP/Target/ethernetif.o
                0x0000000008005a94                sys_now
 .text.HAL_ETH_MspInit
                0x0000000008005a98      0x12c ./LWIP/Target/ethernetif.o
                0x0000000008005a98                HAL_ETH_MspInit
 .text.ethernet_link_thread
                0x0000000008005bc4       0xa8 ./LWIP/Target/ethernetif.o
                0x0000000008005bc4                ethernet_link_thread
 .text.HAL_ETH_RxAllocateCallback
                0x0000000008005c6c       0x44 ./LWIP/Target/ethernetif.o
                0x0000000008005c6c                HAL_ETH_RxAllocateCallback
 .text.HAL_ETH_RxLinkCallback
                0x0000000008005cb0       0x54 ./LWIP/Target/ethernetif.o
                0x0000000008005cb0                HAL_ETH_RxLinkCallback
 .text.HAL_ETH_TxFreeCallback
                0x0000000008005d04        0x4 ./LWIP/Target/ethernetif.o
                0x0000000008005d04                HAL_ETH_TxFreeCallback
 .text.osKernelStart
                0x0000000008005d08        0xa ./Middlewares/Third_Party/FreeRTOS/Source/CMSIS_RTOS/cmsis_os.o
                0x0000000008005d08                osKernelStart
 .text.osKernelSysTick
                0x0000000008005d12        0xe ./Middlewares/Third_Party/FreeRTOS/Source/CMSIS_RTOS/cmsis_os.o
                0x0000000008005d12                osKernelSysTick
 .text.osThreadCreate
                0x0000000008005d20       0x50 ./Middlewares/Third_Party/FreeRTOS/Source/CMSIS_RTOS/cmsis_os.o
                0x0000000008005d20                osThreadCreate
 .text.osThreadTerminate
                0x0000000008005d70        0xa ./Middlewares/Third_Party/FreeRTOS/Source/CMSIS_RTOS/cmsis_os.o
                0x0000000008005d70                osThreadTerminate
 .text.osDelay  0x0000000008005d7a       0x10 ./Middlewares/Third_Party/FreeRTOS/Source/CMSIS_RTOS/cmsis_os.o
                0x0000000008005d7a                osDelay
 .text.osMutexCreate
                0x0000000008005d8a        0xe ./Middlewares/Third_Party/FreeRTOS/Source/CMSIS_RTOS/cmsis_os.o
                0x0000000008005d8a                osMutexCreate
 .text.osMutexWait
                0x0000000008005d98       0x4a ./Middlewares/Third_Party/FreeRTOS/Source/CMSIS_RTOS/cmsis_os.o
                0x0000000008005d98                osMutexWait
 .text.osMutexRelease
                0x0000000008005de2       0x46 ./Middlewares/Third_Party/FreeRTOS/Source/CMSIS_RTOS/cmsis_os.o
                0x0000000008005de2                osMutexRelease
 .text.osSemaphoreCreate
                0x0000000008005e28       0x48 ./Middlewares/Third_Party/FreeRTOS/Source/CMSIS_RTOS/cmsis_os.o
                0x0000000008005e28                osSemaphoreCreate
 .text.osSemaphoreWait
                0x0000000008005e70       0x4a ./Middlewares/Third_Party/FreeRTOS/Source/CMSIS_RTOS/cmsis_os.o
                0x0000000008005e70                osSemaphoreWait
 .text.osSemaphoreRelease
                0x0000000008005eba        0x4 ./Middlewares/Third_Party/FreeRTOS/Source/CMSIS_RTOS/cmsis_os.o
                0x0000000008005eba                osSemaphoreRelease
 .text.osMessageCreate
                0x0000000008005ebe       0x24 ./Middlewares/Third_Party/FreeRTOS/Source/CMSIS_RTOS/cmsis_os.o
                0x0000000008005ebe                osMessageCreate
 .text.osMessagePut
                0x0000000008005ee2       0x50 ./Middlewares/Third_Party/FreeRTOS/Source/CMSIS_RTOS/cmsis_os.o
                0x0000000008005ee2                osMessagePut
 .text.osMessageGet
                0x0000000008005f32       0x74 ./Middlewares/Third_Party/FreeRTOS/Source/CMSIS_RTOS/cmsis_os.o
                0x0000000008005f32                osMessageGet
 .text.vListInitialise
                0x0000000008005fa6       0x16 ./Middlewares/Third_Party/FreeRTOS/Source/list.o
                0x0000000008005fa6                vListInitialise
 .text.vListInitialiseItem
                0x0000000008005fbc        0x6 ./Middlewares/Third_Party/FreeRTOS/Source/list.o
                0x0000000008005fbc                vListInitialiseItem
 .text.vListInsertEnd
                0x0000000008005fc2       0x18 ./Middlewares/Third_Party/FreeRTOS/Source/list.o
                0x0000000008005fc2                vListInsertEnd
 .text.vListInsert
                0x0000000008005fda       0x2e ./Middlewares/Third_Party/FreeRTOS/Source/list.o
                0x0000000008005fda                vListInsert
 .text.uxListRemove
                0x0000000008006008       0x20 ./Middlewares/Third_Party/FreeRTOS/Source/list.o
                0x0000000008006008                uxListRemove
 .text.prvIsQueueEmpty
                0x0000000008006028       0x16 ./Middlewares/Third_Party/FreeRTOS/Source/queue.o
 .text.prvCopyDataToQueue
                0x000000000800603e       0x6a ./Middlewares/Third_Party/FreeRTOS/Source/queue.o
 .text.prvCopyDataFromQueue
                0x00000000080060a8       0x2a ./Middlewares/Third_Party/FreeRTOS/Source/queue.o
 .text.prvUnlockQueue
                0x00000000080060d2       0x70 ./Middlewares/Third_Party/FreeRTOS/Source/queue.o
 .text.xQueueGenericReset
                0x0000000008006142       0x82 ./Middlewares/Third_Party/FreeRTOS/Source/queue.o
                0x0000000008006142                xQueueGenericReset
 .text.xQueueGenericCreateStatic.part.0.isra.0
                0x00000000080061c4       0x90 ./Middlewares/Third_Party/FreeRTOS/Source/queue.o
 .text.xQueueGenericCreateStatic
                0x0000000008006254       0x1c ./Middlewares/Third_Party/FreeRTOS/Source/queue.o
                0x0000000008006254                xQueueGenericCreateStatic
 .text.xQueueGenericCreate
                0x0000000008006270       0x4c ./Middlewares/Third_Party/FreeRTOS/Source/queue.o
                0x0000000008006270                xQueueGenericCreate
 .text.xQueueGenericSend
                0x00000000080062bc      0x176 ./Middlewares/Third_Party/FreeRTOS/Source/queue.o
                0x00000000080062bc                xQueueGenericSend
 .text.xQueueCreateMutexStatic
                0x0000000008006432       0x26 ./Middlewares/Third_Party/FreeRTOS/Source/queue.o
                0x0000000008006432                xQueueCreateMutexStatic
 .text.xQueueCreateMutex
                0x0000000008006458       0x34 ./Middlewares/Third_Party/FreeRTOS/Source/queue.o
                0x0000000008006458                xQueueCreateMutex
 .text.xQueueGenericSendFromISR
                0x000000000800648c       0xd2 ./Middlewares/Third_Party/FreeRTOS/Source/queue.o
                0x000000000800648c                xQueueGenericSendFromISR
 .text.xQueueGiveFromISR
                0x000000000800655e       0xb8 ./Middlewares/Third_Party/FreeRTOS/Source/queue.o
                0x000000000800655e                xQueueGiveFromISR
 .text.xQueueReceive
                0x0000000008006616      0x14a ./Middlewares/Third_Party/FreeRTOS/Source/queue.o
                0x0000000008006616                xQueueReceive
 .text.xQueueSemaphoreTake
                0x0000000008006760      0x196 ./Middlewares/Third_Party/FreeRTOS/Source/queue.o
                0x0000000008006760                xQueueSemaphoreTake
 .text.xQueueReceiveFromISR
                0x00000000080068f6       0xaa ./Middlewares/Third_Party/FreeRTOS/Source/queue.o
                0x00000000080068f6                xQueueReceiveFromISR
 .text.prvAddNewTaskToReadyList
                0x00000000080069a0       0xfc ./Middlewares/Third_Party/FreeRTOS/Source/tasks.o
 .text.prvAddCurrentTaskToDelayedList
                0x0000000008006a9c       0x88 ./Middlewares/Third_Party/FreeRTOS/Source/tasks.o
 .text.prvResetNextTaskUnblockTime
                0x0000000008006b24       0x24 ./Middlewares/Third_Party/FreeRTOS/Source/tasks.o
 .text.prvDeleteTCB
                0x0000000008006b48       0x40 ./Middlewares/Third_Party/FreeRTOS/Source/tasks.o
 .text.prvIdleTask
                0x0000000008006b88       0x60 ./Middlewares/Third_Party/FreeRTOS/Source/tasks.o
 .text.prvInitialiseNewTask.constprop.0
                0x0000000008006be8       0xb0 ./Middlewares/Third_Party/FreeRTOS/Source/tasks.o
 .text.xTaskCreateStatic
                0x0000000008006c98       0x7c ./Middlewares/Third_Party/FreeRTOS/Source/tasks.o
                0x0000000008006c98                xTaskCreateStatic
 .text.xTaskCreate
                0x0000000008006d14       0x5a ./Middlewares/Third_Party/FreeRTOS/Source/tasks.o
                0x0000000008006d14                xTaskCreate
 *fill*         0x0000000008006d6e        0x2 
 .text.vTaskDelete
                0x0000000008006d70       0xd8 ./Middlewares/Third_Party/FreeRTOS/Source/tasks.o
                0x0000000008006d70                vTaskDelete
 .text.vTaskStartScheduler
                0x0000000008006e48       0x88 ./Middlewares/Third_Party/FreeRTOS/Source/tasks.o
                0x0000000008006e48                vTaskStartScheduler
 .text.vTaskSuspendAll
                0x0000000008006ed0       0x10 ./Middlewares/Third_Party/FreeRTOS/Source/tasks.o
                0x0000000008006ed0                vTaskSuspendAll
 .text.xTaskGetTickCount
                0x0000000008006ee0        0xc ./Middlewares/Third_Party/FreeRTOS/Source/tasks.o
                0x0000000008006ee0                xTaskGetTickCount
 .text.xTaskGetTickCountFromISR
                0x0000000008006eec       0x10 ./Middlewares/Third_Party/FreeRTOS/Source/tasks.o
                0x0000000008006eec                xTaskGetTickCountFromISR
 .text.xTaskIncrementTick
                0x0000000008006efc      0x130 ./Middlewares/Third_Party/FreeRTOS/Source/tasks.o
                0x0000000008006efc                xTaskIncrementTick
 .text.xTaskResumeAll
                0x000000000800702c       0xf4 ./Middlewares/Third_Party/FreeRTOS/Source/tasks.o
                0x000000000800702c                xTaskResumeAll
 .text.vTaskDelay
                0x0000000008007120       0x4c ./Middlewares/Third_Party/FreeRTOS/Source/tasks.o
                0x0000000008007120                vTaskDelay
 .text.vTaskSwitchContext
                0x000000000800716c       0x84 ./Middlewares/Third_Party/FreeRTOS/Source/tasks.o
                0x000000000800716c                vTaskSwitchContext
 .text.vTaskPlaceOnEventList
                0x00000000080071f0       0x38 ./Middlewares/Third_Party/FreeRTOS/Source/tasks.o
                0x00000000080071f0                vTaskPlaceOnEventList
 .text.xTaskRemoveFromEventList
                0x0000000008007228       0x90 ./Middlewares/Third_Party/FreeRTOS/Source/tasks.o
                0x0000000008007228                xTaskRemoveFromEventList
 .text.vTaskInternalSetTimeOutState
                0x00000000080072b8       0x18 ./Middlewares/Third_Party/FreeRTOS/Source/tasks.o
                0x00000000080072b8                vTaskInternalSetTimeOutState
 .text.xTaskCheckForTimeOut
                0x00000000080072d0       0x80 ./Middlewares/Third_Party/FreeRTOS/Source/tasks.o
                0x00000000080072d0                xTaskCheckForTimeOut
 .text.vTaskMissedYield
                0x0000000008007350        0xc ./Middlewares/Third_Party/FreeRTOS/Source/tasks.o
                0x0000000008007350                vTaskMissedYield
 .text.xTaskGetSchedulerState
                0x000000000800735c       0x20 ./Middlewares/Third_Party/FreeRTOS/Source/tasks.o
                0x000000000800735c                xTaskGetSchedulerState
 .text.xTaskPriorityInherit
                0x000000000800737c       0xa4 ./Middlewares/Third_Party/FreeRTOS/Source/tasks.o
                0x000000000800737c                xTaskPriorityInherit
 .text.xTaskPriorityDisinherit
                0x0000000008007420       0xac ./Middlewares/Third_Party/FreeRTOS/Source/tasks.o
                0x0000000008007420                xTaskPriorityDisinherit
 .text.vTaskPriorityDisinheritAfterTimeout
                0x00000000080074cc       0xbc ./Middlewares/Third_Party/FreeRTOS/Source/tasks.o
                0x00000000080074cc                vTaskPriorityDisinheritAfterTimeout
 .text.pvTaskIncrementMutexHeldCount
                0x0000000008007588       0x18 ./Middlewares/Third_Party/FreeRTOS/Source/tasks.o
                0x0000000008007588                pvTaskIncrementMutexHeldCount
 .text.prvPortStartFirstTask
                0x00000000080075a0       0x28 ./Middlewares/Third_Party/FreeRTOS/Source/portable/GCC/ARM_CM7/r0p1/port.o
 .text.vPortEnableVFP
                0x00000000080075c8       0x14 ./Middlewares/Third_Party/FreeRTOS/Source/portable/GCC/ARM_CM7/r0p1/port.o
 .text.prvTaskExitError
                0x00000000080075dc       0x48 ./Middlewares/Third_Party/FreeRTOS/Source/portable/GCC/ARM_CM7/r0p1/port.o
 .text.pxPortInitialiseStack
                0x0000000008007624       0x24 ./Middlewares/Third_Party/FreeRTOS/Source/portable/GCC/ARM_CM7/r0p1/port.o
                0x0000000008007624                pxPortInitialiseStack
 *fill*         0x0000000008007648        0x8 
 .text.SVC_Handler
                0x0000000008007650       0x24 ./Middlewares/Third_Party/FreeRTOS/Source/portable/GCC/ARM_CM7/r0p1/port.o
                0x0000000008007650                SVC_Handler
 .text.vPortEnterCritical
                0x0000000008007674       0x48 ./Middlewares/Third_Party/FreeRTOS/Source/portable/GCC/ARM_CM7/r0p1/port.o
                0x0000000008007674                vPortEnterCritical
 .text.vPortExitCritical
                0x00000000080076bc       0x2c ./Middlewares/Third_Party/FreeRTOS/Source/portable/GCC/ARM_CM7/r0p1/port.o
                0x00000000080076bc                vPortExitCritical
 *fill*         0x00000000080076e8        0x8 
 .text.PendSV_Handler
                0x00000000080076f0       0x64 ./Middlewares/Third_Party/FreeRTOS/Source/portable/GCC/ARM_CM7/r0p1/port.o
                0x00000000080076f0                PendSV_Handler
 .text.SysTick_Handler
                0x0000000008007754       0x30 ./Middlewares/Third_Party/FreeRTOS/Source/portable/GCC/ARM_CM7/r0p1/port.o
                0x0000000008007754                SysTick_Handler
 .text.vPortSetupTimerInterrupt
                0x0000000008007784       0x24 ./Middlewares/Third_Party/FreeRTOS/Source/portable/GCC/ARM_CM7/r0p1/port.o
                0x0000000008007784                vPortSetupTimerInterrupt
 .text.xPortStartScheduler
                0x00000000080077a8       0xcc ./Middlewares/Third_Party/FreeRTOS/Source/portable/GCC/ARM_CM7/r0p1/port.o
                0x00000000080077a8                xPortStartScheduler
 .text.vPortValidateInterruptPriority
                0x0000000008007874       0x64 ./Middlewares/Third_Party/FreeRTOS/Source/portable/GCC/ARM_CM7/r0p1/port.o
                0x0000000008007874                vPortValidateInterruptPriority
 .text.prvInsertBlockIntoFreeList
                0x00000000080078d8       0x4c ./Middlewares/Third_Party/FreeRTOS/Source/portable/MemMang/heap_4.o
 .text.pvPortMalloc
                0x0000000008007924      0x12c ./Middlewares/Third_Party/FreeRTOS/Source/portable/MemMang/heap_4.o
                0x0000000008007924                pvPortMalloc
 .text.vPortFree
                0x0000000008007a50       0x78 ./Middlewares/Third_Party/FreeRTOS/Source/portable/MemMang/heap_4.o
                0x0000000008007a50                vPortFree
 .text.tcpip_thread
                0x0000000008007ac8       0xd0 ./Middlewares/Third_Party/LwIP/src/api/tcpip.o
 .text.tcpip_inpkt
                0x0000000008007b98       0x58 ./Middlewares/Third_Party/LwIP/src/api/tcpip.o
                0x0000000008007b98                tcpip_inpkt
 .text.tcpip_input
                0x0000000008007bf0       0x1c ./Middlewares/Third_Party/LwIP/src/api/tcpip.o
                0x0000000008007bf0                tcpip_input
 .text.tcpip_try_callback
                0x0000000008007c0c       0x58 ./Middlewares/Third_Party/LwIP/src/api/tcpip.o
                0x0000000008007c0c                tcpip_try_callback
 .text.tcpip_init
                0x0000000008007c64       0x7c ./Middlewares/Third_Party/LwIP/src/api/tcpip.o
                0x0000000008007c64                tcpip_init
 .text.lwip_htons
                0x0000000008007ce0        0x6 ./Middlewares/Third_Party/LwIP/src/core/def.o
                0x0000000008007ce0                lwip_htons
 .text.lwip_htonl
                0x0000000008007ce6        0x4 ./Middlewares/Third_Party/LwIP/src/core/def.o
                0x0000000008007ce6                lwip_htonl
 .text.lwip_init
                0x0000000008007cea       0x22 ./Middlewares/Third_Party/LwIP/src/core/init.o
                0x0000000008007cea                lwip_init
 .text.mem_init
                0x0000000008007d0c       0x70 ./Middlewares/Third_Party/LwIP/src/core/mem.o
                0x0000000008007d0c                mem_init
 .text.mem_free
                0x0000000008007d7c      0x1bc ./Middlewares/Third_Party/LwIP/src/core/mem.o
                0x0000000008007d7c                mem_free
 .text.mem_trim
                0x0000000008007f38      0x178 ./Middlewares/Third_Party/LwIP/src/core/mem.o
                0x0000000008007f38                mem_trim
 .text.mem_malloc
                0x00000000080080b0      0x164 ./Middlewares/Third_Party/LwIP/src/core/mem.o
                0x00000000080080b0                mem_malloc
 .text.do_memp_malloc_pool
                0x0000000008008214       0x3c ./Middlewares/Third_Party/LwIP/src/core/memp.o
 .text.do_memp_free_pool
                0x0000000008008250       0x38 ./Middlewares/Third_Party/LwIP/src/core/memp.o
 .text.memp_init_pool
                0x0000000008008288       0x26 ./Middlewares/Third_Party/LwIP/src/core/memp.o
                0x0000000008008288                memp_init_pool
 *fill*         0x00000000080082ae        0x2 
 .text.memp_init
                0x00000000080082b0       0x1c ./Middlewares/Third_Party/LwIP/src/core/memp.o
                0x00000000080082b0                memp_init
 .text.memp_malloc_pool
                0x00000000080082cc       0x2c ./Middlewares/Third_Party/LwIP/src/core/memp.o
                0x00000000080082cc                memp_malloc_pool
 .text.memp_malloc
                0x00000000080082f8       0x38 ./Middlewares/Third_Party/LwIP/src/core/memp.o
                0x00000000080082f8                memp_malloc
 .text.memp_free_pool
                0x0000000008008330       0x28 ./Middlewares/Third_Party/LwIP/src/core/memp.o
                0x0000000008008330                memp_free_pool
 .text.memp_free
                0x0000000008008358       0x30 ./Middlewares/Third_Party/LwIP/src/core/memp.o
                0x0000000008008358                memp_free
 .text.netif_null_output_ip4
                0x0000000008008388        0x6 ./Middlewares/Third_Party/LwIP/src/core/netif.o
 *fill*         0x000000000800838e        0x2 
 .text.netif_issue_reports
                0x0000000008008390       0x44 ./Middlewares/Third_Party/LwIP/src/core/netif.o
 .text.netif_do_set_ipaddr.isra.0
                0x00000000080083d4       0x50 ./Middlewares/Third_Party/LwIP/src/core/netif.o
 .text.netif_init
                0x0000000008008424        0x2 ./Middlewares/Third_Party/LwIP/src/core/netif.o
                0x0000000008008424                netif_init
 *fill*         0x0000000008008426        0x2 
 .text.netif_set_addr
                0x0000000008008428       0x58 ./Middlewares/Third_Party/LwIP/src/core/netif.o
                0x0000000008008428                netif_set_addr
 .text.netif_add
                0x0000000008008480      0x12c ./Middlewares/Third_Party/LwIP/src/core/netif.o
                0x0000000008008480                netif_add
 .text.netif_set_default
                0x00000000080085ac        0xc ./Middlewares/Third_Party/LwIP/src/core/netif.o
                0x00000000080085ac                netif_set_default
 .text.netif_set_up
                0x00000000080085b8       0x34 ./Middlewares/Third_Party/LwIP/src/core/netif.o
                0x00000000080085b8                netif_set_up
 .text.netif_set_down
                0x00000000080085ec       0x38 ./Middlewares/Third_Party/LwIP/src/core/netif.o
                0x00000000080085ec                netif_set_down
 .text.netif_set_link_up
                0x0000000008008624       0x48 ./Middlewares/Third_Party/LwIP/src/core/netif.o
                0x0000000008008624                netif_set_link_up
 .text.netif_set_link_down
                0x000000000800866c       0x34 ./Middlewares/Third_Party/LwIP/src/core/netif.o
                0x000000000800866c                netif_set_link_down
 .text.netif_set_link_callback
                0x00000000080086a0        0x6 ./Middlewares/Third_Party/LwIP/src/core/netif.o
                0x00000000080086a0                netif_set_link_callback
 *fill*         0x00000000080086a6        0x2 
 .text.netif_get_by_index
                0x00000000080086a8       0x20 ./Middlewares/Third_Party/LwIP/src/core/netif.o
                0x00000000080086a8                netif_get_by_index
 .text.pbuf_free_ooseq_callback
                0x00000000080086c8       0x30 ./Middlewares/Third_Party/LwIP/src/core/pbuf.o
 .text.pbuf_add_header_impl
                0x00000000080086f8       0x64 ./Middlewares/Third_Party/LwIP/src/core/pbuf.o
 .text.pbuf_alloc_reference
                0x000000000800875c       0x48 ./Middlewares/Third_Party/LwIP/src/core/pbuf.o
                0x000000000800875c                pbuf_alloc_reference
 .text.pbuf_alloced_custom
                0x00000000080087a4       0x34 ./Middlewares/Third_Party/LwIP/src/core/pbuf.o
                0x00000000080087a4                pbuf_alloced_custom
 .text.pbuf_add_header
                0x00000000080087d8        0x6 ./Middlewares/Third_Party/LwIP/src/core/pbuf.o
                0x00000000080087d8                pbuf_add_header
 *fill*         0x00000000080087de        0x2 
 .text.pbuf_remove_header
                0x00000000080087e0       0x58 ./Middlewares/Third_Party/LwIP/src/core/pbuf.o
                0x00000000080087e0                pbuf_remove_header
 .text.pbuf_header_force
                0x0000000008008838       0x10 ./Middlewares/Third_Party/LwIP/src/core/pbuf.o
                0x0000000008008838                pbuf_header_force
 .text.pbuf_free
                0x0000000008008848       0xd0 ./Middlewares/Third_Party/LwIP/src/core/pbuf.o
                0x0000000008008848                pbuf_free
 .text.pbuf_alloc
                0x0000000008008918      0x124 ./Middlewares/Third_Party/LwIP/src/core/pbuf.o
                0x0000000008008918                pbuf_alloc
 .text.pbuf_realloc
                0x0000000008008a3c       0xb0 ./Middlewares/Third_Party/LwIP/src/core/pbuf.o
                0x0000000008008a3c                pbuf_realloc
 .text.pbuf_clen
                0x0000000008008aec       0x10 ./Middlewares/Third_Party/LwIP/src/core/pbuf.o
                0x0000000008008aec                pbuf_clen
 .text.pbuf_ref
                0x0000000008008afc       0x38 ./Middlewares/Third_Party/LwIP/src/core/pbuf.o
                0x0000000008008afc                pbuf_ref
 .text.pbuf_cat
                0x0000000008008b34       0x74 ./Middlewares/Third_Party/LwIP/src/core/pbuf.o
                0x0000000008008b34                pbuf_cat
 .text.pbuf_copy
                0x0000000008008ba8      0x104 ./Middlewares/Third_Party/LwIP/src/core/pbuf.o
                0x0000000008008ba8                pbuf_copy
 .text.pbuf_copy_partial
                0x0000000008008cac       0x8c ./Middlewares/Third_Party/LwIP/src/core/pbuf.o
                0x0000000008008cac                pbuf_copy_partial
 .text.pbuf_clone
                0x0000000008008d38       0x38 ./Middlewares/Third_Party/LwIP/src/core/pbuf.o
                0x0000000008008d38                pbuf_clone
 .text.tcp_close_shutdown_fin
                0x0000000008008d70       0x60 ./Middlewares/Third_Party/LwIP/src/core/tcp.o
 .text.tcp_init
                0x0000000008008dd0       0x18 ./Middlewares/Third_Party/LwIP/src/core/tcp.o
                0x0000000008008dd0                tcp_init
 .text.tcp_free
                0x0000000008008de8       0x30 ./Middlewares/Third_Party/LwIP/src/core/tcp.o
                0x0000000008008de8                tcp_free
 .text.tcp_update_rcv_ann_wnd
                0x0000000008008e18       0x6c ./Middlewares/Third_Party/LwIP/src/core/tcp.o
                0x0000000008008e18                tcp_update_rcv_ann_wnd
 .text.tcp_recved
                0x0000000008008e84       0x7c ./Middlewares/Third_Party/LwIP/src/core/tcp.o
                0x0000000008008e84                tcp_recved
 .text.tcp_seg_free
                0x0000000008008f00       0x1c ./Middlewares/Third_Party/LwIP/src/core/tcp.o
                0x0000000008008f00                tcp_seg_free
 .text.tcp_segs_free
                0x0000000008008f1c       0x10 ./Middlewares/Third_Party/LwIP/src/core/tcp.o
                0x0000000008008f1c                tcp_segs_free
 .text.tcp_seg_copy
                0x0000000008008f2c       0x48 ./Middlewares/Third_Party/LwIP/src/core/tcp.o
                0x0000000008008f2c                tcp_seg_copy
 .text.tcp_next_iss
                0x0000000008008f74       0x34 ./Middlewares/Third_Party/LwIP/src/core/tcp.o
                0x0000000008008f74                tcp_next_iss
 .text.tcp_eff_send_mss_netif
                0x0000000008008fa8       0x3c ./Middlewares/Third_Party/LwIP/src/core/tcp.o
                0x0000000008008fa8                tcp_eff_send_mss_netif
 .text.tcp_free_ooseq
                0x0000000008008fe4       0x12 ./Middlewares/Third_Party/LwIP/src/core/tcp.o
                0x0000000008008fe4                tcp_free_ooseq
 *fill*         0x0000000008008ff6        0x2 
 .text.tcp_pcb_purge
                0x0000000008008ff8       0x64 ./Middlewares/Third_Party/LwIP/src/core/tcp.o
                0x0000000008008ff8                tcp_pcb_purge
 .text.tcp_pcb_remove
                0x000000000800905c       0xcc ./Middlewares/Third_Party/LwIP/src/core/tcp.o
                0x000000000800905c                tcp_pcb_remove
 .text.tcp_abandon
                0x0000000008009128      0x104 ./Middlewares/Third_Party/LwIP/src/core/tcp.o
                0x0000000008009128                tcp_abandon
 .text.tcp_abort
                0x000000000800922c        0x6 ./Middlewares/Third_Party/LwIP/src/core/tcp.o
                0x000000000800922c                tcp_abort
 *fill*         0x0000000008009232        0x2 
 .text.tcp_netif_ip_addr_changed_pcblist
                0x0000000008009234       0x3c ./Middlewares/Third_Party/LwIP/src/core/tcp.o
 .text.tcp_netif_ip_addr_changed
                0x0000000008009270       0x48 ./Middlewares/Third_Party/LwIP/src/core/tcp.o
                0x0000000008009270                tcp_netif_ip_addr_changed
 .text.tcp_kill_state
                0x00000000080092b8       0x3c ./Middlewares/Third_Party/LwIP/src/core/tcp.o
 .text.tcp_alloc
                0x00000000080092f4      0x134 ./Middlewares/Third_Party/LwIP/src/core/tcp.o
                0x00000000080092f4                tcp_alloc
 .text.tcp_close_shutdown
                0x0000000008009428      0x164 ./Middlewares/Third_Party/LwIP/src/core/tcp.o
 .text.tcp_close
                0x000000000800958c       0x3c ./Middlewares/Third_Party/LwIP/src/core/tcp.o
                0x000000000800958c                tcp_close
 .text.tcp_recv_null
                0x00000000080095c8       0x48 ./Middlewares/Third_Party/LwIP/src/core/tcp.o
                0x00000000080095c8                tcp_recv_null
 .text.tcp_process_refused_data
                0x0000000008009610       0x88 ./Middlewares/Third_Party/LwIP/src/core/tcp.o
                0x0000000008009610                tcp_process_refused_data
 .text.tcp_fasttmr
                0x0000000008009698       0x80 ./Middlewares/Third_Party/LwIP/src/core/tcp.o
                0x0000000008009698                tcp_fasttmr
 .text.tcp_slowtmr
                0x0000000008009718      0x434 ./Middlewares/Third_Party/LwIP/src/core/tcp.o
                0x0000000008009718                tcp_slowtmr
 .text.tcp_tmr  0x0000000008009b4c       0x24 ./Middlewares/Third_Party/LwIP/src/core/tcp.o
                0x0000000008009b4c                tcp_tmr
 .text.tcp_get_next_optbyte
                0x0000000008009b70       0x38 ./Middlewares/Third_Party/LwIP/src/core/tcp_in.o
 .text.tcp_oos_insert_segment
                0x0000000008009ba8       0x94 ./Middlewares/Third_Party/LwIP/src/core/tcp_in.o
 .text.tcp_parseopt
                0x0000000008009c3c       0x90 ./Middlewares/Third_Party/LwIP/src/core/tcp_in.o
 .text.tcp_input_delayed_close
                0x0000000008009ccc       0x58 ./Middlewares/Third_Party/LwIP/src/core/tcp_in.o
 .text.tcp_free_acked_segments.constprop.0
                0x0000000008009d24       0xc4 ./Middlewares/Third_Party/LwIP/src/core/tcp_in.o
 .text.tcp_receive
                0x0000000008009de8      0x85c ./Middlewares/Third_Party/LwIP/src/core/tcp_in.o
 .text.tcp_input
                0x000000000800a644      0xafc ./Middlewares/Third_Party/LwIP/src/core/tcp_in.o
                0x000000000800a644                tcp_input
 .text.tcp_trigger_input_pcb_close
                0x000000000800b140       0x10 ./Middlewares/Third_Party/LwIP/src/core/tcp_in.o
                0x000000000800b140                tcp_trigger_input_pcb_close
 .text.tcp_output_segment_busy
                0x000000000800b150       0x2c ./Middlewares/Third_Party/LwIP/src/core/tcp_out.o
 .text.tcp_create_segment
                0x000000000800b17c       0xe4 ./Middlewares/Third_Party/LwIP/src/core/tcp_out.o
 .text.tcp_output_alloc_header_common.constprop.0
                0x000000000800b260       0x84 ./Middlewares/Third_Party/LwIP/src/core/tcp_out.o
 .text.tcp_output_alloc_header.constprop.0
                0x000000000800b2e4       0x4c ./Middlewares/Third_Party/LwIP/src/core/tcp_out.o
 .text.tcp_output_fill_options.constprop.0
                0x000000000800b330       0x20 ./Middlewares/Third_Party/LwIP/src/core/tcp_out.o
 .text.tcp_output_control_segment
                0x000000000800b350       0x70 ./Middlewares/Third_Party/LwIP/src/core/tcp_out.o
 .text.tcp_split_unsent_seg
                0x000000000800b3c0      0x198 ./Middlewares/Third_Party/LwIP/src/core/tcp_out.o
                0x000000000800b3c0                tcp_split_unsent_seg
 .text.tcp_enqueue_flags
                0x000000000800b558      0x128 ./Middlewares/Third_Party/LwIP/src/core/tcp_out.o
                0x000000000800b558                tcp_enqueue_flags
 .text.tcp_send_fin
                0x000000000800b680       0x60 ./Middlewares/Third_Party/LwIP/src/core/tcp_out.o
                0x000000000800b680                tcp_send_fin
 .text.tcp_rexmit_rto_prepare
                0x000000000800b6e0       0x88 ./Middlewares/Third_Party/LwIP/src/core/tcp_out.o
                0x000000000800b6e0                tcp_rexmit_rto_prepare
 .text.tcp_rexmit
                0x000000000800b768       0x80 ./Middlewares/Third_Party/LwIP/src/core/tcp_out.o
                0x000000000800b768                tcp_rexmit
 .text.tcp_rexmit_fast
                0x000000000800b7e8       0x68 ./Middlewares/Third_Party/LwIP/src/core/tcp_out.o
                0x000000000800b7e8                tcp_rexmit_fast
 .text.tcp_rst  0x000000000800b850       0x8c ./Middlewares/Third_Party/LwIP/src/core/tcp_out.o
                0x000000000800b850                tcp_rst
 .text.tcp_send_empty_ack
                0x000000000800b8dc       0x64 ./Middlewares/Third_Party/LwIP/src/core/tcp_out.o
                0x000000000800b8dc                tcp_send_empty_ack
 .text.tcp_output
                0x000000000800b940      0x354 ./Middlewares/Third_Party/LwIP/src/core/tcp_out.o
                0x000000000800b940                tcp_output
 .text.tcp_rexmit_rto_commit
                0x000000000800bc94       0x38 ./Middlewares/Third_Party/LwIP/src/core/tcp_out.o
                0x000000000800bc94                tcp_rexmit_rto_commit
 .text.tcp_rexmit_rto
                0x000000000800bccc       0x34 ./Middlewares/Third_Party/LwIP/src/core/tcp_out.o
                0x000000000800bccc                tcp_rexmit_rto
 .text.tcp_keepalive
                0x000000000800bd00       0x50 ./Middlewares/Third_Party/LwIP/src/core/tcp_out.o
                0x000000000800bd00                tcp_keepalive
 .text.tcp_zero_window_probe
                0x000000000800bd50       0xc8 ./Middlewares/Third_Party/LwIP/src/core/tcp_out.o
                0x000000000800bd50                tcp_zero_window_probe
 .text.sys_timeout_abs
                0x000000000800be18       0x64 ./Middlewares/Third_Party/LwIP/src/core/timeouts.o
 .text.lwip_cyclic_timer
                0x000000000800be7c       0x34 ./Middlewares/Third_Party/LwIP/src/core/timeouts.o
 .text.sys_timeout
                0x000000000800beb0       0x3c ./Middlewares/Third_Party/LwIP/src/core/timeouts.o
                0x000000000800beb0                sys_timeout
 .text.tcp_timer_needed
                0x000000000800beec       0x34 ./Middlewares/Third_Party/LwIP/src/core/timeouts.o
                0x000000000800beec                tcp_timer_needed
 .text.tcpip_tcp_timer
                0x000000000800bf20       0x38 ./Middlewares/Third_Party/LwIP/src/core/timeouts.o
 .text.sys_timeouts_init
                0x000000000800bf58       0x2c ./Middlewares/Third_Party/LwIP/src/core/timeouts.o
                0x000000000800bf58                sys_timeouts_init
 .text.sys_check_timeouts
                0x000000000800bf84       0x44 ./Middlewares/Third_Party/LwIP/src/core/timeouts.o
                0x000000000800bf84                sys_check_timeouts
 .text.sys_timeouts_sleeptime
                0x000000000800bfc8       0x24 ./Middlewares/Third_Party/LwIP/src/core/timeouts.o
                0x000000000800bfc8                sys_timeouts_sleeptime
 .text.udp_init
                0x000000000800bfec       0x18 ./Middlewares/Third_Party/LwIP/src/core/udp.o
                0x000000000800bfec                udp_init
 .text.udp_input
                0x000000000800c004      0x1b0 ./Middlewares/Third_Party/LwIP/src/core/udp.o
                0x000000000800c004                udp_input
 .text.udp_netif_ip_addr_changed
                0x000000000800c1b4       0x2c ./Middlewares/Third_Party/LwIP/src/core/udp.o
                0x000000000800c1b4                udp_netif_ip_addr_changed
 .text.etharp_free_entry
                0x000000000800c1e0       0x28 ./Middlewares/Third_Party/LwIP/src/core/ipv4/etharp.o
 .text.etharp_find_entry
                0x000000000800c208      0x128 ./Middlewares/Third_Party/LwIP/src/core/ipv4/etharp.o
 .text.etharp_raw
                0x000000000800c330       0xdc ./Middlewares/Third_Party/LwIP/src/core/ipv4/etharp.o
 .text.etharp_cleanup_netif
                0x000000000800c40c       0x28 ./Middlewares/Third_Party/LwIP/src/core/ipv4/etharp.o
                0x000000000800c40c                etharp_cleanup_netif
 .text.etharp_input
                0x000000000800c434      0x144 ./Middlewares/Third_Party/LwIP/src/core/ipv4/etharp.o
                0x000000000800c434                etharp_input
 .text.etharp_request
                0x000000000800c578       0x2c ./Middlewares/Third_Party/LwIP/src/core/ipv4/etharp.o
                0x000000000800c578                etharp_request
 .text.etharp_tmr
                0x000000000800c5a4       0x54 ./Middlewares/Third_Party/LwIP/src/core/ipv4/etharp.o
                0x000000000800c5a4                etharp_tmr
 .text.etharp_output_to_arp_index
                0x000000000800c5f8       0xac ./Middlewares/Third_Party/LwIP/src/core/ipv4/etharp.o
 .text.etharp_query
                0x000000000800c6a4      0x134 ./Middlewares/Third_Party/LwIP/src/core/ipv4/etharp.o
                0x000000000800c6a4                etharp_query
 .text.etharp_output
                0x000000000800c7d8      0x13c ./Middlewares/Third_Party/LwIP/src/core/ipv4/etharp.o
                0x000000000800c7d8                etharp_output
 .text.icmp_send_response
                0x000000000800c914       0x90 ./Middlewares/Third_Party/LwIP/src/core/ipv4/icmp.o
 .text.icmp_input
                0x000000000800c9a4      0x12c ./Middlewares/Third_Party/LwIP/src/core/ipv4/icmp.o
                0x000000000800c9a4                icmp_input
 .text.icmp_dest_unreach
                0x000000000800cad0        0x8 ./Middlewares/Third_Party/LwIP/src/core/ipv4/icmp.o
                0x000000000800cad0                icmp_dest_unreach
 .text.icmp_time_exceeded
                0x000000000800cad8        0x8 ./Middlewares/Third_Party/LwIP/src/core/ipv4/icmp.o
                0x000000000800cad8                icmp_time_exceeded
 .text.ip4_input_accept
                0x000000000800cae0       0x34 ./Middlewares/Third_Party/LwIP/src/core/ipv4/ip4.o
 .text.ip4_route
                0x000000000800cb14       0x5c ./Middlewares/Third_Party/LwIP/src/core/ipv4/ip4.o
                0x000000000800cb14                ip4_route
 .text.ip4_input
                0x000000000800cb70      0x168 ./Middlewares/Third_Party/LwIP/src/core/ipv4/ip4.o
                0x000000000800cb70                ip4_input
 .text.ip4_output_if_src
                0x000000000800ccd8       0xf8 ./Middlewares/Third_Party/LwIP/src/core/ipv4/ip4.o
                0x000000000800ccd8                ip4_output_if_src
 .text.ip4_output_if
                0x000000000800cdd0       0x22 ./Middlewares/Third_Party/LwIP/src/core/ipv4/ip4.o
                0x000000000800cdd0                ip4_output_if
 .text.ip4_addr_isbroadcast_u32
                0x000000000800cdf2       0x36 ./Middlewares/Third_Party/LwIP/src/core/ipv4/ip4_addr.o
                0x000000000800cdf2                ip4_addr_isbroadcast_u32
 .text.ip_reass_dequeue_datagram
                0x000000000800ce28       0x44 ./Middlewares/Third_Party/LwIP/src/core/ipv4/ip4_frag.o
 .text.ip_reass_free_complete_datagram
                0x000000000800ce6c       0xe8 ./Middlewares/Third_Party/LwIP/src/core/ipv4/ip4_frag.o
 .text.ip_reass_remove_oldest_datagram
                0x000000000800cf54       0x78 ./Middlewares/Third_Party/LwIP/src/core/ipv4/ip4_frag.o
 .text.ip_frag_free_pbuf_custom_ref
                0x000000000800cfcc       0x2c ./Middlewares/Third_Party/LwIP/src/core/ipv4/ip4_frag.o
 .text.ipfrag_free_pbuf_custom
                0x000000000800cff8       0x34 ./Middlewares/Third_Party/LwIP/src/core/ipv4/ip4_frag.o
 .text.ip_reass_tmr
                0x000000000800d02c       0x2c ./Middlewares/Third_Party/LwIP/src/core/ipv4/ip4_frag.o
                0x000000000800d02c                ip_reass_tmr
 .text.ip4_reass
                0x000000000800d058      0x3b0 ./Middlewares/Third_Party/LwIP/src/core/ipv4/ip4_frag.o
                0x000000000800d058                ip4_reass
 .text.ip4_frag
                0x000000000800d408      0x1d8 ./Middlewares/Third_Party/LwIP/src/core/ipv4/ip4_frag.o
                0x000000000800d408                ip4_frag
 .text.ethernet_input
                0x000000000800d5e0       0xa0 ./Middlewares/Third_Party/LwIP/src/netif/ethernet.o
                0x000000000800d5e0                ethernet_input
 .text.ethernet_output
                0x000000000800d680       0x70 ./Middlewares/Third_Party/LwIP/src/netif/ethernet.o
                0x000000000800d680                ethernet_output
 .text.sys_mbox_new
                0x000000000800d6f0       0x24 ./Middlewares/Third_Party/LwIP/system/OS/sys_arch.o
                0x000000000800d6f0                sys_mbox_new
 .text.sys_mbox_trypost
                0x000000000800d714       0x14 ./Middlewares/Third_Party/LwIP/system/OS/sys_arch.o
                0x000000000800d714                sys_mbox_trypost
 .text.sys_arch_mbox_fetch
                0x000000000800d728       0x44 ./Middlewares/Third_Party/LwIP/system/OS/sys_arch.o
                0x000000000800d728                sys_arch_mbox_fetch
 .text.sys_mbox_valid
                0x000000000800d76c        0xa ./Middlewares/Third_Party/LwIP/system/OS/sys_arch.o
                0x000000000800d76c                sys_mbox_valid
 *fill*         0x000000000800d776        0x2 
 .text.sys_init
                0x000000000800d778       0x18 ./Middlewares/Third_Party/LwIP/system/OS/sys_arch.o
                0x000000000800d778                sys_init
 .text.sys_mutex_new
                0x000000000800d790       0x1e ./Middlewares/Third_Party/LwIP/system/OS/sys_arch.o
                0x000000000800d790                sys_mutex_new
 .text.sys_mutex_lock
                0x000000000800d7ae        0xa ./Middlewares/Third_Party/LwIP/system/OS/sys_arch.o
                0x000000000800d7ae                sys_mutex_lock
 .text.sys_mutex_unlock
                0x000000000800d7b8        0x6 ./Middlewares/Third_Party/LwIP/system/OS/sys_arch.o
                0x000000000800d7b8                sys_mutex_unlock
 .text.sys_thread_new