../Drivers/STM32F7xx_HAL_Driver/Src/stm32f7xx_hal_dac.c:375:13:HAL_DAC_MspInit	0	static
../Drivers/STM32F7xx_HAL_Driver/Src/stm32f7xx_hal_dac.c:269:19:HAL_DAC_Init	8	static
../Drivers/STM32F7xx_HAL_Driver/Src/stm32f7xx_hal_dac.c:391:13:HAL_DAC_MspDeInit	0	static
../Drivers/STM32F7xx_HAL_Driver/Src/stm32f7xx_hal_dac.c:330:19:HAL_DAC_DeInit	8	static
../Drivers/STM32F7xx_HAL_Driver/Src/stm32f7xx_hal_dac.c:433:19:HAL_DAC_Start	12	static
../Drivers/STM32F7xx_HAL_Driver/Src/stm32f7xx_hal_dac.c:494:19:HAL_DAC_Stop	8	static
../Drivers/STM32F7xx_HAL_Driver/Src/stm32f7xx_hal_dac.c:532:19:HAL_DAC_Start_DMA	24	static
../Drivers/STM32F7xx_HAL_Driver/Src/stm32f7xx_hal_dac.c:664:19:HAL_DAC_Stop_DMA	16	static
../Drivers/STM32F7xx_HAL_Driver/Src/stm32f7xx_hal_dac.c:794:19:HAL_DAC_SetValue	16	static
../Drivers/STM32F7xx_HAL_Driver/Src/stm32f7xx_hal_dac.c:834:13:HAL_DAC_ConvCpltCallbackCh1	0	static
../Drivers/STM32F7xx_HAL_Driver/Src/stm32f7xx_hal_dac.c:1317:6:DAC_DMAConvCpltCh1	8	static
../Drivers/STM32F7xx_HAL_Driver/Src/stm32f7xx_hal_dac.c:850:13:HAL_DAC_ConvHalfCpltCallbackCh1	0	static
../Drivers/STM32F7xx_HAL_Driver/Src/stm32f7xx_hal_dac.c:1336:6:DAC_DMAHalfConvCpltCh1	8	static
../Drivers/STM32F7xx_HAL_Driver/Src/stm32f7xx_hal_dac.c:866:13:HAL_DAC_ErrorCallbackCh1	0	static
../Drivers/STM32F7xx_HAL_Driver/Src/stm32f7xx_hal_dac.c:1353:6:DAC_DMAErrorCh1	8	static
../Drivers/STM32F7xx_HAL_Driver/Src/stm32f7xx_hal_dac.c:882:13:HAL_DAC_DMAUnderrunCallbackCh1	0	static
../Drivers/STM32F7xx_HAL_Driver/Src/stm32f7xx_hal_dac.c:718:6:HAL_DAC_IRQHandler	16	static
../Drivers/STM32F7xx_HAL_Driver/Src/stm32f7xx_hal_dac.c:921:10:HAL_DAC_GetValue	0	static
../Drivers/STM32F7xx_HAL_Driver/Src/stm32f7xx_hal_dac.c:956:19:HAL_DAC_ConfigChannel	12	static
../Drivers/STM32F7xx_HAL_Driver/Src/stm32f7xx_hal_dac.c:1032:22:HAL_DAC_GetState	0	static
../Drivers/STM32F7xx_HAL_Driver/Src/stm32f7xx_hal_dac.c:1045:10:HAL_DAC_GetError	0	static
